Component: ARM Compiler 6.7 Tool: armlink [5c9ef700]

==============================================================================

Section Cross References

    startup_stm32f427xx.o(STACK) refers (Special) to heapauxi.o(.text) for __use_two_region_memory
    startup_stm32f427xx.o(HEAP) refers (Special) to heapauxi.o(.text) for __use_two_region_memory
    startup_stm32f427xx.o(RESET) refers (Special) to heapauxi.o(.text) for __use_two_region_memory
    startup_stm32f427xx.o(RESET) refers to startup_stm32f427xx.o(STACK) for __initial_sp
    startup_stm32f427xx.o(RESET) refers to startup_stm32f427xx.o(.text) for Reset_Handler
    startup_stm32f427xx.o(RESET) refers to stm32f4xx_it.o(.text.NMI_Handler) for NMI_Handler
    startup_stm32f427xx.o(RESET) refers to stm32f4xx_it.o(.text.HardFault_Handler) for HardFault_Handler
    startup_stm32f427xx.o(RESET) refers to stm32f4xx_it.o(.text.MemManage_Handler) for MemManage_Handler
    startup_stm32f427xx.o(RESET) refers to stm32f4xx_it.o(.text.BusFault_Handler) for BusFault_Handler
    startup_stm32f427xx.o(RESET) refers to stm32f4xx_it.o(.text.UsageFault_Handler) for UsageFault_Handler
    startup_stm32f427xx.o(RESET) refers to stm32f4xx_it.o(.text.SVC_Handler) for SVC_Handler
    startup_stm32f427xx.o(RESET) refers to stm32f4xx_it.o(.text.DebugMon_Handler) for DebugMon_Handler
    startup_stm32f427xx.o(RESET) refers to stm32f4xx_it.o(.text.PendSV_Handler) for PendSV_Handler
    startup_stm32f427xx.o(RESET) refers to stm32f4xx_it.o(.text.SysTick_Handler) for SysTick_Handler
    startup_stm32f427xx.o(RESET) refers to stm32f4xx_it.o(.text.CAN1_RX0_IRQHandler) for CAN1_RX0_IRQHandler
    startup_stm32f427xx.o(RESET) refers to stm32f4xx_it.o(.text.TIM8_UP_TIM13_IRQHandler) for TIM8_UP_TIM13_IRQHandler
    startup_stm32f427xx.o(RESET) refers to stm32f4xx_it.o(.text.CAN2_RX0_IRQHandler) for CAN2_RX0_IRQHandler
    startup_stm32f427xx.o(.text) refers (Special) to heapauxi.o(.text) for __use_two_region_memory
    startup_stm32f427xx.o(.text) refers to system_stm32f4xx.o(.text.SystemInit) for SystemInit
    startup_stm32f427xx.o(.text) refers to __main.o(!!!main) for __main
    startup_stm32f427xx.o(.text) refers to startup_stm32f427xx.o(HEAP) for Heap_Mem
    startup_stm32f427xx.o(.text) refers to startup_stm32f427xx.o(STACK) for Stack_Mem
    maincpp.o(.text.__cxx_global_var_init) refers to maincpp.o(.bss.motor) for motor
    maincpp.o(.text.__cxx_global_var_init) refers to maincpp.o(.text._ZN5Motor7Motor_tC2Ev) for Motor::Motor_t::Motor_t__sub_object()
    maincpp.o(.ARM.exidx.text.__cxx_global_var_init) refers to Unwind-EHABI.cpp.o(.text.__aeabi_unwind_cpp_pr0) for __aeabi_unwind_cpp_pr0
    maincpp.o(.ARM.exidx.text.__cxx_global_var_init) refers to maincpp.o(.text.__cxx_global_var_init) for [Anonymous Symbol]
    maincpp.o(.text.main_cpp) refers to maincpp.o(.text._Z16Configure_Filterv) for Configure_Filter()
    maincpp.o(.text.main_cpp) refers to maincpp.o(.bss.motor) for motor
    maincpp.o(.text.main_cpp) refers to main.o(.bss.hcan1) for hcan1
    maincpp.o(.text.main_cpp) refers to maincpp.o(.bss.common_buffer) for common_buffer
    maincpp.o(.text.main_cpp) refers to maincpp.o(.text._ZN5Motor16MotorInterface_t8bind_pinEhP17CAN_HandleTypeDefPhb) for Motor::MotorInterface_t::bind_pin(unsigned char, CAN_HandleTypeDef*, unsigned char*, bool)
    maincpp.o(.text.main_cpp) refers to maincpp.o(.rodata.str1.1) for .L.str
    maincpp.o(.text.main_cpp) refers to maincpp.o(.text._Z13Serial_PrintfPcz) for Serial_Printf(char*, ...)
    maincpp.o(.text.main_cpp) refers to motor.o(.text._ZN5Motor7Motor_t10set_targetEf) for Motor::Motor_t::set_target(float)
    maincpp.o(.text.main_cpp) refers to motor.o(.text._ZN5Motor7Motor_t13ControlUpdateEv) for Motor::Motor_t::ControlUpdate()
    maincpp.o(.text.main_cpp) refers to stm32f4xx_hal.o(.text.HAL_Delay) for HAL_Delay
    maincpp.o(.ARM.exidx.text.main_cpp) refers to Unwind-EHABI.cpp.o(.text.__aeabi_unwind_cpp_pr0) for __aeabi_unwind_cpp_pr0
    maincpp.o(.ARM.exidx.text.main_cpp) refers to maincpp.o(.text.main_cpp) for [Anonymous Symbol]
    maincpp.o(.text._Z16Configure_Filterv) refers to main.o(.bss.hcan1) for hcan1
    maincpp.o(.text._Z16Configure_Filterv) refers to stm32f4xx_hal_can.o(.text.HAL_CAN_ConfigFilter) for HAL_CAN_ConfigFilter
    maincpp.o(.text._Z16Configure_Filterv) refers to main.o(.text.Error_Handler) for Error_Handler
    maincpp.o(.text._Z16Configure_Filterv) refers to stm32f4xx_hal_can.o(.text.HAL_CAN_Start) for HAL_CAN_Start
    maincpp.o(.text._Z16Configure_Filterv) refers to stm32f4xx_hal_can.o(.text.HAL_CAN_ActivateNotification) for HAL_CAN_ActivateNotification
    maincpp.o(.ARM.exidx.text._Z16Configure_Filterv) refers to Unwind-EHABI.cpp.o(.text.__aeabi_unwind_cpp_pr0) for __aeabi_unwind_cpp_pr0
    maincpp.o(.ARM.exidx.text._Z16Configure_Filterv) refers to maincpp.o(.text._Z16Configure_Filterv) for [Anonymous Symbol]
[...]
    [Anonymous Symbol]                       0x08004e70   Section        0  stm32f4xx_hal_cortex.o(.text.__NVIC_SetPriorityGrouping)
    __NVIC_SetPriorityGrouping               0x08004e71   Thumb Code    64  stm32f4xx_hal_cortex.o(.text.__NVIC_SetPriorityGrouping)
    [Anonymous Symbol]                       0x08004eb0   Section        0  maincpp.o(.text.__cxx_global_var_init)
    __cxx_global_var_init                    0x08004eb1   Thumb Code    16  maincpp.o(.text.__cxx_global_var_init)
    [Anonymous Symbol]                       0x08004ec0   Section        0  main.o(.text.main)
    [Anonymous Symbol]                       0x08004eec   Section        0  maincpp.o(.text.main_cpp)
    CL$$btod_d2e                             0x08004f50   Section       62  btod.o(CL$$btod_d2e)
    CL$$btod_d2e_denorm_low                  0x08004f8e   Section       70  btod.o(CL$$btod_d2e_denorm_low)
    CL$$btod_d2e_norm_op1                    0x08004fd4   Section       96  btod.o(CL$$btod_d2e_norm_op1)
    CL$$btod_div_common                      0x08005034   Section      824  btod.o(CL$$btod_div_common)
    CL$$btod_e2e                             0x0800536c   Section      220  btod.o(CL$$btod_e2e)
    CL$$btod_ediv                            0x08005448   Section       42  btod.o(CL$$btod_ediv)
    CL$$btod_emul                            0x08005472   Section       42  btod.o(CL$$btod_emul)
    CL$$btod_mult_common                     0x0800549c   Section      580  btod.o(CL$$btod_mult_common)
    i.__ARM_fpclassify                       0x080056e0   Section        0  fpclassify.o(i.__ARM_fpclassify)
    i._is_digit                              0x08005710   Section        0  __printf_wp.o(i._is_digit)
    locale$$code                             0x08005720   Section       44  lc_numeric_c.o(locale$$code)
    locale$$code                             0x0800574c   Section       44  lc_ctype_c.o(locale$$code)
    x$fpl$fpinit                             0x08005778   Section       10  fpinit.o(x$fpl$fpinit)
    $v0                                      0x08005778   Number         0  fpinit.o(x$fpl$fpinit)
    x$fpl$printf1                            0x08005782   Section        4  printf1.o(x$fpl$printf1)
    $v0                                      0x08005782   Number         0  printf1.o(x$fpl$printf1)
    x$fpl$printf2                            0x08005786   Section        4  printf2.o(x$fpl$printf2)
    $v0                                      0x08005786   Number         0  printf2.o(x$fpl$printf2)
    x$fpl$usenofp                            0x0800578a   Section        0  usenofp.o(x$fpl$usenofp)
    .constdata                               0x0800578c   Section        8  _printf_wctomb.o(.constdata)
    initial_mbstate                          0x0800578c   Data           8  _printf_wctomb.o(.constdata)
    .constdata                               0x08005794   Section       40  _printf_hex_int_ll_ptr.o(.constdata)
    uc_hextab                                0x08005794   Data          20  _printf_hex_int_ll_ptr.o(.constdata)
    lc_hextab                                0x080057a8   Data          20  _printf_hex_int_ll_ptr.o(.constdata)
    .constdata                               0x080057bc   Section       17  __printf_flags_ss_wp.o(.constdata)
    maptable                                 0x080057bc   Data          17  __printf_flags_ss_wp.o(.constdata)
    .constdata                               0x080057cd   Section       38  _printf_fp_hex.o(.constdata)
    lc_hextab                                0x080057cd   Data          19  _printf_fp_hex.o(.constdata)
    uc_hextab                                0x080057e0   Data          19  _printf_fp_hex.o(.constdata)
    .constdata                               0x080057f4   Section      148  bigflt0.o(.constdata)
    tenpwrs_x                                0x080057f4   Data          60  bigflt0.o(.constdata)
    tenpwrs_i                                0x08005830   Data          64  bigflt0.o(.constdata)
    [Anonymous Symbol]                       0x080058a0   Section        0  maincpp.o(.rodata.str1.1)
    .L.str                                   0x080058a0   Data           4  maincpp.o(.rodata.str1.1)
    locale$$data                             0x080058c4   Section       28  lc_numeric_c.o(locale$$data)
    __lcnum_c_name                           0x080058c8   Data           2  lc_numeric_c.o(locale$$data)
    __lcnum_c_start                          0x080058d0   Data           0  lc_numeric_c.o(locale$$data)
    __lcnum_c_point                          0x080058dc   Data           0  lc_numeric_c.o(locale$$data)
    __lcnum_c_thousands                      0x080058de   Data           0  lc_numeric_c.o(locale$$data)
    __lcnum_c_grouping                       0x080058df   Data           0  lc_numeric_c.o(locale$$data)
    locale$$data                             0x080058e0   Section      272  lc_ctype_c.o(locale$$data)
    __lcnum_c_end                            0x080058e0   Data           0  lc_numeric_c.o(locale$$data)
    __lcctype_c_name                         0x080058e4   Data           2  lc_ctype_c.o(locale$$data)
    __lcctype_c_start                        0x080058ec   Data           0  lc_ctype_c.o(locale$$data)
    __lcctype_c_end                          0x080059f0   Data           0  lc_ctype_c.o(locale$$data)
    .bss                                     0x20000010   Section       96  libspace.o(.bss)
    [Anonymous Symbol]                       0x20000070   Section        0  stm32f4xx_hal_msp.o(.bss.HAL_RCC_CAN1_CLK_ENABLED)
    HAL_RCC_CAN1_CLK_ENABLED                 0x20000070   Data           4  stm32f4xx_hal_msp.o(.bss.HAL_RCC_CAN1_CLK_ENABLED)
    HEAP                                     0x200001c0   Section    16384  startup_stm32f427xx.o(HEAP)
    Heap_Mem                                 0x200001c0   Data       16384  startup_stm32f427xx.o(HEAP)
    STACK                                    0x200041c0   Section     1024  startup_stm32f427xx.o(STACK)
    Stack_Mem                                0x200041c0   Data        1024  startup_stm32f427xx.o(STACK)
    __initial_sp                             0x200045c0   Data           0  startup_stm32f427xx.o(STACK)

    Global Symbols

    Symbol Name                              Value     Ov Type        Size  Object(Section)

    BuildAttributes$$THM_ISAv4$E$P$D$K$B$S$7EM$VFPi3$EXTD16$VFPS$VFMA$PE$A:L22UL41UL21$X:L11$S22US41US21$IEEE1$IW$~IW$USESV6$~STKCKD$USESV7$~SHL$OTIME$ROPI$IEEEJ$EBA8$UX$STANDARDLIB$REQ8$PRES8$EABIv2 0x00000000   Number         0  anon$$obj.o ABSOLUTE
    _printf_flags                            0x00000000   Number         0  printf_stubs.o ABSOLUTE
    _printf_return_value                     0x00000000   Number         0  printf_stubs.o ABSOLUTE
    _printf_sizespec                         0x00000000   Number         0  printf_stubs.o ABSOLUTE
    _printf_widthprec                        0x00000000   Number         0  printf_stubs.o ABSOLUTE
    SHT$$ARM_EXIDX$$Base                      - Undefined Reference
    SHT$$ARM_EXIDX$$Limit                     - Undefined Reference
    __ARM_exceptions_init                     - Undefined Weak Reference
    __alloca_initialize                       - Undefined Weak Reference
    __arm_preinit_                            - Undefined Weak Reference
    __cxa_finalize                            - Undefined Weak Reference
    __sigvec_lookup                           - Undefined Weak Reference
    _atexit_init                              - Undefined Weak Reference
    _call_atexit_fns                          - Undefined Weak Reference
    _clock_init                               - Undefined Weak Reference
    _fp_trap_init                             - Undefined Weak Reference
    _fp_trap_shutdown                         - Undefined Weak Reference
    _get_lc_collate                           - Undefined Weak Reference
    _get_lc_monetary                          - Undefined Weak Reference
    _get_lc_time                              - Undefined Weak Reference
    _getenv_init                              - Undefined Weak Reference
    _handle_redirection                       - Undefined Weak Reference
    _init_alloc                               - Undefined Weak Reference
    _init_user_alloc                          - Undefined Weak Reference
    _initio                                   - Undefined Weak Reference
    _printf_mbtowc                            - Undefined Weak Reference
    _printf_wc                                - Undefined Weak Reference
    _rand_init                                - Undefined Weak Reference
    _signal_finish                            - Undefined Weak Reference
    _signal_init                              - Undefined Weak Reference
    _terminate_alloc                          - Undefined Weak Reference
    _terminate_user_alloc                     - Undefined Weak Reference
    _terminateio                              - Undefined Weak Reference
    __Vectors_Size                           0x000001ac   Number         0  startup_stm32f427xx.o ABSOLUTE
    __Vectors                                0x08000000   Data           4  startup_stm32f427xx.o(RESET)
    __Vectors_End                            0x080001ac   Data           0  startup_stm32f427xx.o(RESET)
    __main                                   0x080001ad   Thumb Code     8  __main.o(!!!main)
    __scatterload                            0x080001b5   Thumb Code     0  __scatter.o(!!!scatter)
    __scatterload_rt2                        0x080001b5   Thumb Code    44  __scatter.o(!!!scatter)
    __scatterload_rt2_thumb_only             0x080001b5   Thumb Code     0  __scatter.o(!!!scatter)
    __scatterload_null                       0x080001c3   Thumb Code     0  __scatter.o(!!!scatter)
    __scatterload_copy                       0x080001e9   Thumb Code    26  __scatter_copy.o(!!handler_copy)
    __scatterload_zeroinit                   0x08000205   Thumb Code    28  __scatter_zi.o(!!handler_zi)
    _printf_n                                0x08000221   Thumb Code     0  _printf_n.o(.ARM.Collect$$_printf_percent$$00000001)
    _printf_percent                          0x08000221   Thumb Code     0  _printf_percent.o(.ARM.Collect$$_printf_percent$$00000000)
    _printf_p                                0x08000227   Thumb Code     0  _printf_p.o(.ARM.Collect$$_printf_percent$$00000002)
    _printf_f                                0x0800022d   Thumb Code     0  _printf_f.o(.ARM.Collect$$_printf_percent$$00000003)
    _printf_e                                0x08000233   Thumb Code     0  _printf_e.o(.ARM.Collect$$_printf_percent$$00000004)
    _printf_g                                0x08000239   Thumb Code     0  _printf_g.o(.ARM.Collect$$_printf_percent$$00000005)
    _printf_a                                0x0800023f   Thumb Code     0  _printf_a.o(.ARM.Collect$$_printf_percent$$00000006)
    _printf_ll                               0x08000245   Thumb Code     0  _printf_ll.o(.ARM.Collect$$_printf_percent$$00000007)
    _printf_i                                0x0800024f   Thumb Code     0  _printf_i.o(.ARM.Collect$$_printf_percent$$00000008)
    _printf_d                                0x08000255   Thumb Code     0  _printf_d.o(.ARM.Collect$$_printf_percent$$00000009)
    _printf_u                                0x0800025b   Thumb Code     0  _printf_u.o(.ARM.Collect$$_printf_percent$$0000000A)
    _printf_o                                0x08000261   Thumb Code     0  _printf_o.o(.ARM.Collect$$_printf_percent$$0000000B)
    _printf_x                                0x08000267   Thumb Code     0  _printf_x.o(.ARM.Collect$$_printf_percent$$0000000C)
    _printf_lli                              0x0800026d   Thumb Code     0  _printf_lli.o(.ARM.Collect$$_printf_percent$$0000000D)
    _printf_lld                              0x08000273   Thumb Code     0  _printf_lld.o(.ARM.Collect$$_printf_percent$$0000000E)
    _printf_llu                              0x08000279   Thumb Code     0  _printf_llu.o(.ARM.Collect$$_printf_percent$$0000000F)
    _printf_llo                              0x0800027f   Thumb Code     0  _printf_llo.o(.ARM.Collect$$_printf_percent$$00000010)
    _printf_llx                              0x08000285   Thumb Code     0  _printf_llx.o(.ARM.Collect$$_printf_percent$$00000011)
    _printf_l                                0x0800028b   Thumb Code     0  _printf_l.o(.ARM.Collect$$_printf_percent$$00000012)
    _printf_c                                0x08000295   Thumb Code     0  _printf_c.o(.ARM.Collect$$_printf_percent$$00000013)
    _printf_s                                0x0800029b   Thumb Code     0  _printf_s.o(.ARM.Collect$$_printf_percent$$00000014)
    _printf_lc                               0x080002a1   Thumb Code     0  _printf_lc.o(.ARM.Collect$$_printf_percent$$00000015)
    _printf_ls                               0x080002a7   Thumb Code     0  _printf_ls.o(.ARM.Collect$$_printf_percent$$00000016)
    _printf_percent_end                      0x080002ad   Thumb Code     0  _printf_percent_end.o(.ARM.Collect$$_printf_percent$$00000017)
    __rt_lib_init                            0x080002b1   Thumb Code     0  libinit.o(.ARM.Collect$$libinit$$00000000)
    __rt_lib_init_fp_1                       0x080002b3   Thumb Code     0  libinit2.o(.ARM.Collect$$libinit$$00000001)
    __rt_lib_init_heap_1                     0x080002b7   Thumb Code     0  libinit2.o(.ARM.Collect$$libinit$$0000000A)
    __rt_lib_init_lc_common                  0x080002b7   Thumb Code     0  libinit2.o(.ARM.Collect$$libinit$$0000000F)
    __rt_lib_init_preinit_1                  0x080002b7   Thumb Code     0  libinit2.o(.ARM.Collect$$libinit$$00000004)
    __rt_lib_init_rand_1                     0x080002b7   Thumb Code     0  libinit2.o(.ARM.Collect$$libinit$$0000000E)
    __rt_lib_init_user_alloc_1               0x080002b7   Thumb Code     0  libinit2.o(.ARM.Collect$$libinit$$0000000C)
    __rt_lib_init_lc_collate_1               0x080002bd   Thumb Code     0  libinit2.o(.ARM.Collect$$libinit$$00000011)
    __rt_lib_init_lc_ctype_2                 0x080002bd   Thumb Code     0  libinit2.o(.ARM.Collect$$libinit$$00000012)
    __rt_lib_init_lc_ctype_1                 0x080002c9   Thumb Code     0  libinit2.o(.ARM.Collect$$libinit$$00000013)
    __rt_lib_init_lc_monetary_1              0x080002c9   Thumb Code     0  libinit2.o(.ARM.Collect$$libinit$$00000015)
    __rt_lib_init_lc_numeric_2               0x080002c9   Thumb Code     0  libinit2.o(.ARM.Collect$$libinit$$00000016)
    __rt_lib_init_argv_1                     0x080002d3   Thumb Code     0  libinit2.o(.ARM.Collect$$libinit$$00000027)
    __rt_lib_init_atexit_1                   0x080002d3   Thumb Code     0  libinit2.o(.ARM.Collect$$libinit$$0000001B)
    __rt_lib_init_clock_1                    0x080002d3   Thumb Code     0  libinit2.o(.ARM.Collect$$libinit$$00000021)
    __rt_lib_init_fp_trap_1                  0x080002d3   Thumb Code     0  libinit2.o(.ARM.Collect$$libinit$$0000001F)
    __rt_lib_init_getenv_1                   0x080002d3   Thumb Code     0  libinit2.o(.ARM.Collect$$libinit$$00000023)
    __rt_lib_init_heapregion_libspace_used   0x080002d3   Thumb Code     0  libinit2.o(.ARM.Collect$$libinit$$00000027)
    __rt_lib_init_lc_numeric_1               0x080002d3   Thumb Code     0  libinit2.o(.ARM.Collect$$libinit$$00000017)
    __rt_lib_init_lc_time_1                  0x080002d3   Thumb Code     0  libinit2.o(.ARM.Collect$$libinit$$00000019)
    __rt_lib_init_signal_1                   0x080002d3   Thumb Code     0  libinit2.o(.ARM.Collect$$libinit$$0000001D)
    __rt_lib_init_stdio_1                    0x080002d3   Thumb Code     0  libinit2.o(.ARM.Collect$$libinit$$00000025)
    __rt_lib_init_alloca_1                   0x080002db   Thumb Code     0  libinit2.o(.ARM.Collect$$libinit$$0000002E)
    __rt_lib_init_cpp_2                      0x080002db   Thumb Code     0  libinit2.o(.ARM.Collect$$libinit$$00000031)
    __rt_lib_init_exceptions_1               0x080002db   Thumb Code     0  libinit2.o(.ARM.Collect$$libinit$$00000030)
    __rt_lib_init_cpp_1                      0x080002df   Thumb Code     0  libinit2.o(.ARM.Collect$$libinit$$00000032)
    __rt_lib_init_return                     0x080002df   Thumb Code     0  libinit2.o(.ARM.Collect$$libinit$$00000033)
    __rt_lib_shutdown                        0x080002e1   Thumb Code     0  libshutdown.o(.ARM.Collect$$libshutdown$$00000000)
    __rt_lib_shutdown_cpp_1                  0x080002e3   Thumb Code     0  libshutdown2.o(.ARM.Collect$$libshutdown$$00000002)
    __rt_lib_shutdown_fp_trap_1              0x080002e3   Thumb Code     0  libshutdown2.o(.ARM.Collect$$libshutdown$$00000007)
    __rt_lib_shutdown_heap_1                 0x080002e3   Thumb Code     0  libshutdown2.o(.ARM.Collect$$libshutdown$$0000000F)
    __rt_lib_shutdown_return                 0x080002e3   Thumb Code     0  libshutdown2.o(.ARM.Collect$$libshutdown$$00000010)
    __rt_lib_shutdown_signal_1               0x080002e3   Thumb Code     0  libshutdown2.o(.ARM.Collect$$libshutdown$$0000000A)
    __rt_lib_shutdown_stdio_1                0x080002e3   Thumb Code     0  libshutdown2.o(.ARM.Collect$$libshutdown$$00000004)
    __rt_lib_shutdown_user_alloc_1           0x080002e3   Thumb Code     0  libshutdown2.o(.ARM.Collect$$libshutdown$$0000000C)
    __rt_entry                               0x080002e5   Thumb Code     0  __rtentry.o(.ARM.Collect$$rtentry$$00000000)
    __rt_entry_presh_1                       0x080002e5   Thumb Code     0  __rtentry2.o(.ARM.Collect$$rtentry$$00000002)
    __rt_entry_sh                            0x080002e5   Thumb Code     0  __rtentry4.o(.ARM.Collect$$rtentry$$00000004)
    __rt_entry_li                            0x080002eb   Thumb Code     0  __rtentry2.o(.ARM.Collect$$rtentry$$0000000A)
    __rt_entry_postsh_1                      0x080002eb   Thumb Code     0  __rtentry2.o(.ARM.Collect$$rtentry$$00000009)
    __rt_entry_main                          0x080002ef   Thumb Code     0  __rtentry2.o(.ARM.Collect$$rtentry$$0000000D)
    __rt_entry_postli_1                      0x080002ef   Thumb Code     0  __rtentry2.o(.ARM.Collect$$rtentry$$0000000C)
    __rt_exit                                0x080002f7   Thumb Code     0  rtexit.o(.ARM.Collect$$rtexit$$00000000)
    __rt_exit_ls                             0x080002f9   Thumb Code     0  rtexit2.o(.ARM.Collect$$rtexit$$00000003)
    __rt_exit_prels_1                        0x080002f9   Thumb Code     0  rtexit2.o(.ARM.Collect$$rtexit$$00000002)
    __rt_exit_exit                           0x080002fd   Thumb Code     0  rtexit2.o(.ARM.Collect$$rtexit$$00000004)
    __ARM_argv_veneer                        0x08000305   Thumb Code     4  argv_veneer.o(.emb_text)
    Reset_Handler                            0x08000309   Thumb Code     8  startup_stm32f427xx.o(.text)
    ADC_IRQHandler                           0x08000323   Thumb Code     0  startup_stm32f427xx.o(.text)
    CAN1_RX1_IRQHandler                      0x08000323   Thumb Code     0  startup_stm32f427xx.o(.text)
    CAN1_SCE_IRQHandler                      0x08000323   Thumb Code     0  startup_stm32f427xx.o(.text)
    CAN1_TX_IRQHandler                       0x08000323   Thumb Code     0  startup_stm32f427xx.o(.text)
    CAN2_RX1_IRQHandler                      0x08000323   Thumb Code     0  startup_stm32f427xx.o(.text)
    CAN2_SCE_IRQHandler                      0x08000323   Thumb Code     0  startup_stm32f427xx.o(.text)
    CAN2_TX_IRQHandler                       0x08000323   Thumb Code     0  startup_stm32f427xx.o(.text)
    DCMI_IRQHandler                          0x08000323   Thumb Code     0  startup_stm32f427xx.o(.text)
    DMA1_Stream0_IRQHandler                  0x08000323   Thumb Code     0  startup_stm32f427xx.o(.text)
    DMA1_Stream1_IRQHandler                  0x08000323   Thumb Code     0  startup_stm32f427xx.o(.text)
    DMA1_Stream2_IRQHandler                  0x08000323   Thumb Code     0  startup_stm32f427xx.o(.text)
    DMA1_Stream3_IRQHandler                  0x08000323   Thumb Code     0  startup_stm32f427xx.o(.text)
    DMA1_Stream4_IRQHandler                  0x08000323   Thumb Code     0  startup_stm32f427xx.o(.text)
    DMA1_Stream5_IRQHandler                  0x08000323   Thumb Code     0  startup_stm32f427xx.o(.text)
    DMA1_Stream6_IRQHandler                  0x08000323   Thumb Code     0  startup_stm32f427xx.o(.text)
    DMA1_Stream7_IRQHandler                  0x08000323   Thumb Code     0  startup_stm32f427xx.o(.text)
    DMA2D_IRQHandler                         0x08000323   Thumb Code     0  startup_stm32f427xx.o(.text)
    DMA2_Stream0_IRQHandler                  0x08000323   Thumb Code     0  startup_stm32f427xx.o(.text)
    DMA2_Stream1_IRQHandler                  0x08000323   Thumb Code     0  startup_stm32f427xx.o(.text)
    DMA2_Stream2_IRQHandler                  0x08000323   Thumb Code     0  startup_stm32f427xx.o(.text)
    DMA2_Stream3_IRQHandler                  0x08000323   Thumb Code     0  startup_stm32f427xx.o(.text)
    DMA2_Stream4_IRQHandler                  0x08000323   Thumb Code     0  startup_stm32f427xx.o(.text)
    DMA2_Stream5_IRQHandler                  0x08000323   Thumb Code     0  startup_stm32f427xx.o(.text)
    DMA2_Stream6_IRQHandler                  0x08000323   Thumb Code     0  startup_stm32f427xx.o(.text)
    DMA2_Stream7_IRQHandler                  0x08000323   Thumb Code     0  startup_stm32f427xx.o(.text)
    ETH_IRQHandler                           0x08000323   Thumb Code     0  startup_stm32f427xx.o(.text)
    ETH_WKUP_IRQHandler                      0x08000323   Thumb Code     0  startup_stm32f427xx.o(.text)
    EXTI0_IRQHandler                         0x08000323   Thumb Code     0  startup_stm32f427xx.o(.text)
    EXTI15_10_IRQHandler                     0x08000323   Thumb Code     0  startup_stm32f427xx.o(.text)
    EXTI1_IRQHandler                         0x08000323   Thumb Code     0  startup_stm32f427xx.o(.text)
    EXTI2_IRQHandler                         0x08000323   Thumb Code     0  startup_stm32f427xx.o(.text)
    EXTI3_IRQHandler                         0x08000323   Thumb Code     0  startup_stm32f427xx.o(.text)
    EXTI4_IRQHandler                         0x08000323   Thumb Code     0  startup_stm32f427xx.o(.text)
    EXTI9_5_IRQHandler                       0x08000323   Thumb Code     0  startup_stm32f427xx.o(.text)
    FLASH_IRQHandler                         0x08000323   Thumb Code     0  startup_stm32f427xx.o(.text)
    FMC_IRQHandler                           0x08000323   Thumb Code     0  startup_stm32f427xx.o(.text)
    FPU_IRQHandler                           0x08000323   Thumb Code     0  startup_stm32f427xx.o(.text)
    HASH_RNG_IRQHandler                      0x08000323   Thumb Code     0  startup_stm32f427xx.o(.text)
    I2C1_ER_IRQHandler                       0x08000323   Thumb Code     0  startup_stm32f427xx.o(.text)
    I2C1_EV_IRQHandler                       0x08000323   Thumb Code     0  startup_stm32f427xx.o(.text)
    I2C2_ER_IRQHandler                       0x08000323   Thumb Code     0  startup_stm32f427xx.o(.text)
    I2C2_EV_IRQHandler                       0x08000323   Thumb Code     0  startup_stm32f427xx.o(.text)
    I2C3_ER_IRQHandler                       0x08000323   Thumb Code     0  startup_stm32f427xx.o(.text)
    I2C3_EV_IRQHandler                       0x08000323   Thumb Code     0  startup_stm32f427xx.o(.text)
    OTG_FS_IRQHandler                        0x08000323   Thumb Code     0  startup_stm32f427xx.o(.text)
    OTG_FS_WKUP_IRQHandler                   0x08000323   Thumb Code     0  startup_stm32f427xx.o(.text)
    OTG_HS_EP1_IN_IRQHandler                 0x08000323   Thumb Code     0  startup_stm32f427xx.o(.text)
    OTG_HS_EP1_OUT_IRQHandler                0x08000323   Thumb Code     0  startup_stm32f427xx.o(.text)
    OTG_HS_IRQHandler                        0x08000323   Thumb Code     0  startup_stm32f427xx.o(.text)
    OTG_HS_WKUP_IRQHandler                   0x08000323   Thumb Code     0  startup_stm32f427xx.o(.text)
    PVD_IRQHandler                           0x08000323   Thumb Code     0  startup_stm32f427xx.o(.text)
    RCC_IRQHandler                           0x08000323   Thumb Code     0  startup_stm32f427xx.o(.text)
    RTC_Alarm_IRQHandler                     0x08000323   Thumb Code     0  startup_stm32f427xx.o(.text)
    RTC_WKUP_IRQHandler                      0x08000323   Thumb Code     0  startup_stm32f427xx.o(.text)
    SAI1_IRQHandler                          0x08000323   Thumb Code     0  startup_stm32f427xx.o(.text)
    SDIO_IRQHandler                          0x08000323   Thumb Code     0  startup_stm32f427xx.o(.text)
    SPI1_IRQHandler                          0x08000323   Thumb Code     0  startup_stm32f427xx.o(.text)
    SPI2_IRQHandler                          0x08000323   Thumb Code     0  startup_stm32f427xx.o(.text)
    SPI3_IRQHandler                          0x08000323   Thumb Code     0  startup_stm32f427xx.o(.text)
    SPI4_IRQHandler                          0x08000323   Thumb Code     0  startup_stm32f427xx.o(.text)
    SPI5_IRQHandler                          0x08000323   Thumb Code     0  startup_stm32f427xx.o(.text)
    SPI6_IRQHandler                          0x08000323   Thumb Code     0  startup_stm32f427xx.o(.text)
    TAMP_STAMP_IRQHandler                    0x08000323   Thumb Code     0  startup_stm32f427xx.o(.text)
    TIM1_BRK_TIM9_IRQHandler                 0x08000323   Thumb Code     0  startup_stm32f427xx.o(.text)
    TIM1_CC_IRQHandler                       0x08000323   Thumb Code     0  startup_stm32f427xx.o(.text)
    TIM1_TRG_COM_TIM11_IRQHandler            0x08000323   Thumb Code     0  startup_stm32f427xx.o(.text)
    TIM1_UP_TIM10_IRQHandler                 0x08000323   Thumb Code     0  startup_stm32f427xx.o(.text)
    TIM2_IRQHandler                          0x08000323   Thumb Code     0  startup_stm32f427xx.o(.text)
    TIM3_IRQHandler                          0x08000323   Thumb Code     0  startup_stm32f427xx.o(.text)
    TIM4_IRQHandler                          0x08000323   Thumb Code     0  startup_stm32f427xx.o(.text)
    TIM5_IRQHandler                          0x08000323   Thumb Code     0  startup_stm32f427xx.o(.text)
    TIM6_DAC_IRQHandler                      0x08000323   Thumb Code     0  startup_stm32f427xx.o(.text)
    TIM7_IRQHandler                          0x08000323   Thumb Code     0  startup_stm32f427xx.o(.text)
    TIM8_BRK_TIM12_IRQHandler                0x08000323   Thumb Code     0  startup_stm32f427xx.o(.text)
    TIM8_CC_IRQHandler                       0x08000323   Thumb Code     0  startup_stm32f427xx.o(.text)
    TIM8_TRG_COM_TIM14_IRQHandler            0x08000323   Thumb Code     0  startup_stm32f427xx.o(.text)
    UART4_IRQHandler                         0x08000323   Thumb Code     0  startup_stm32f427xx.o(.text)
    UART5_IRQHandler                         0x08000323   Thumb Code     0  startup_stm32f427xx.o(.text)
    UART7_IRQHandler                         0x08000323   Thumb Code     0  startup_stm32f427xx.o(.text)
    UART8_IRQHandler                         0x08000323   Thumb Code     0  startup_stm32f427xx.o(.text)
    USART1_IRQHandler                        0x08000323   Thumb Code     0  startup_stm32f427xx.o(.text)
    USART2_IRQHandler                        0x08000323   Thumb Code     0  startup_stm32f427xx.o(.text)
    USART3_IRQHandler                        0x08000323   Thumb Code     0  startup_stm32f427xx.o(.text)
    USART6_IRQHandler                        0x08000323   Thumb Code     0  startup_stm32f427xx.o(.text)
    WWDG_IRQHandler                          0x08000323   Thumb Code     0  startup_stm32f427xx.o(.text)
    __user_initial_stackheap                 0x08000325   Thumb Code     0  startup_stm32f427xx.o(.text)
    __aeabi_uldivmod                         0x08000349   Thumb Code     0  lludivv7m.o(.text)
    _ll_udiv                                 0x08000349   Thumb Code   238  lludivv7m.o(.text)
    vsprintf                                 0x08000439   Thumb Code    32  vsprintf.o(.text)
    strlen                                   0x0800045d   Thumb Code    62  strlen.o(.text)
    __aeabi_memclr4                          0x0800049b   Thumb Code     0  rt_memclr_w.o(.text)
    __aeabi_memclr8                          0x0800049b   Thumb Code     0  rt_memclr_w.o(.text)
    __rt_memclr_w                            0x0800049b   Thumb Code    78  rt_memclr_w.o(.text)
    _memset_w                                0x0800049f   Thumb Code     0  rt_memclr_w.o(.text)
    __use_two_region_memory                  0x080004e9   Thumb Code     2  heapauxi.o(.text)
    __rt_heap_escrow$2region                 0x080004eb   Thumb Code     2  heapauxi.o(.text)
    __rt_heap_expand$2region                 0x080004ed   Thumb Code     2  heapauxi.o(.text)
    __cpp_initialize__aeabi_                 0x080004f1   Thumb Code    26  init_aeabi.o(.text)
    _printf_pre_padding                      0x08000515   Thumb Code    44  _printf_pad.o(.text)
    _printf_post_padding                     0x08000541   Thumb Code    34  _printf_pad.o(.text)
    _printf_truncate_signed                  0x08000563   Thumb Code    18  _printf_truncate.o(.text)
    _printf_truncate_unsigned                0x08000575   Thumb Code    18  _printf_truncate.o(.text)
    _printf_str                              0x08000587   Thumb Code    82  _printf_str.o(.text)
    _printf_int_dec                          0x080005d9   Thumb Code   104  _printf_dec.o(.text)
    _printf_charcount                        0x08000651   Thumb Code    40  _printf_charcount.o(.text)
    _printf_char_common                      0x08000683   Thumb Code    32  _printf_char_common.o(.text)
    _sputc                                   0x080006a9   Thumb Code    10  _sputc.o(.text)
    _printf_wctomb                           0x080006b5   Thumb Code   182  _printf_wctomb.o(.text)
    _printf_longlong_dec                     0x08000771   Thumb Code   108  _printf_longlong_dec.o(.text)
    _printf_longlong_oct                     0x080007ed   Thumb Code    68  _printf_oct_int_ll.o(.text)
    _printf_int_oct                          0x08000831   Thumb Code    24  _printf_oct_int_ll.o(.text)
    _printf_ll_oct                           0x08000849   Thumb Code    12  _printf_oct_int_ll.o(.text)
    _printf_longlong_hex                     0x0800085d   Thumb Code    86  _printf_hex_int_ll_ptr.o(.text)
    _printf_int_hex                          0x080008b3   Thumb Code    28  _printf_hex_int_ll_ptr.o(.text)
    _printf_ll_hex                           0x080008cf   Thumb Code    12  _printf_hex_int_ll_ptr.o(.text)
    _printf_hex_ptr                          0x080008db   Thumb Code    18  _printf_hex_int_ll_ptr.o(.text)
    __printf                                 0x080008f1   Thumb Code   388  __printf_flags_ss_wp.o(.text)
    _sys_exit                                0x08000a79   Thumb Code     8  sys_exit.o(.text)
    _ll_udiv10                               0x08000a85   Thumb Code   138  lludiv10.o(.text)
    _printf_int_common                       0x08000b0f   Thumb Code   178  _printf_intcommon.o(.text)
    __lib_sel_fp_printf                      0x08000bc1   Thumb Code     2  _printf_fp_dec.o(.text)
    _printf_fp_dec_real                      0x08000d73   Thumb Code   620  _printf_fp_dec.o(.text)
    _printf_fp_hex_real                      0x08000fe1   Thumb Code   756  _printf_fp_hex.o(.text)
    _printf_cs_common                        0x080012dd   Thumb Code    20  _printf_char.o(.text)
    _printf_char                             0x080012f1   Thumb Code    16  _printf_char.o(.text)
    _printf_string                           0x08001301   Thumb Code     8  _printf_char.o(.text)
    _printf_lcs_common                       0x08001309   Thumb Code    20  _printf_wchar.o(.text)
    _printf_wchar                            0x0800131d   Thumb Code    16  _printf_wchar.o(.text)
    _printf_wstring                          0x0800132d   Thumb Code     8  _printf_wchar.o(.text)
    _c16rtomb                                0x08001335   Thumb Code    72  _c16rtomb.o(.text)
    _wcrtomb                                 0x08001335   Thumb Code     0  _c16rtomb.o(.text)
    __I$use$semihosting                      0x0800137d   Thumb Code     0  use_no_semi.o(.text)
    __use_no_semihosting_swi                 0x0800137d   Thumb Code     2  use_no_semi.o(.text)
    __semihosting_library_function           0x0800137f   Thumb Code     0  indicate_semi.o(.text)
    __user_setup_stackheap                   0x0800137f   Thumb Code    74  sys_stackheap_outer.o(.text)
    __rt_ctype_table                         0x080013c9   Thumb Code    16  rt_ctype_table.o(.text)
    __rt_locale                              0x080013d9   Thumb Code     8  rt_locale_intlibspace.o(.text)
    _printf_fp_infnan                        0x080013e1   Thumb Code   112  _printf_fp_infnan.o(.text)
    _btod_etento                             0x08001461   Thumb Code   224  bigflt0.o(.text)
    exit                                     0x08001545   Thumb Code    18  exit.o(.text)
    __sig_exit                               0x08001557   Thumb Code    10  defsig_exit.o(.text)
    __argv_alloc                             0x08001561   Thumb Code    34  _get_argv_nomalloc.o(.text)
    __ARM_get_argv                           0x08001583   Thumb Code   268  _get_argv_nomalloc.o(.text)
    _sys_command_string                      0x0800168f   Thumb Code    24  sys_command.o(.text)
    __user_libspace                          0x080016a9   Thumb Code     8  libspace.o(.text)
    __user_perproc_libspace                  0x080016a9   Thumb Code     0  libspace.o(.text)
    __user_perthread_libspace                0x080016a9   Thumb Code     0  libspace.o(.text)
    __use_no_heap_region                     0x080016b1   Thumb Code     2  hrguard.o(.text)
    __heap_region$guard                      0x080016b3   Thumb Code     2  hrguard.o(.text)
    __default_signal_display                 0x080016b5   Thumb Code    50  defsig_general.o(.text)
    __rt_SIGRTMEM                            0x080016e7   Thumb Code    14  defsig_rtmem_outer.o(.text)
    strcmp                                   0x080016f9   Thumb Code   124  strcmpv7em.o(.text)
    _ttywrch                                 0x08001775   Thumb Code    14  sys_wrch.o(.text)
    __rt_SIGRTMEM_inner                      0x08001785   Thumb Code    22  defsig_rtmem_inner.o(.text)
    BusFault_Handler                         0x080017d5   Thumb Code     4  stm32f4xx_it.o(.text.BusFault_Handler)
    CAN1_RX0_IRQHandler                      0x080017d9   Thumb Code    16  stm32f4xx_it.o(.text.CAN1_RX0_IRQHandler)
    CAN2_RX0_IRQHandler                      0x080017e9   Thumb Code    16  stm32f4xx_it.o(.text.CAN2_RX0_IRQHandler)
    DebugMon_Handler                         0x080017f9   Thumb Code     2  stm32f4xx_it.o(.text.DebugMon_Handler)
    Error_Handler                            0x080017fd   Thumb Code     6  main.o(.text.Error_Handler)
    HAL_CAN_ActivateNotification             0x08001805   Thumb Code    90  stm32f4xx_hal_can.o(.text.HAL_CAN_ActivateNotification)
    HAL_CAN_AddTxMessage                     0x08001861   Thumb Code   370  stm32f4xx_hal_can.o(.text.HAL_CAN_AddTxMessage)
    HAL_CAN_ConfigFilter                     0x080019d5   Thumb Code   444  stm32f4xx_hal_can.o(.text.HAL_CAN_ConfigFilter)
    HAL_CAN_ErrorCallback                    0x08001b91   Thumb Code    12  stm32f4xx_hal_can.o(.text.HAL_CAN_ErrorCallback)
    HAL_CAN_GetRxMessage                     0x08001b9d   Thumb Code   562  stm32f4xx_hal_can.o(.text.HAL_CAN_GetRxMessage)
    HAL_CAN_GetTxMailboxesFreeLevel          0x08001dd1   Thumb Code   116  stm32f4xx_hal_can.o(.text.HAL_CAN_GetTxMailboxesFreeLevel)
    HAL_CAN_IRQHandler                       0x08001e45   Thumb Code  1032  stm32f4xx_hal_can.o(.text.HAL_CAN_IRQHandler)
    HAL_CAN_Init                             0x0800224d   Thumb Code   496  stm32f4xx_hal_can.o(.text.HAL_CAN_Init)
    HAL_CAN_MspInit                          0x0800243d   Thumb Code   410  stm32f4xx_hal_msp.o(.text.HAL_CAN_MspInit)
    HAL_CAN_RxFifo0FullCallback              0x080025d9   Thumb Code    12  stm32f4xx_hal_can.o(.text.HAL_CAN_RxFifo0FullCallback)
    HAL_CAN_RxFifo0MsgPendingCallback        0x080025e5   Thumb Code    86  maincpp.o(.text.HAL_CAN_RxFifo0MsgPendingCallback)
    HAL_CAN_RxFifo1FullCallback              0x0800263d   Thumb Code    12  stm32f4xx_hal_can.o(.text.HAL_CAN_RxFifo1FullCallback)
    HAL_CAN_RxFifo1MsgPendingCallback        0x08002649   Thumb Code    12  stm32f4xx_hal_can.o(.text.HAL_CAN_RxFifo1MsgPendingCallback)
    HAL_CAN_SleepCallback                    0x08002655   Thumb Code    12  stm32f4xx_hal_can.o(.text.HAL_CAN_SleepCallback)
    HAL_CAN_Start                            0x08002661   Thumb Code   148  stm32f4xx_hal_can.o(.text.HAL_CAN_Start)
    HAL_CAN_TxMailbox0AbortCallback          0x080026f5   Thumb Code    12  stm32f4xx_hal_can.o(.text.HAL_CAN_TxMailbox0AbortCallback)
    HAL_CAN_TxMailbox0CompleteCallback       0x08002701   Thumb Code    12  stm32f4xx_hal_can.o(.text.HAL_CAN_TxMailbox0CompleteCallback)
    HAL_CAN_TxMailbox1AbortCallback          0x0800270d   Thumb Code    12  stm32f4xx_hal_can.o(.text.HAL_CAN_TxMailbox1AbortCallback)
    HAL_CAN_TxMailbox1CompleteCallback       0x08002719   Thumb Code    12  stm32f4xx_hal_can.o(.text.HAL_CAN_TxMailbox1CompleteCallback)
    HAL_CAN_TxMailbox2AbortCallback          0x08002725   Thumb Code    12  stm32f4xx_hal_can.o(.text.HAL_CAN_TxMailbox2AbortCallback)
    HAL_CAN_TxMailbox2CompleteCallback       0x08002731   Thumb Code    12  stm32f4xx_hal_can.o(.text.HAL_CAN_TxMailbox2CompleteCallback)
    HAL_CAN_WakeUpFromRxMsgCallback          0x0800273d   Thumb Code    12  stm32f4xx_hal_can.o(.text.HAL_CAN_WakeUpFromRxMsgCallback)
    HAL_Delay                                0x08002749   Thumb Code    78  stm32f4xx_hal.o(.text.HAL_Delay)
    HAL_GPIO_Init                            0x08002799   Thumb Code  1032  stm32f4xx_hal_gpio.o(.text.HAL_GPIO_Init)
    HAL_GetTick                              0x08002ba1   Thumb Code    12  stm32f4xx_hal.o(.text.HAL_GetTick)
    HAL_IncTick                              0x08002bad   Thumb Code    26  stm32f4xx_hal.o(.text.HAL_IncTick)
    HAL_Init                                 0x08002bc9   Thumb Code    60  stm32f4xx_hal.o(.text.HAL_Init)
    HAL_InitTick                             0x08002c05   Thumb Code   256  stm32f4xx_hal_timebase_tim.o(.text.HAL_InitTick)
    HAL_MspInit                              0x08002d05   Thumb Code    78  stm32f4xx_hal_msp.o(.text.HAL_MspInit)
    HAL_NVIC_EnableIRQ                       0x08002d55   Thumb Code    24  stm32f4xx_hal_cortex.o(.text.HAL_NVIC_EnableIRQ)
    HAL_NVIC_SetPriority                     0x08002d6d   Thumb Code    70  stm32f4xx_hal_cortex.o(.text.HAL_NVIC_SetPriority)
    HAL_NVIC_SetPriorityGrouping             0x08002db5   Thumb Code    20  stm32f4xx_hal_cortex.o(.text.HAL_NVIC_SetPriorityGrouping)
    HAL_PWREx_EnableOverDrive                0x08002dc9   Thumb Code   200  stm32f4xx_hal_pwr_ex.o(.text.HAL_PWREx_EnableOverDrive)
    HAL_RCC_ClockConfig                      0x08002e91   Thumb Code   630  stm32f4xx_hal_rcc.o(.text.HAL_RCC_ClockConfig)
    HAL_RCC_GetClockConfig                   0x08003109   Thumb Code   104  stm32f4xx_hal_rcc.o(.text.HAL_RCC_GetClockConfig)
    HAL_RCC_GetHCLKFreq                      0x08003171   Thumb Code    12  stm32f4xx_hal_rcc.o(.text.HAL_RCC_GetHCLKFreq)
    HAL_RCC_GetPCLK1Freq                     0x0800317d   Thumb Code    38  stm32f4xx_hal_rcc.o(.text.HAL_RCC_GetPCLK1Freq)
    HAL_RCC_GetPCLK2Freq                     0x080031a5   Thumb Code    38  stm32f4xx_hal_rcc.o(.text.HAL_RCC_GetPCLK2Freq)
    HAL_RCC_GetSysClockFreq                  0x080031cd   Thumb Code   232  stm32f4xx_hal_rcc.o(.text.HAL_RCC_GetSysClockFreq)
    HAL_RCC_OscConfig                        0x080032b5   Thumb Code  1792  stm32f4xx_hal_rcc.o(.text.HAL_RCC_OscConfig)
    HAL_TIMEx_BreakCallback                  0x080039b5   Thumb Code    12  stm32f4xx_hal_tim_ex.o(.text.HAL_TIMEx_BreakCallback)
    HAL_TIMEx_CommutCallback                 0x080039c1   Thumb Code    12  stm32f4xx_hal_tim_ex.o(.text.HAL_TIMEx_CommutCallback)
    HAL_TIM_Base_Init                        0x080039cd   Thumb Code   170  stm32f4xx_hal_tim.o(.text.HAL_TIM_Base_Init)
    HAL_TIM_Base_MspInit                     0x08003a79   Thumb Code    12  stm32f4xx_hal_tim.o(.text.HAL_TIM_Base_MspInit)
    HAL_TIM_Base_Start_IT                    0x08003a85   Thumb Code   250  stm32f4xx_hal_tim.o(.text.HAL_TIM_Base_Start_IT)
    HAL_TIM_IC_CaptureCallback               0x08003b81   Thumb Code    12  stm32f4xx_hal_tim.o(.text.HAL_TIM_IC_CaptureCallback)
    HAL_TIM_IRQHandler                       0x08003b8d   Thumb Code   518  stm32f4xx_hal_tim.o(.text.HAL_TIM_IRQHandler)
    HAL_TIM_OC_DelayElapsedCallback          0x08003d95   Thumb Code    12  stm32f4xx_hal_tim.o(.text.HAL_TIM_OC_DelayElapsedCallback)
    HAL_TIM_PWM_PulseFinishedCallback        0x08003da1   Thumb Code    12  stm32f4xx_hal_tim.o(.text.HAL_TIM_PWM_PulseFinishedCallback)
    HAL_TIM_PeriodElapsedCallback            0x08003dad   Thumb Code    38  main.o(.text.HAL_TIM_PeriodElapsedCallback)
    HAL_TIM_TriggerCallback                  0x08003dd5   Thumb Code    12  stm32f4xx_hal_tim.o(.text.HAL_TIM_TriggerCallback)
    HAL_UART_Init                            0x08003de1   Thumb Code   170  stm32f4xx_hal_uart.o(.text.HAL_UART_Init)
    HAL_UART_MspInit                         0x08003e8d   Thumb Code   154  stm32f4xx_hal_msp.o(.text.HAL_UART_MspInit)
    HAL_UART_Transmit                        0x08003f29   Thumb Code   338  stm32f4xx_hal_uart.o(.text.HAL_UART_Transmit)
    HardFault_Handler                        0x0800407d   Thumb Code     4  stm32f4xx_it.o(.text.HardFault_Handler)
    MemManage_Handler                        0x0800420d   Thumb Code     4  stm32f4xx_it.o(.text.MemManage_Handler)
    NMI_Handler                              0x08004211   Thumb Code     4  stm32f4xx_it.o(.text.NMI_Handler)
    PendSV_Handler                           0x08004295   Thumb Code     2  stm32f4xx_it.o(.text.PendSV_Handler)
    SVC_Handler                              0x08004299   Thumb Code     2  stm32f4xx_it.o(.text.SVC_Handler)
    SysTick_Handler                          0x0800429d   Thumb Code     2  stm32f4xx_it.o(.text.SysTick_Handler)
    SystemClock_Config                       0x080042a1   Thumb Code   212  main.o(.text.SystemClock_Config)
    SystemInit                               0x08004375   Thumb Code    18  system_stm32f4xx.o(.text.SystemInit)
    TIM8_UP_TIM13_IRQHandler                 0x08004389   Thumb Code    16  stm32f4xx_it.o(.text.TIM8_UP_TIM13_IRQHandler)
    TIM_Base_SetConfig                       0x08004399   Thumb Code   442  stm32f4xx_hal_tim.o(.text.TIM_Base_SetConfig)
    UsageFault_Handler                       0x08004855   Thumb Code     4  stm32f4xx_it.o(.text.UsageFault_Handler)
    Serial_Printf(char*, ...)                0x08004861   Thumb Code    90  maincpp.o(.text._Z13Serial_PrintfPcz)
    Configure_Filter()                       0x080048bd   Thumb Code   106  maincpp.o(.text._Z16Configure_Filterv)
    pid_base_template_t<int, float>::pid_update(float, float, float) 0x08004929   Thumb Code    72  maincpp.o(.text._ZN19pid_base_template_tIifE10pid_updateEfff)
    pid_base_template_t<int, float>::target_update(int, bool) 0x08004971   Thumb Code    60  motor.o(.text._ZN19pid_base_template_tIifE13target_updateEib)
    pid_base_template_t<int, float>::reset() 0x080049ad   Thumb Code    40  maincpp.o(.text._ZN19pid_base_template_tIifE5resetEv)
    pid_base_template_t<int, float>::update(int) 0x080049d5   Thumb Code   210  motor.o(.text._ZN19pid_base_template_tIifE6updateEi)
    pid_base_template_t<int, float>::out_limit(int, int) 0x08004aa9   Thumb Code    40  maincpp.o(.text._ZN19pid_base_template_tIifE9out_limitEii)
    pid_base_template_t<int, float>::pid_base_template_t__sub_object(PidBaseConfig_T<int, float>) 0x08004ad1   Thumb Code    90  maincpp.o(.text._ZN19pid_base_template_tIifEC2E15PidBaseConfig_TIifE)
    pid_base_template_t<int, float>::pid_base_template_t__sub_object(float, float, float, int, int) 0x08004b2d   Thumb Code   102  maincpp.o(.text._ZN19pid_base_template_tIifEC2Efffii)
    Motor::MotorInterface_t::ControlOutput(short) 0x08004b95   Thumb Code   200  motor.o(.text._ZN5Motor16MotorInterface_t13ControlOutputEs)
    Motor::MotorInterface_t::update()        0x08004c5d   Thumb Code    12  motor.o(.text._ZN5Motor16MotorInterface_t6updateEv)
    Motor::MotorInterface_t::bind_pin(unsigned char, CAN_HandleTypeDef*, unsigned char*, bool) 0x08004c69   Thumb Code    70  maincpp.o(.text._ZN5Motor16MotorInterface_t8bind_pinEhP17CAN_HandleTypeDefPhb)
    Motor::MotorInterface_t::MotorInterface_t__sub_object() 0x08004cb1   Thumb Code    40  maincpp.o(.text._ZN5Motor16MotorInterface_tC2Ev)
    Motor::Motor_t::set_target(float)        0x08004cd9   Thumb Code    88  motor.o(.text._ZN5Motor7Motor_t10set_targetEf)
    Motor::Motor_t::ControlUpdate()          0x08004d31   Thumb Code    46  motor.o(.text._ZN5Motor7Motor_t13ControlUpdateEv)
    Motor::Motor_t::Motor_t__sub_object()    0x08004d61   Thumb Code   122  maincpp.o(.text._ZN5Motor7Motor_tC2Ev)
    main                                     0x08004ec1   Thumb Code    44  main.o(.text.main)
    main_cpp                                 0x08004eed   Thumb Code   100  maincpp.o(.text.main_cpp)
    _btod_d2e                                0x08004f51   Thumb Code    62  btod.o(CL$$btod_d2e)
    _d2e_denorm_low                          0x08004f8f   Thumb Code    70  btod.o(CL$$btod_d2e_denorm_low)
    _d2e_norm_op1                            0x08004fd5   Thumb Code    96  btod.o(CL$$btod_d2e_norm_op1)
    __btod_div_common                        0x08005035   Thumb Code   696  btod.o(CL$$btod_div_common)
    _e2e                                     0x0800536d   Thumb Code   220  btod.o(CL$$btod_e2e)
    _btod_ediv                               0x08005449   Thumb Code    42  btod.o(CL$$btod_ediv)
    _btod_emul                               0x08005473   Thumb Code    42  btod.o(CL$$btod_emul)
    __btod_mult_common                       0x0800549d   Thumb Code   580  btod.o(CL$$btod_mult_common)
    __ARM_fpclassify                         0x080056e1   Thumb Code    48  fpclassify.o(i.__ARM_fpclassify)
    _is_digit                                0x08005711   Thumb Code    14  __printf_wp.o(i._is_digit)
    _get_lc_numeric                          0x08005721   Thumb Code    44  lc_numeric_c.o(locale$$code)
    _get_lc_ctype                            0x0800574d   Thumb Code    44  lc_ctype_c.o(locale$$code)
    _fp_init                                 0x08005779   Thumb Code    10  fpinit.o(x$fpl$fpinit)
    __fplib_config_fpu_vfp                   0x08005781   Thumb Code     0  fpinit.o(x$fpl$fpinit)
    __fplib_config_pureend_doubles           0x08005781   Thumb Code     0  fpinit.o(x$fpl$fpinit)
    _printf_fp_dec                           0x08005783   Thumb Code     4  printf1.o(x$fpl$printf1)
    _printf_fp_hex                           0x08005787   Thumb Code     4  printf2.o(x$fpl$printf2)
    __I$use$fp                               0x0800578a   Number         0  usenofp.o(x$fpl$usenofp)
    AHBPrescTable                            0x08005888   Data          16  system_stm32f4xx.o(.rodata.AHBPrescTable)
    APBPrescTable                            0x08005898   Data           8  system_stm32f4xx.o(.rodata.APBPrescTable)
    Region$$Table$$Base                      0x080058a4   Number         0  anon$$obj.o(Region$$Table)
    Region$$Table$$Limit                     0x080058c4   Number         0  anon$$obj.o(Region$$Table)
    __ctype                                  0x080058ed   Data           0  lc_ctype_c.o(locale$$data)
    SHT$$INIT_ARRAY$$Base                    0x080059f0   Number         0  maincpp.o(.init_array)
    SHT$$INIT_ARRAY$$Limit                   0x080059f4   Number         0  maincpp.o(.init_array)
    SystemCoreClock                          0x20000000   Data           4  system_stm32f4xx.o(.data.SystemCoreClock)
    uwTickFreq                               0x20000004   Data           1  stm32f4xx_hal.o(.data.uwTickFreq)
    uwTickPrio                               0x20000008   Data           4  stm32f4xx_hal.o(.data.uwTickPrio)
    __libspace_start                         0x20000010   Data          96  libspace.o(.bss)
    __temporary_stack_top$libspace           0x20000070   Data           0  libspace.o(.bss)
    common_buffer                            0x20000074   Data           8  maincpp.o(.bss.common_buffer)
    hcan1                                    0x2000007c   Data          40  main.o(.bss.hcan1)
    hcan2                                    0x200000a4   Data          40  main.o(.bss.hcan2)
    htim13                                   0x200000cc   Data          72  stm32f4xx_hal_timebase_tim.o(.bss.htim13)
    huart7                                   0x20000114   Data          72  main.o(.bss.huart7)
    motor                                    0x2000015c   Data          96  maincpp.o(.bss.motor)
    uwTick                                   0x200001bc   Data           4  stm32f4xx_hal.o(.bss.uwTick)



==============================================================================

Memory Map of the image

  Image Entry point : 0x080001ad

  Load Region LR_IROM1 (Base: 0x08000000, Size: 0x00005a08, Max: 0x00200000, ABSOLUTE)

    Execution Region ER_IROM1 (Exec base: 0x08000000, Load base: 0x08000000, Size: 0x000059f4, Max: 0x00200000, ABSOLUTE)

    Exec Addr    Load Addr    Size         Type   Attr      Idx    E Section Name        Object

    0x08000000   0x08000000   0x000001ac   Data   RO            3    RESET               startup_stm32f427xx.o
    0x080001ac   0x080001ac   0x00000008   Code   RO         1298  * !!!main             c_w.l(__main.o)
    0x080001b4   0x080001b4   0x00000034   Code   RO         1761    !!!scatter          c_w.l(__scatter.o)
    0x080001e8   0x080001e8   0x0000001a   Code   RO         1763    !!handler_copy      c_w.l(__scatter_copy.o)
    0x08000202   0x08000202   0x00000002   PAD
    0x08000204   0x08000204   0x0000001c   Code   RO         1765    !!handler_zi        c_w.l(__scatter_zi.o)
    0x08000220   0x08000220   0x00000000   Code   RO         1428    .ARM.Collect$$_printf_percent$$00000000  c_w.l(_printf_percent.o)
    0x08000220   0x08000220   0x00000006   Code   RO         1417    .ARM.Collect$$_printf_percent$$00000001  c_w.l(_printf_n.o)
    0x08000226   0x08000226   0x00000006   Code   RO         1419    .ARM.Collect$$_printf_percent$$00000002  c_w.l(_printf_p.o)
    0x0800022c   0x0800022c   0x00000006   Code   RO         1424    .ARM.Collect$$_printf_percent$$00000003  c_w.l(_printf_f.o)
    0x08000232   0x08000232   0x00000006   Code   RO         1425    .ARM.Collect$$_printf_percent$$00000004  c_w.l(_printf_e.o)
    0x08000238   0x08000238   0x00000006   Code   RO         1426    .ARM.Collect$$_printf_percent$$00000005  c_w.l(_printf_g.o)
    0x0800023e   0x0800023e   0x00000006   Code   RO         1427    .ARM.Collect$$_printf_percent$$00000006  c_w.l(_printf_a.o)
    0x08000244   0x08000244   0x0000000a   Code   RO         1432    .ARM.Collect$$_printf_percent$$00000007  c_w.l(_printf_ll.o)
    0x0800024e   0x0800024e   0x00000006   Code   RO         1421    .ARM.Collect$$_printf_percent$$00000008  c_w.l(_printf_i.o)
    0x08000254   0x08000254   0x00000006   Code   RO         1422    .ARM.Collect$$_printf_percent$$00000009  c_w.l(_printf_d.o)
    0x0800025a   0x0800025a   0x00000006   Code   RO         1423    .ARM.Collect$$_printf_percent$$0000000A  c_w.l(_printf_u.o)
    0x08000260   0x08000260   0x00000006   Code   RO         1420    .ARM.Collect$$_printf_percent$$0000000B  c_w.l(_printf_o.o)
    0x08000266   0x08000266   0x00000006   Code   RO         1418    .ARM.Collect$$_printf_percent$$0000000C  c_w.l(_printf_x.o)
    0x0800026c   0x0800026c   0x00000006   Code   RO         1429    .ARM.Collect$$_printf_percent$$0000000D  c_w.l(_printf_lli.o)
    0x08000272   0x08000272   0x00000006   Code   RO         1430    .ARM.Collect$$_printf_percent$$0000000E  c_w.l(_printf_lld.o)
    0x08000278   0x08000278   0x00000006   Code   RO         1431    .ARM.Collect$$_printf_percent$$0000000F  c_w.l(_printf_llu.o)
    0x0800027e   0x0800027e   0x00000006   Code   RO         1436    .ARM.Collect$$_printf_percent$$00000010  c_w.l(_printf_llo.o)
    0x08000284   0x08000284   0x00000006   Code   RO         1437    .ARM.Collect$$_printf_percent$$00000011  c_w.l(_printf_llx.o)
    0x0800028a   0x0800028a   0x0000000a   Code   RO         1433    .ARM.Collect$$_printf_percent$$00000012  c_w.l(_printf_l.o)
    0x08000294   0x08000294   0x00000006   Code   RO         1415    .ARM.Collect$$_printf_percent$$00000013  c_w.l(_printf_c.o)
    0x0800029a   0x0800029a   0x00000006   Code   RO         1416    .ARM.Collect$$_printf_percent$$00000014  c_w.l(_printf_s.o)
    0x080002a0   0x080002a0   0x00000006   Code   RO         1434    .ARM.Collect$$_printf_percent$$00000015  c_w.l(_printf_lc.o)
    0x080002a6   0x080002a6   0x00000006   Code   RO         1435    .ARM.Collect$$_printf_percent$$00000016  c_w.l(_printf_ls.o)
    0x080002ac   0x080002ac   0x00000004   Code   RO         1602    .ARM.Collect$$_printf_percent$$00000017  c_w.l(_printf_percent_end.o)
    0x080002b0   0x080002b0   0x00000002   Code   RO         1681    .ARM.Collect$$libinit$$00000000  c_w.l(libinit.o)
    0x080002b2   0x080002b2   0x00000004   Code   RO         1440    .ARM.Collect$$libinit$$00000001  c_w.l(libinit2.o)
    0x080002b6   0x080002b6   0x00000000   Code   RO         1443    .ARM.Collect$$libinit$$00000004  c_w.l(libinit2.o)
    0x080002b6   0x080002b6   0x00000000   Code   RO         1446    .ARM.Collect$$libinit$$0000000A  c_w.l(libinit2.o)
    0x080002b6   0x080002b6   0x00000000   Code   RO         1448    .ARM.Collect$$libinit$$0000000C  c_w.l(libinit2.o)
    0x080002b6   0x080002b6   0x00000000   Code   RO         1450    .ARM.Collect$$libinit$$0000000E  c_w.l(libinit2.o)
    0x080002b6   0x080002b6   0x00000006   Code   RO         1451    .ARM.Collect$$libinit$$0000000F  c_w.l(libinit2.o)
    0x080002bc   0x080002bc   0x00000000   Code   RO         1453    .ARM.Collect$$libinit$$00000011  c_w.l(libinit2.o)
    0x080002bc   0x080002bc   0x0000000c   Code   RO         1454    .ARM.Collect$$libinit$$00000012  c_w.l(libinit2.o)
    0x080002c8   0x080002c8   0x00000000   Code   RO         1455    .ARM.Collect$$libinit$$00000013  c_w.l(libinit2.o)
    0x080002c8   0x080002c8   0x00000000   Code   RO         1457    .ARM.Collect$$libinit$$00000015  c_w.l(libinit2.o)
    0x080002c8   0x080002c8   0x0000000a   Code   RO         1458    .ARM.Collect$$libinit$$00000016  c_w.l(libinit2.o)
    0x080002d2   0x080002d2   0x00000000   Code   RO         1459    .ARM.Collect$$libinit$$00000017  c_w.l(libinit2.o)
    0x080002d2   0x080002d2   0x00000000   Code   RO         1461    .ARM.Collect$$libinit$$00000019  c_w.l(libinit2.o)
    0x080002d2   0x080002d2   0x00000000   Code   RO         1463    .ARM.Collect$$libinit$$0000001B  c_w.l(libinit2.o)
    0x080002d2   0x080002d2   0x00000000   Code   RO         1465    .ARM.Collect$$libinit$$0000001D  c_w.l(libinit2.o)
    0x080002d2   0x080002d2   0x00000000   Code   RO         1467    .ARM.Collect$$libinit$$0000001F  c_w.l(libinit2.o)
    0x080002d2   0x080002d2   0x00000000   Code   RO         1469    .ARM.Collect$$libinit$$00000021  c_w.l(libinit2.o)
    0x080002d2   0x080002d2   0x00000000   Code   RO         1471    .ARM.Collect$$libinit$$00000023  c_w.l(libinit2.o)
    0x080002d2   0x080002d2   0x00000000   Code   RO         1473    .ARM.Collect$$libinit$$00000025  c_w.l(libinit2.o)
    0x080002d2   0x080002d2   0x00000008   Code   RO         1475    .ARM.Collect$$libinit$$00000027  c_w.l(libinit2.o)
    0x080002da   0x080002da   0x00000000   Code   RO         1479    .ARM.Collect$$libinit$$0000002E  c_w.l(libinit2.o)
    0x080002da   0x080002da   0x00000000   Code   RO         1481    .ARM.Collect$$libinit$$00000030  c_w.l(libinit2.o)
    0x080002da   0x080002da   0x00000004   Code   RO         1482    .ARM.Collect$$libinit$$00000031  c_w.l(libinit2.o)
    0x080002de   0x080002de   0x00000000   Code   RO         1483    .ARM.Collect$$libinit$$00000032  c_w.l(libinit2.o)
    0x080002de   0x080002de   0x00000002   Code   RO         1484    .ARM.Collect$$libinit$$00000033  c_w.l(libinit2.o)
    0x080002e0   0x080002e0   0x00000002   Code   RO         1742    .ARM.Collect$$libshutdown$$00000000  c_w.l(libshutdown.o)
    0x080002e2   0x080002e2   0x00000000   Code   RO         1744    .ARM.Collect$$libshutdown$$00000002  c_w.l(libshutdown2.o)
    0x080002e2   0x080002e2   0x00000000   Code   RO         1746    .ARM.Collect$$libshutdown$$00000004  c_w.l(libshutdown2.o)
    0x080002e2   0x080002e2   0x00000000   Code   RO         1749    .ARM.Collect$$libshutdown$$00000007  c_w.l(libshutdown2.o)
    0x080002e2   0x080002e2   0x00000000   Code   RO         1752    .ARM.Collect$$libshutdown$$0000000A  c_w.l(libshutdown2.o)
    0x080002e2   0x080002e2   0x00000000   Code   RO         1754    .ARM.Collect$$libshutdown$$0000000C  c_w.l(libshutdown2.o)
    0x080002e2   0x080002e2   0x00000000   Code   RO         1757    .ARM.Collect$$libshutdown$$0000000F  c_w.l(libshutdown2.o)
    0x080002e2   0x080002e2   0x00000002   Code   RO         1758    .ARM.Collect$$libshutdown$$00000010  c_w.l(libshutdown2.o)
    0x080002e4   0x080002e4   0x00000000   Code   RO         1342    .ARM.Collect$$rtentry$$00000000  c_w.l(__rtentry.o)
    0x080002e4   0x080002e4   0x00000000   Code   RO         1571    .ARM.Collect$$rtentry$$00000002  c_w.l(__rtentry2.o)
    0x080002e4   0x080002e4   0x00000006   Code   RO         1583    .ARM.Collect$$rtentry$$00000004  c_w.l(__rtentry4.o)
    0x080002ea   0x080002ea   0x00000000   Code   RO         1573    .ARM.Collect$$rtentry$$00000009  c_w.l(__rtentry2.o)
    0x080002ea   0x080002ea   0x00000004   Code   RO         1574    .ARM.Collect$$rtentry$$0000000A  c_w.l(__rtentry2.o)
    0x080002ee   0x080002ee   0x00000000   Code   RO         1576    .ARM.Collect$$rtentry$$0000000C  c_w.l(__rtentry2.o)
    0x080002ee   0x080002ee   0x00000008   Code   RO         1577    .ARM.Collect$$rtentry$$0000000D  c_w.l(__rtentry2.o)
    0x080002f6   0x080002f6   0x00000002   Code   RO         1694    .ARM.Collect$$rtexit$$00000000  c_w.l(rtexit.o)
    0x080002f8   0x080002f8   0x00000000   Code   RO         1718    .ARM.Collect$$rtexit$$00000002  c_w.l(rtexit2.o)
    0x080002f8   0x080002f8   0x00000004   Code   RO         1719    .ARM.Collect$$rtexit$$00000003  c_w.l(rtexit2.o)
    0x080002fc   0x080002fc   0x00000006   Code   RO         1720    .ARM.Collect$$rtexit$$00000004  c_w.l(rtexit2.o)
    0x08000302   0x08000302   0x00000002   PAD
    0x08000304   0x08000304   0x00000004   Code   RO         1611    .emb_text           c_w.l(argv_veneer.o)
    0x08000308   0x08000308   0x00000040   Code   RO            4    .text               startup_stm32f427xx.o
    0x08000348   0x08000348   0x000000ee   Code   RO         1288    .text               c_w.l(lludivv7m.o)
    0x08000436   0x08000436   0x00000002   PAD
    0x08000438   0x08000438   0x00000024   Code   RO         1290    .text               c_w.l(vsprintf.o)
    0x0800045c   0x0800045c   0x0000003e   Code   RO         1292    .text               c_w.l(strlen.o)
    0x0800049a   0x0800049a   0x0000004e   Code   RO         1294    .text               c_w.l(rt_memclr_w.o)
    0x080004e8   0x080004e8   0x00000006   Code   RO         1296    .text               c_w.l(heapauxi.o)
    0x080004ee   0x080004ee   0x00000002   PAD
    0x080004f0   0x080004f0   0x00000024   Code   RO         1303    .text               c_w.l(init_aeabi.o)
    0x08000514   0x08000514   0x0000004e   Code   RO         1349    .text               c_w.l(_printf_pad.o)
    0x08000562   0x08000562   0x00000024   Code   RO         1351    .text               c_w.l(_printf_truncate.o)
    0x08000586   0x08000586   0x00000052   Code   RO         1353    .text               c_w.l(_printf_str.o)
    0x080005d8   0x080005d8   0x00000078   Code   RO         1355    .text               c_w.l(_printf_dec.o)
    0x08000650   0x08000650   0x00000028   Code   RO         1357    .text               c_w.l(_printf_charcount.o)
    0x08000678   0x08000678   0x00000030   Code   RO         1359    .text               c_w.l(_printf_char_common.o)
    0x080006a8   0x080006a8   0x0000000a   Code   RO         1361    .text               c_w.l(_sputc.o)
    0x080006b2   0x080006b2   0x00000002   PAD
    0x080006b4   0x080006b4   0x000000bc   Code   RO         1363    .text               c_w.l(_printf_wctomb.o)
    0x08000770   0x08000770   0x0000007c   Code   RO         1366    .text               c_w.l(_printf_longlong_dec.o)
    0x080007ec   0x080007ec   0x00000070   Code   RO         1372    .text               c_w.l(_printf_oct_int_ll.o)
    0x0800085c   0x0800085c   0x00000094   Code   RO         1392    .text               c_w.l(_printf_hex_int_ll_ptr.o)
    0x080008f0   0x080008f0   0x00000188   Code   RO         1412    .text               c_w.l(__printf_flags_ss_wp.o)
    0x08000a78   0x08000a78   0x0000000c   Code   RO         1566    .text               c_w.l(sys_exit.o)
    0x08000a84   0x08000a84   0x0000008a   Code   RO         1587    .text               c_w.l(lludiv10.o)
    0x08000b0e   0x08000b0e   0x000000b2   Code   RO         1589    .text               c_w.l(_printf_intcommon.o)
    0x08000bc0   0x08000bc0   0x0000041e   Code   RO         1591    .text               c_w.l(_printf_fp_dec.o)
    0x08000fde   0x08000fde   0x00000002   PAD
    0x08000fe0   0x08000fe0   0x000002fc   Code   RO         1593    .text               c_w.l(_printf_fp_hex.o)
    0x080012dc   0x080012dc   0x0000002c   Code   RO         1598    .text               c_w.l(_printf_char.o)
    0x08001308   0x08001308   0x0000002c   Code   RO         1600    .text               c_w.l(_printf_wchar.o)
    0x08001334   0x08001334   0x00000048   Code   RO         1603    .text               c_w.l(_c16rtomb.o)
    0x0800137c   0x0800137c   0x00000002   Code   RO         1616    .text               c_w.l(use_no_semi.o)
    0x0800137e   0x0800137e   0x00000000   Code   RO         1618    .text               c_w.l(indicate_semi.o)
    0x0800137e   0x0800137e   0x0000004a   Code   RO         1619    .text               c_w.l(sys_stackheap_outer.o)
    0x080013c8   0x080013c8   0x00000010   Code   RO         1621    .text               c_w.l(rt_ctype_table.o)
    0x080013d8   0x080013d8   0x00000008   Code   RO         1628    .text               c_w.l(rt_locale_intlibspace.o)
    0x080013e0   0x080013e0   0x00000080   Code   RO         1630    .text               c_w.l(_printf_fp_infnan.o)
    0x08001460   0x08001460   0x000000e4   Code   RO         1632    .text               c_w.l(bigflt0.o)
    0x08001544   0x08001544   0x00000012   Code   RO         1660    .text               c_w.l(exit.o)
    0x08001556   0x08001556   0x0000000a   Code   RO         1662    .text               c_w.l(defsig_exit.o)
    0x08001560   0x08001560   0x0000012e   Code   RO         1677    .text               c_w.l(_get_argv_nomalloc.o)
    0x0800168e   0x0800168e   0x00000018   Code   RO         1687    .text               c_w.l(sys_command.o)
    0x080016a6   0x080016a6   0x00000002   PAD
    0x080016a8   0x080016a8   0x00000008   Code   RO         1691    .text               c_w.l(libspace.o)
    0x080016b0   0x080016b0   0x00000004   Code   RO         1696    .text               c_w.l(hrguard.o)
    0x080016b4   0x080016b4   0x00000032   Code   RO         1703    .text               c_w.l(defsig_general.o)
    0x080016e6   0x080016e6   0x0000000e   Code   RO         1707    .text               c_w.l(defsig_rtmem_outer.o)
    0x080016f4   0x080016f4   0x00000004   PAD
    0x080016f8   0x080016f8   0x0000007c   Code   RO         1711    .text               c_w.l(strcmpv7em.o)
    0x08001774   0x08001774   0x0000000e   Code   RO         1713    .text               c_w.l(sys_wrch.o)
    0x08001782   0x08001782   0x00000002   PAD
    0x08001784   0x08001784   0x00000050   Code   RO         1724    .text               c_w.l(defsig_rtmem_inner.o)
    0x080017d4   0x080017d4   0x00000004   Code   RO           93    .text.BusFault_Handler  stm32f4xx_it.o
    0x080017d8   0x080017d8   0x00000010   Code   RO          105    .text.CAN1_RX0_IRQHandler  stm32f4xx_it.o
    0x080017e8   0x080017e8   0x00000010   Code   RO          109    .text.CAN2_RX0_IRQHandler  stm32f4xx_it.o
    0x080017f8   0x080017f8   0x00000002   Code   RO           99    .text.DebugMon_Handler  stm32f4xx_it.o
    0x080017fa   0x080017fa   0x00000002   PAD
    0x080017fc   0x080017fc   0x00000006   Code   RO           69    .text.Error_Handler  main.o
    0x08001802   0x08001802   0x00000002   PAD
    0x08001804   0x08001804   0x0000005a   Code   RO          195    .text.HAL_CAN_ActivateNotification  stm32f4xx_hal_can.o
    0x0800185e   0x0800185e   0x00000002   PAD
    0x08001860   0x08001860   0x00000172   Code   RO          181    .text.HAL_CAN_AddTxMessage  stm32f4xx_hal_can.o
    0x080019d2   0x080019d2   0x00000002   PAD
    0x080019d4   0x080019d4   0x000001bc   Code   RO          171    .text.HAL_CAN_ConfigFilter  stm32f4xx_hal_can.o
    0x08001b90   0x08001b90   0x0000000c   Code   RO          225    .text.HAL_CAN_ErrorCallback  stm32f4xx_hal_can.o
    0x08001b9c   0x08001b9c   0x00000232   Code   RO          191    .text.HAL_CAN_GetRxMessage  stm32f4xx_hal_can.o
    0x08001dce   0x08001dce   0x00000002   PAD
    0x08001dd0   0x08001dd0   0x00000074   Code   RO          185    .text.HAL_CAN_GetTxMailboxesFreeLevel  stm32f4xx_hal_can.o
    0x08001e44   0x08001e44   0x00000408   Code   RO          199    .text.HAL_CAN_IRQHandler  stm32f4xx_hal_can.o
    0x0800224c   0x0800224c   0x000001f0   Code   RO          161    .text.HAL_CAN_Init  stm32f4xx_hal_can.o
    0x0800243c   0x0800243c   0x0000019a   Code   RO          123    .text.HAL_CAN_MspInit  stm32f4xx_hal_msp.o
    0x080025d6   0x080025d6   0x00000002   PAD
    0x080025d8   0x080025d8   0x0000000c   Code   RO          213    .text.HAL_CAN_RxFifo0FullCallback  stm32f4xx_hal_can.o
    0x080025e4   0x080025e4   0x00000056   Code   RO           22    .text.HAL_CAN_RxFifo0MsgPendingCallback  maincpp.o
    0x0800263a   0x0800263a   0x00000002   PAD
    0x0800263c   0x0800263c   0x0000000c   Code   RO          217    .text.HAL_CAN_RxFifo1FullCallback  stm32f4xx_hal_can.o
    0x08002648   0x08002648   0x0000000c   Code   RO          219    .text.HAL_CAN_RxFifo1MsgPendingCallback  stm32f4xx_hal_can.o
    0x08002654   0x08002654   0x0000000c   Code   RO          221    .text.HAL_CAN_SleepCallback  stm32f4xx_hal_can.o
    0x08002660   0x08002660   0x00000094   Code   RO          173    .text.HAL_CAN_Start  stm32f4xx_hal_can.o
    0x080026f4   0x080026f4   0x0000000c   Code   RO          203    .text.HAL_CAN_TxMailbox0AbortCallback  stm32f4xx_hal_can.o
    0x08002700   0x08002700   0x0000000c   Code   RO          201    .text.HAL_CAN_TxMailbox0CompleteCallback  stm32f4xx_hal_can.o
    0x0800270c   0x0800270c   0x0000000c   Code   RO          207    .text.HAL_CAN_TxMailbox1AbortCallback  stm32f4xx_hal_can.o
    0x08002718   0x08002718   0x0000000c   Code   RO          205    .text.HAL_CAN_TxMailbox1CompleteCallback  stm32f4xx_hal_can.o
    0x08002724   0x08002724   0x0000000c   Code   RO          211    .text.HAL_CAN_TxMailbox2AbortCallback  stm32f4xx_hal_can.o
    0x08002730   0x08002730   0x0000000c   Code   RO          209    .text.HAL_CAN_TxMailbox2CompleteCallback  stm32f4xx_hal_can.o
    0x0800273c   0x0800273c   0x0000000c   Code   RO          223    .text.HAL_CAN_WakeUpFromRxMsgCallback  stm32f4xx_hal_can.o
    0x08002748   0x08002748   0x0000004e   Code   RO          686    .text.HAL_Delay     stm32f4xx_hal.o
    0x08002796   0x08002796   0x00000002   PAD
    0x08002798   0x08002798   0x00000408   Code   RO          423    .text.HAL_GPIO_Init  stm32f4xx_hal_gpio.o
    0x08002ba0   0x08002ba0   0x0000000c   Code   RO          678    .text.HAL_GetTick   stm32f4xx_hal.o
    0x08002bac   0x08002bac   0x0000001a   Code   RO          676    .text.HAL_IncTick   stm32f4xx_hal.o
    0x08002bc6   0x08002bc6   0x00000002   PAD
    0x08002bc8   0x08002bc8   0x0000003c   Code   RO          666    .text.HAL_Init      stm32f4xx_hal.o
    0x08002c04   0x08002c04   0x00000100   Code   RO          143    .text.HAL_InitTick  stm32f4xx_hal_timebase_tim.o
    0x08002d04   0x08002d04   0x0000004e   Code   RO          121    .text.HAL_MspInit   stm32f4xx_hal_msp.o
    0x08002d52   0x08002d52   0x00000002   PAD
    0x08002d54   0x08002d54   0x00000018   Code   RO          597    .text.HAL_NVIC_EnableIRQ  stm32f4xx_hal_cortex.o
    0x08002d6c   0x08002d6c   0x00000046   Code   RO          589    .text.HAL_NVIC_SetPriority  stm32f4xx_hal_cortex.o
    0x08002db2   0x08002db2   0x00000002   PAD
    0x08002db4   0x08002db4   0x00000014   Code   RO          585    .text.HAL_NVIC_SetPriorityGrouping  stm32f4xx_hal_cortex.o
    0x08002dc8   0x08002dc8   0x000000c8   Code   RO          568    .text.HAL_PWREx_EnableOverDrive  stm32f4xx_hal_pwr_ex.o
    0x08002e90   0x08002e90   0x00000276   Code   RO          248    .text.HAL_RCC_ClockConfig  stm32f4xx_hal_rcc.o
    0x08003106   0x08003106   0x00000002   PAD
    0x08003108   0x08003108   0x00000068   Code   RO          266    .text.HAL_RCC_GetClockConfig  stm32f4xx_hal_rcc.o
    0x08003170   0x08003170   0x0000000c   Code   RO          258    .text.HAL_RCC_GetHCLKFreq  stm32f4xx_hal_rcc.o
    0x0800317c   0x0800317c   0x00000026   Code   RO          260    .text.HAL_RCC_GetPCLK1Freq  stm32f4xx_hal_rcc.o
    0x080031a2   0x080031a2   0x00000002   PAD
    0x080031a4   0x080031a4   0x00000026   Code   RO          262    .text.HAL_RCC_GetPCLK2Freq  stm32f4xx_hal_rcc.o
    0x080031ca   0x080031ca   0x00000002   PAD
    0x080031cc   0x080031cc   0x000000e8   Code   RO          250    .text.HAL_RCC_GetSysClockFreq  stm32f4xx_hal_rcc.o
    0x080032b4   0x080032b4   0x00000700   Code   RO          246    .text.HAL_RCC_OscConfig  stm32f4xx_hal_rcc.o
    0x080039b4   0x080039b4   0x0000000c   Code   RO         1094    .text.HAL_TIMEx_BreakCallback  stm32f4xx_hal_tim_ex.o
    0x080039c0   0x080039c0   0x0000000c   Code   RO         1090    .text.HAL_TIMEx_CommutCallback  stm32f4xx_hal_tim_ex.o
    0x080039cc   0x080039cc   0x000000aa   Code   RO          767    .text.HAL_TIM_Base_Init  stm32f4xx_hal_tim.o
    0x08003a76   0x08003a76   0x00000002   PAD
    0x08003a78   0x08003a78   0x0000000c   Code   RO          769    .text.HAL_TIM_Base_MspInit  stm32f4xx_hal_tim.o
    0x08003a84   0x08003a84   0x000000fa   Code   RO          781    .text.HAL_TIM_Base_Start_IT  stm32f4xx_hal_tim.o
    0x08003b7e   0x08003b7e   0x00000002   PAD
    0x08003b80   0x08003b80   0x0000000c   Code   RO          903    .text.HAL_TIM_IC_CaptureCallback  stm32f4xx_hal_tim.o
    0x08003b8c   0x08003b8c   0x00000206   Code   RO          901    .text.HAL_TIM_IRQHandler  stm32f4xx_hal_tim.o
    0x08003d92   0x08003d92   0x00000002   PAD
    0x08003d94   0x08003d94   0x0000000c   Code   RO          905    .text.HAL_TIM_OC_DelayElapsedCallback  stm32f4xx_hal_tim.o
    0x08003da0   0x08003da0   0x0000000c   Code   RO          907    .text.HAL_TIM_PWM_PulseFinishedCallback  stm32f4xx_hal_tim.o
    0x08003dac   0x08003dac   0x00000026   Code   RO           71    .text.HAL_TIM_PeriodElapsedCallback  main.o
    0x08003dd2   0x08003dd2   0x00000002   PAD
    0x08003dd4   0x08003dd4   0x0000000c   Code   RO          911    .text.HAL_TIM_TriggerCallback  stm32f4xx_hal_tim.o
    0x08003de0   0x08003de0   0x000000aa   Code   RO         1111    .text.HAL_UART_Init  stm32f4xx_hal_uart.o
    0x08003e8a   0x08003e8a   0x00000002   PAD
    0x08003e8c   0x08003e8c   0x0000009a   Code   RO          127    .text.HAL_UART_MspInit  stm32f4xx_hal_msp.o
    0x08003f26   0x08003f26   0x00000002   PAD
    0x08003f28   0x08003f28   0x00000152   Code   RO         1127    .text.HAL_UART_Transmit  stm32f4xx_hal_uart.o
    0x0800407a   0x0800407a   0x00000002   PAD
    0x0800407c   0x0800407c   0x00000004   Code   RO           89    .text.HardFault_Handler  stm32f4xx_it.o
    0x08004080   0x08004080   0x0000004a   Code   RO           63    .text.MX_CAN1_Init  main.o
    0x080040ca   0x080040ca   0x00000002   PAD
    0x080040cc   0x080040cc   0x00000048   Code   RO           65    .text.MX_CAN2_Init  main.o
    0x08004114   0x08004114   0x000000ba   Code   RO           61    .text.MX_GPIO_Init  main.o
    0x080041ce   0x080041ce   0x00000002   PAD
    0x080041d0   0x080041d0   0x0000003c   Code   RO           67    .text.MX_UART7_Init  main.o
    0x0800420c   0x0800420c   0x00000004   Code   RO           91    .text.MemManage_Handler  stm32f4xx_it.o
    0x08004210   0x08004210   0x00000004   Code   RO           87    .text.NMI_Handler   stm32f4xx_it.o
    0x08004214   0x08004214   0x00000080   Code   RO          595    .text.NVIC_EncodePriority  stm32f4xx_hal_cortex.o
    0x08004294   0x08004294   0x00000002   Code   RO          101    .text.PendSV_Handler  stm32f4xx_it.o
    0x08004296   0x08004296   0x00000002   PAD
    0x08004298   0x08004298   0x00000002   Code   RO           97    .text.SVC_Handler   stm32f4xx_it.o
    0x0800429a   0x0800429a   0x00000002   PAD
    0x0800429c   0x0800429c   0x00000002   Code   RO          103    .text.SysTick_Handler  stm32f4xx_it.o
    0x0800429e   0x0800429e   0x00000002   PAD
    0x080042a0   0x080042a0   0x000000d4   Code   RO           59    .text.SystemClock_Config  main.o
    0x08004374   0x08004374   0x00000012   Code   RO         1246    .text.SystemInit    system_stm32f4xx.o
    0x08004386   0x08004386   0x00000002   PAD
    0x08004388   0x08004388   0x00000010   Code   RO          107    .text.TIM8_UP_TIM13_IRQHandler  stm32f4xx_it.o
    0x08004398   0x08004398   0x000001ba   Code   RO          771    .text.TIM_Base_SetConfig  stm32f4xx_hal_tim.o
    0x08004552   0x08004552   0x00000002   PAD
    0x08004554   0x08004554   0x00000098   Code   RO         1159    .text.UART_EndRxTransfer  stm32f4xx_hal_uart.o
    0x080045ec   0x080045ec   0x00000166   Code   RO         1115    .text.UART_SetConfig  stm32f4xx_hal_uart.o
    0x08004752   0x08004752   0x00000002   PAD
    0x08004754   0x08004754   0x000000fe   Code   RO         1129    .text.UART_WaitOnFlagUntilTimeout  stm32f4xx_hal_uart.o
    0x08004852   0x08004852   0x00000002   PAD
    0x08004854   0x08004854   0x00000004   Code   RO           95    .text.UsageFault_Handler  stm32f4xx_it.o
    0x08004858   0x08004858   0x00000008   Code   RO           24    .text._GLOBAL__sub_I_maincpp.cpp  maincpp.o
    0x08004860   0x08004860   0x0000005a   Code   RO           17    .text._Z13Serial_PrintfPcz  maincpp.o
    0x080048ba   0x080048ba   0x00000002   PAD
    0x080048bc   0x080048bc   0x0000006a   Code   RO           15    .text._Z16Configure_Filterv  maincpp.o
    0x08004926   0x08004926   0x00000002   PAD
    0x08004928   0x08004928   0x00000048   Code   RO           50    .text._ZN19pid_base_template_tIifE10pid_updateEfff  maincpp.o
    0x08004970   0x08004970   0x0000003c   Code   RO         1282    .text._ZN19pid_base_template_tIifE13target_updateEib  motor.o
    0x080049ac   0x080049ac   0x00000028   Code   RO           54    .text._ZN19pid_base_template_tIifE5resetEv  maincpp.o
    0x080049d4   0x080049d4   0x000000d2   Code   RO         1284    .text._ZN19pid_base_template_tIifE6updateEi  motor.o
    0x08004aa6   0x08004aa6   0x00000002   PAD
    0x08004aa8   0x08004aa8   0x00000028   Code   RO           52    .text._ZN19pid_base_template_tIifE9out_limitEii  maincpp.o
    0x08004ad0   0x08004ad0   0x0000005a   Code   RO           46    .text._ZN19pid_base_template_tIifEC2E15PidBaseConfig_TIifE  maincpp.o
    0x08004b2a   0x08004b2a   0x00000002   PAD
    0x08004b2c   0x08004b2c   0x00000066   Code   RO           48    .text._ZN19pid_base_template_tIifEC2Efffii  maincpp.o
    0x08004b92   0x08004b92   0x00000002   PAD
    0x08004b94   0x08004b94   0x000000c8   Code   RO         1264    .text._ZN5Motor16MotorInterface_t13ControlOutputEs  motor.o
    0x08004c5c   0x08004c5c   0x0000000c   Code   RO         1266    .text._ZN5Motor16MotorInterface_t6updateEv  motor.o
    0x08004c68   0x08004c68   0x00000046   Code   RO           42    .text._ZN5Motor16MotorInterface_t8bind_pinEhP17CAN_HandleTypeDefPhb  maincpp.o
    0x08004cae   0x08004cae   0x00000002   PAD
    0x08004cb0   0x08004cb0   0x00000028   Code   RO           44    .text._ZN5Motor16MotorInterface_tC2Ev  maincpp.o
    0x08004cd8   0x08004cd8   0x00000058   Code   RO         1268    .text._ZN5Motor7Motor_t10set_targetEf  motor.o
    0x08004d30   0x08004d30   0x0000002e   Code   RO         1270    .text._ZN5Motor7Motor_t13ControlUpdateEv  motor.o
    0x08004d5e   0x08004d5e   0x00000002   PAD
    0x08004d60   0x08004d60   0x0000007a   Code   RO           40    .text._ZN5Motor7Motor_tC2Ev  maincpp.o
    0x08004dda   0x08004dda   0x00000002   PAD
    0x08004ddc   0x08004ddc   0x00000036   Code   RO          599    .text.__NVIC_EnableIRQ  stm32f4xx_hal_cortex.o
    0x08004e12   0x08004e12   0x00000002   PAD
    0x08004e14   0x08004e14   0x00000010   Code   RO          591    .text.__NVIC_GetPriorityGrouping  stm32f4xx_hal_cortex.o
    0x08004e24   0x08004e24   0x0000004a   Code   RO          593    .text.__NVIC_SetPriority  stm32f4xx_hal_cortex.o
    0x08004e6e   0x08004e6e   0x00000002   PAD
    0x08004e70   0x08004e70   0x00000040   Code   RO          587    .text.__NVIC_SetPriorityGrouping  stm32f4xx_hal_cortex.o
    0x08004eb0   0x08004eb0   0x00000010   Code   RO           11    .text.__cxx_global_var_init  maincpp.o
    0x08004ec0   0x08004ec0   0x0000002c   Code   RO           57    .text.main          main.o
    0x08004eec   0x08004eec   0x00000064   Code   RO           13    .text.main_cpp      maincpp.o
    0x08004f50   0x08004f50   0x0000003e   Code   RO         1635    CL$$btod_d2e        c_w.l(btod.o)
    0x08004f8e   0x08004f8e   0x00000046   Code   RO         1637    CL$$btod_d2e_denorm_low  c_w.l(btod.o)
    0x08004fd4   0x08004fd4   0x00000060   Code   RO         1636    CL$$btod_d2e_norm_op1  c_w.l(btod.o)
    0x08005034   0x08005034   0x00000338   Code   RO         1645    CL$$btod_div_common  c_w.l(btod.o)
    0x0800536c   0x0800536c   0x000000dc   Code   RO         1642    CL$$btod_e2e        c_w.l(btod.o)
    0x08005448   0x08005448   0x0000002a   Code   RO         1639    CL$$btod_ediv       c_w.l(btod.o)
    0x08005472   0x08005472   0x0000002a   Code   RO         1638    CL$$btod_emul       c_w.l(btod.o)
    0x0800549c   0x0800549c   0x00000244   Code   RO         1644    CL$$btod_mult_common  c_w.l(btod.o)
    0x080056e0   0x080056e0   0x00000030   Code   RO         1685    i.__ARM_fpclassify  m_wm.l(fpclassify.o)
    0x08005710   0x08005710   0x0000000e   Code   RO         1405    i._is_digit         c_w.l(__printf_wp.o)
    0x0800571e   0x0800571e   0x00000002   PAD
    0x08005720   0x08005720   0x0000002c   Code   RO         1658    locale$$code        c_w.l(lc_numeric_c.o)
    0x0800574c   0x0800574c   0x0000002c   Code   RO         1699    locale$$code        c_w.l(lc_ctype_c.o)
    0x08005778   0x08005778   0x0000000a   Code   RO         1613    x$fpl$fpinit        fz_wm.l(fpinit.o)
    0x08005782   0x08005782   0x00000004   Code   RO         1485    x$fpl$printf1       fz_wm.l(printf1.o)
    0x08005786   0x08005786   0x00000004   Code   RO         1487    x$fpl$printf2       fz_wm.l(printf2.o)
    0x0800578a   0x0800578a   0x00000000   Code   RO         1684    x$fpl$usenofp       fz_wm.l(usenofp.o)
    0x0800578a   0x0800578a   0x00000002   PAD
    0x0800578c   0x0800578c   0x00000008   Data   RO         1364    .constdata          c_w.l(_printf_wctomb.o)
    0x08005794   0x08005794   0x00000028   Data   RO         1393    .constdata          c_w.l(_printf_hex_int_ll_ptr.o)
    0x080057bc   0x080057bc   0x00000011   Data   RO         1413    .constdata          c_w.l(__printf_flags_ss_wp.o)
    0x080057cd   0x080057cd   0x00000026   Data   RO         1594    .constdata          c_w.l(_printf_fp_hex.o)
    0x080057f3   0x080057f3   0x00000001   PAD
    0x080057f4   0x080057f4   0x00000094   Data   RO         1633    .constdata          c_w.l(bigflt0.o)
    0x08005888   0x08005888   0x00000010   Data   RO         1251    .rodata.AHBPrescTable  system_stm32f4xx.o
    0x08005898   0x08005898   0x00000008   Data   RO         1252    .rodata.APBPrescTable  system_stm32f4xx.o
    0x080058a0   0x080058a0   0x00000004   Data   RO           28    .rodata.str1.1      maincpp.o
    0x080058a4   0x080058a4   0x00000020   Data   RO         1759    Region$$Table       anon$$obj.o
    0x080058c4   0x080058c4   0x0000001c   Data   RO         1657    locale$$data        c_w.l(lc_numeric_c.o)
    0x080058e0   0x080058e0   0x00000110   Data   RO         1698    locale$$data        c_w.l(lc_ctype_c.o)
    0x080059f0   0x080059f0   0x00000004   Data   RO           29    .init_array         maincpp.o


    Execution Region RW_IRAM2 (Exec base: 0x10000000, Load base: 0x08005a08, Size: 0x00000000, Max: 0x00010000, ABSOLUTE)

    **** No section assigned to this execution region ****


    Execution Region RW_IRAM1 (Exec base: 0x20000000, Load base: 0x080059f8, Size: 0x000045c0, Max: 0x00030000, ABSOLUTE)

    Exec Addr    Load Addr    Size         Type   Attr      Idx    E Section Name        Object

    0x20000000   0x080059f8   0x00000004   Data   RW         1250    .data.SystemCoreClock  system_stm32f4xx.o
    0x20000004   0x080059fc   0x00000001   Data   RW          725    .data.uwTickFreq    stm32f4xx_hal.o
    0x20000005   0x080059fd   0x00000003   PAD
    0x20000008   0x08005a00   0x00000004   Data   RW          724    .data.uwTickPrio    stm32f4xx_hal.o
    0x2000000c   0x08005a04   0x00000004   PAD
    0x20000010        -       0x00000060   Zero   RW         1692    .bss                c_w.l(libspace.o)
    0x20000070        -       0x00000004   Zero   RW          131    .bss.HAL_RCC_CAN1_CLK_ENABLED  stm32f4xx_hal_msp.o
    0x20000074        -       0x00000008   Zero   RW           26    .bss.common_buffer  maincpp.o
    0x2000007c        -       0x00000028   Zero   RW           73    .bss.hcan1          main.o
    0x200000a4        -       0x00000028   Zero   RW           74    .bss.hcan2          main.o
    0x200000cc        -       0x00000048   Zero   RW          149    .bss.htim13         stm32f4xx_hal_timebase_tim.o
    0x20000114        -       0x00000048   Zero   RW           75    .bss.huart7         main.o
    0x2000015c        -       0x00000060   Zero   RW           27    .bss.motor          maincpp.o
    0x200001bc        -       0x00000004   Zero   RW          726    .bss.uwTick         stm32f4xx_hal.o
    0x200001c0        -       0x00004000   Zero   RW            2    HEAP                startup_stm32f427xx.o
    0x200041c0        -       0x00000400   Zero   RW            1    STACK               startup_stm32f427xx.o


==============================================================================

Image component sizes


      Code (inc. data)   RO Data    RW Data    ZI Data      Debug   Object Name

       692          0          0          0        152      10213   main.o
       982          0          8          0        104      14739   maincpp.o
       616          0          0          0          0       6849   motor.o
        64         26        428          0      17408        804   startup_stm32f427xx.o
       176          0          0          5          4       8279   stm32f4xx_hal.o
      3402          0          0          0          0      12853   stm32f4xx_hal_can.o
       450          0          0          0          0      10869   stm32f4xx_hal_cortex.o
      1032          0          0          0          0       5530   stm32f4xx_hal_gpio.o
       642          0          0          0          4       9697   stm32f4xx_hal_msp.o
       200          0          0          0          0       4575   stm32f4xx_hal_pwr_ex.o
      2846          0          0          0          0       7637   stm32f4xx_hal_rcc.o
      1440          0          0          0          0      38917   stm32f4xx_hal_tim.o
        24          0          0          0          0      16696   stm32f4xx_hal_tim_ex.o
       256          0          0          0         72       7618   stm32f4xx_hal_timebase_tim.o
      1272          0          0          0          0      22051   stm32f4xx_hal_uart.o
        76          0          0          0          0       1543   stm32f4xx_it.o
        18          0         24          4          0       2716   system_stm32f4xx.o

    ----------------------------------------------------------------------
     14268         26        492         12      17748     181586   Object Totals
         0          0         32          0          0          0   (incl. Generated)
        80          0          0          3          4          0   (incl. Padding)

    ----------------------------------------------------------------------

      Code (inc. data)   RO Data    RW Data    ZI Data      Debug   Library Member Name

         8          0          0          0          0         68   __main.o
       392          4         17          0          0         92   __printf_flags_ss_wp.o
        14          0          0          0          0         68   __printf_wp.o
         0          0          0          0          0          0   __rtentry.o
        12          0          0          0          0          0   __rtentry2.o
         6          0          0          0          0          0   __rtentry4.o
        52          8          0          0          0          0   __scatter.o
        26          0          0          0          0          0   __scatter_copy.o
        28          0          0          0          0          0   __scatter_zi.o
        72          0          0          0          0         96   _c16rtomb.o
       302          0          0          0          0        168   _get_argv_nomalloc.o
         6          0          0          0          0          0   _printf_a.o
         6          0          0          0          0          0   _printf_c.o
        44          0          0          0          0        108   _printf_char.o
        48          6          0          0          0         96   _printf_char_common.o
        40          0          0          0          0         68   _printf_charcount.o
         6          0          0          0          0          0   _printf_d.o
       120         16          0          0          0         92   _printf_dec.o
         6          0          0          0          0          0   _printf_e.o
         6          0          0          0          0          0   _printf_f.o
      1054          0          0          0          0        216   _printf_fp_dec.o
       764          8         38          0          0        100   _printf_fp_hex.o
       128         16          0          0          0         84   _printf_fp_infnan.o
         6          0          0          0          0          0   _printf_g.o
       148          4         40          0          0        160   _printf_hex_int_ll_ptr.o
         6          0          0          0          0          0   _printf_i.o
       178          0          0          0          0         88   _printf_intcommon.o
        10          0          0          0          0          0   _printf_l.o
         6          0          0          0          0          0   _printf_lc.o
        10          0          0          0          0          0   _printf_ll.o
         6          0          0          0          0          0   _printf_lld.o
         6          0          0          0          0          0   _printf_lli.o
         6          0          0          0          0          0   _printf_llo.o
         6          0          0          0          0          0   _printf_llu.o
         6          0          0          0          0          0   _printf_llx.o
       124         16          0          0          0         92   _printf_longlong_dec.o
         6          0          0          0          0          0   _printf_ls.o
         6          0          0          0          0          0   _printf_n.o
         6          0          0          0          0          0   _printf_o.o
       112          8          0          0          0        124   _printf_oct_int_ll.o
         6          0          0          0          0          0   _printf_p.o
        78          0          0          0          0        108   _printf_pad.o
         0          0          0          0          0          0   _printf_percent.o
         4          0          0          0          0          0   _printf_percent_end.o
         6          0          0          0          0          0   _printf_s.o
        82          0          0          0          0         80   _printf_str.o
        36          0          0          0          0         84   _printf_truncate.o
         6          0          0          0          0          0   _printf_u.o
        44          0          0          0          0        108   _printf_wchar.o
       188          6          8          0          0         92   _printf_wctomb.o
         6          0          0          0          0          0   _printf_x.o
        10          0          0          0          0         68   _sputc.o
         4          0          0          0          0         68   argv_veneer.o
       228          4        148          0          0         96   bigflt0.o
      1936        128          0          0          0        672   btod.o
        10          0          0          0          0         68   defsig_exit.o
        50          0          0          0          0         88   defsig_general.o
        80         58          0          0          0         76   defsig_rtmem_inner.o
        14          0          0          0          0         80   defsig_rtmem_outer.o
        18          0          0          0          0         80   exit.o
         6          0          0          0          0        152   heapauxi.o
         4          0          0          0          0        136   hrguard.o
         0          0          0          0          0          0   indicate_semi.o
        36         10          0          0          0         80   init_aeabi.o
        44         10        272          0          0         76   lc_ctype_c.o
        44         10         28          0          0         76   lc_numeric_c.o
         2          0          0          0          0          0   libinit.o
        46          0          0          0          0          0   libinit2.o
         2          0          0          0          0          0   libshutdown.o
         2          0          0          0          0          0   libshutdown2.o
         8          4          0          0         96         68   libspace.o
       138          0          0          0          0         80   lludiv10.o
       238          0          0          0          0        100   lludivv7m.o
        16          4          0          0          0         76   rt_ctype_table.o
         8          4          0          0          0         68   rt_locale_intlibspace.o
        78          0          0          0          0         80   rt_memclr_w.o
         2          0          0          0          0          0   rtexit.o
        10          0          0          0          0          0   rtexit2.o
       124          0          0          0          0         88   strcmpv7em.o
        62          0          0          0          0         76   strlen.o
        24          0          0          0          0         76   sys_command.o
        12          4          0          0          0         68   sys_exit.o
        74          0          0          0          0         80   sys_stackheap_outer.o
        14          0          0          0          0         76   sys_wrch.o
         2          0          0          0          0         68   use_no_semi.o
        36          4          0          0          0         76   vsprintf.o
        10          0          0          0          0        116   fpinit.o
         4          0          0          0          0        116   printf1.o
         4          0          0          0          0        116   printf2.o
         0          0          0          0          0          0   usenofp.o
        48          0          0          0          0        124   fpclassify.o

    ----------------------------------------------------------------------
      7716        332        552          0         96       5560   Library Totals
        24          0          1          0          0          0   (incl. Padding)

    ----------------------------------------------------------------------

      Code (inc. data)   RO Data    RW Data    ZI Data      Debug   Library Name

      7626        332        551          0         96       5088   c_w.l
        18          0          0          0          0        348   fz_wm.l
        48          0          0          0          0        124   m_wm.l

    ----------------------------------------------------------------------
      7716        332        552          0         96       5560   Library Totals

    ----------------------------------------------------------------------

==============================================================================


      Code (inc. data)   RO Data    RW Data    ZI Data      Debug   

     21984        358       1044         12      17844     183898   Grand Totals
     21984        358       1044         12      17844     183898   ELF Image Totals
     21984        358       1044         12          0          0   ROM Totals

==============================================================================

    Total RO  Size (Code + RO Data)                23028 (  22.49kB)
    Total RW  Size (RW Data + ZI Data)             17856 (  17.44kB)
    Total ROM Size (Code + RO Data + RW Data)      23040 (  22.50kB)

==============================================================================

