Component: Arm Compiler for Embedded 6.19 Tool: armlink [5e73cb00]

==============================================================================

Section Cross References

    startup_stm32f427xx.o(STACK) refers (Special) to heapauxi.o(.text) for __use_two_region_memory
    startup_stm32f427xx.o(HEAP) refers (Special) to heapauxi.o(.text) for __use_two_region_memory
    startup_stm32f427xx.o(RESET) refers (Special) to heapauxi.o(.text) for __use_two_region_memory
    startup_stm32f427xx.o(RESET) refers to startup_stm32f427xx.o(STACK) for __initial_sp
    startup_stm32f427xx.o(RESET) refers to startup_stm32f427xx.o(.text) for Reset_Handler
    startup_stm32f427xx.o(RESET) refers to stm32f4xx_it.o(.text.NMI_Handler) for NMI_Handler
    startup_stm32f427xx.o(RESET) refers to stm32f4xx_it.o(.text.HardFault_Handler) for HardFault_Handler
    startup_stm32f427xx.o(RESET) refers to stm32f4xx_it.o(.text.MemManage_Handler) for MemManage_Handler
    startup_stm32f427xx.o(RESET) refers to stm32f4xx_it.o(.text.BusFault_Handler) for BusFault_Handler
    startup_stm32f427xx.o(RESET) refers to stm32f4xx_it.o(.text.UsageFault_Handler) for UsageFault_Handler
    startup_stm32f427xx.o(RESET) refers to stm32f4xx_it.o(.text.SVC_Handler) for SVC_Handler
    startup_stm32f427xx.o(RESET) refers to stm32f4xx_it.o(.text.DebugMon_Handler) for DebugMon_Handler
    startup_stm32f427xx.o(RESET) refers to stm32f4xx_it.o(.text.PendSV_Handler) for PendSV_Handler
    startup_stm32f427xx.o(RESET) refers to stm32f4xx_it.o(.text.SysTick_Handler) for SysTick_Handler
    startup_stm32f427xx.o(RESET) refers to stm32f4xx_it.o(.text.CAN1_RX0_IRQHandler) for CAN1_RX0_IRQHandler
    startup_stm32f427xx.o(RESET) refers to stm32f4xx_it.o(.text.TIM8_UP_TIM13_IRQHandler) for TIM8_UP_TIM13_IRQHandler
    startup_stm32f427xx.o(RESET) refers to stm32f4xx_it.o(.text.CAN2_RX0_IRQHandler) for CAN2_RX0_IRQHandler
    startup_stm32f427xx.o(.text) refers (Special) to heapauxi.o(.text) for __use_two_region_memory
    startup_stm32f427xx.o(.text) refers to system_stm32f4xx.o(.text.SystemInit) for SystemInit
    startup_stm32f427xx.o(.text) refers to __main.o(!!!main) for __main
    startup_stm32f427xx.o(.text) refers to startup_stm32f427xx.o(HEAP) for Heap_Mem
    startup_stm32f427xx.o(.text) refers to startup_stm32f427xx.o(STACK) for Stack_Mem
    maincpp.o(.text.__cxx_global_var_init) refers to maincpp.o(.bss.motor) for motor
    maincpp.o(.text.__cxx_global_var_init) refers to maincpp.o(.text._ZN5Motor7Motor_tC2Ev) for Motor::Motor_t::Motor_t__sub_object()
    maincpp.o(.ARM.exidx.text.__cxx_global_var_init) refers to maincpp.o(.text.__cxx_global_var_init) for [Anonymous Symbol]
    maincpp.o(.text.main_cpp) refers to maincpp.o(.text._Z16Configure_Filterv) for Configure_Filter()
    maincpp.o(.text.main_cpp) refers to maincpp.o(.bss.motor) for motor
    maincpp.o(.text.main_cpp) refers to main.o(.bss.hcan1) for hcan1
    maincpp.o(.text.main_cpp) refers to maincpp.o(.bss.common_buffer) for common_buffer
    maincpp.o(.text.main_cpp) refers to maincpp.o(.text._ZN5Motor16MotorInterface_t8bind_pinEhP17CAN_HandleTypeDefPhb) for Motor::MotorInterface_t::bind_pin(unsigned char, CAN_HandleTypeDef*, unsigned char*, bool)
    maincpp.o(.text.main_cpp) refers to maincpp.o(.rodata.str1.1) for .L.str
    maincpp.o(.text.main_cpp) refers to maincpp.o(.text._Z13Serial_PrintfPcz) for Serial_Printf(char*, ...)
    maincpp.o(.text.main_cpp) refers to motor.o(.text._ZN5Motor7Motor_t10set_targetEf) for Motor::Motor_t::set_target(float)
    maincpp.o(.text.main_cpp) refers to motor.o(.text._ZN5Motor7Motor_t13ControlUpdateEv) for Motor::Motor_t::ControlUpdate()
    maincpp.o(.text.main_cpp) refers to stm32f4xx_hal.o(.text.HAL_Delay) for HAL_Delay
    maincpp.o(.ARM.exidx.text.main_cpp) refers to maincpp.o(.text.main_cpp) for [Anonymous Symbol]
    maincpp.o(.text._Z16Configure_Filterv) refers to main.o(.bss.hcan1) for hcan1
    maincpp.o(.text._Z16Configure_Filterv) refers to stm32f4xx_hal_can.o(.text.HAL_CAN_ConfigFilter) for HAL_CAN_ConfigFilter
    maincpp.o(.text._Z16Configure_Filterv) refers to main.o(.text.Error_Handler) for Error_Handler
    maincpp.o(.text._Z16Configure_Filterv) refers to stm32f4xx_hal_can.o(.text.HAL_CAN_Start) for HAL_CAN_Start
    maincpp.o(.text._Z16Configure_Filterv) refers to stm32f4xx_hal_can.o(.text.HAL_CAN_ActivateNotification) for HAL_CAN_ActivateNotification
    maincpp.o(.ARM.exidx.text._Z16Configure_Filterv) refers to maincpp.o(.text._Z16Configure_Filterv) for [Anonymous Symbol]
    maincpp.o(.text._Z13Serial_PrintfPcz) refers to vsprintf.o(.text) for vsprintf
    maincpp.o(.text._Z13Serial_PrintfPcz) refers to strlen.o(.text) for strlen
    maincpp.o(.text._Z13Serial_PrintfPcz) refers to main.o(.bss.huart7) for huart7
    maincpp.o(.text._Z13Serial_PrintfPcz) refers to stm32f4xx_hal_uart.o(.text.HAL_UART_Transmit) for HAL_UART_Transmit
[...]
    [Anonymous Symbol]                       0x080044b8   Section        0  motor.o(.text._ZN19pid_base_template_tIifE13target_updateEib)
    [Anonymous Symbol]                       0x080044e0   Section        0  maincpp.o(.text._ZN19pid_base_template_tIifE5resetEv)
    [Anonymous Symbol]                       0x08004504   Section        0  motor.o(.text._ZN19pid_base_template_tIifE6updateEi)
    [Anonymous Symbol]                       0x080045cc   Section        0  maincpp.o(.text._ZN19pid_base_template_tIifE9out_limitEii)
    [Anonymous Symbol]                       0x080045e4   Section        0  maincpp.o(.text._ZN19pid_base_template_tIifEC2E15PidBaseConfig_TIifE)
    [Anonymous Symbol]                       0x08004628   Section        0  maincpp.o(.text._ZN19pid_base_template_tIifEC2Efffii)
    [Anonymous Symbol]                       0x08004668   Section        0  motor.o(.text._ZN5Motor16MotorInterface_t13ControlOutputEs)
    [Anonymous Symbol]                       0x08004708   Section        0  motor.o(.text._ZN5Motor16MotorInterface_t6updateEv)
    [Anonymous Symbol]                       0x08004710   Section        0  maincpp.o(.text._ZN5Motor16MotorInterface_t8bind_pinEhP17CAN_HandleTypeDefPhb)
    [Anonymous Symbol]                       0x08004748   Section        0  maincpp.o(.text._ZN5Motor16MotorInterface_tC2Ev)
    [Anonymous Symbol]                       0x0800476c   Section        0  motor.o(.text._ZN5Motor7Motor_t10set_targetEf)
    [Anonymous Symbol]                       0x080047b0   Section        0  motor.o(.text._ZN5Motor7Motor_t13ControlUpdateEv)
    [Anonymous Symbol]                       0x080047dc   Section        0  maincpp.o(.text._ZN5Motor7Motor_tC2Ev)
    __NVIC_EnableIRQ                         0x08004841   Thumb Code    48  stm32f4xx_hal_cortex.o(.text.__NVIC_EnableIRQ)
    [Anonymous Symbol]                       0x08004840   Section        0  stm32f4xx_hal_cortex.o(.text.__NVIC_EnableIRQ)
    __NVIC_GetPriorityGrouping               0x08004871   Thumb Code    16  stm32f4xx_hal_cortex.o(.text.__NVIC_GetPriorityGrouping)
    [Anonymous Symbol]                       0x08004870   Section        0  stm32f4xx_hal_cortex.o(.text.__NVIC_GetPriorityGrouping)
    __NVIC_SetPriority                       0x08004881   Thumb Code    66  stm32f4xx_hal_cortex.o(.text.__NVIC_SetPriority)
    [Anonymous Symbol]                       0x08004880   Section        0  stm32f4xx_hal_cortex.o(.text.__NVIC_SetPriority)
    __NVIC_SetPriorityGrouping               0x080048c5   Thumb Code    60  stm32f4xx_hal_cortex.o(.text.__NVIC_SetPriorityGrouping)
    [Anonymous Symbol]                       0x080048c4   Section        0  stm32f4xx_hal_cortex.o(.text.__NVIC_SetPriorityGrouping)
    __cxx_global_var_init                    0x08004901   Thumb Code    16  maincpp.o(.text.__cxx_global_var_init)
    [Anonymous Symbol]                       0x08004900   Section        0  maincpp.o(.text.__cxx_global_var_init)
    [Anonymous Symbol]                       0x08004910   Section        0  main.o(.text.main)
    [Anonymous Symbol]                       0x08004938   Section        0  maincpp.o(.text.main_cpp)
    CL$$btod_d2e                             0x08004998   Section       62  btod.o(CL$$btod_d2e)
    CL$$btod_d2e_denorm_low                  0x080049d6   Section       70  btod.o(CL$$btod_d2e_denorm_low)
    CL$$btod_d2e_norm_op1                    0x08004a1c   Section       96  btod.o(CL$$btod_d2e_norm_op1)
    CL$$btod_div_common                      0x08004a7c   Section      824  btod.o(CL$$btod_div_common)
    CL$$btod_e2e                             0x08004db4   Section      220  btod.o(CL$$btod_e2e)
    CL$$btod_ediv                            0x08004e90   Section       42  btod.o(CL$$btod_ediv)
    CL$$btod_emul                            0x08004eba   Section       42  btod.o(CL$$btod_emul)
    CL$$btod_mult_common                     0x08004ee4   Section      580  btod.o(CL$$btod_mult_common)
    i.__ARM_fpclassify                       0x08005128   Section        0  fpclassify.o(i.__ARM_fpclassify)
    i._is_digit                              0x08005158   Section        0  __printf_wp.o(i._is_digit)
    locale$$code                             0x08005168   Section       44  lc_numeric_c.o(locale$$code)
    locale$$code                             0x08005194   Section       44  lc_ctype_c.o(locale$$code)
    $v0                                      0x080051c0   Number         0  fpinit.o(x$fpl$fpinit)
    x$fpl$fpinit                             0x080051c0   Section       26  fpinit.o(x$fpl$fpinit)
    $v0                                      0x080051da   Number         0  printf1.o(x$fpl$printf1)
    x$fpl$printf1                            0x080051da   Section        4  printf1.o(x$fpl$printf1)
    $v0                                      0x080051de   Number         0  printf2.o(x$fpl$printf2)
    x$fpl$printf2                            0x080051de   Section        4  printf2.o(x$fpl$printf2)
    x$fpl$usenofp                            0x080051e2   Section        0  usenofp.o(x$fpl$usenofp)
    initial_mbstate                          0x080051e4   Data           8  _printf_wctomb.o(.constdata)
    .constdata                               0x080051e4   Section        8  _printf_wctomb.o(.constdata)
    uc_hextab                                0x080051ec   Data          20  _printf_hex_int_ll_ptr.o(.constdata)
    .constdata                               0x080051ec   Section       40  _printf_hex_int_ll_ptr.o(.constdata)
    lc_hextab                                0x08005200   Data          20  _printf_hex_int_ll_ptr.o(.constdata)
    maptable                                 0x08005214   Data          17  __printf_flags_ss_wp.o(.constdata)
    .constdata                               0x08005214   Section       17  __printf_flags_ss_wp.o(.constdata)
    lc_hextab                                0x08005225   Data          19  _printf_fp_hex.o(.constdata)
    .constdata                               0x08005225   Section       38  _printf_fp_hex.o(.constdata)
    uc_hextab                                0x08005238   Data          19  _printf_fp_hex.o(.constdata)
    tenpwrs_x                                0x0800524c   Data          60  bigflt0.o(.constdata)
    .constdata                               0x0800524c   Section      148  bigflt0.o(.constdata)
    tenpwrs_i                                0x08005288   Data          64  bigflt0.o(.constdata)
    .L.str                                   0x080052f8   Data           4  maincpp.o(.rodata.str1.1)
    [Anonymous Symbol]                       0x080052f8   Section        0  maincpp.o(.rodata.str1.1)
    locale$$data                             0x0800531c   Section       28  lc_numeric_c.o(locale$$data)
    __lcnum_c_name                           0x08005320   Data           2  lc_numeric_c.o(locale$$data)
    __lcnum_c_start                          0x08005328   Data           0  lc_numeric_c.o(locale$$data)
    __lcnum_c_point                          0x08005334   Data           0  lc_numeric_c.o(locale$$data)
    __lcnum_c_thousands                      0x08005336   Data           0  lc_numeric_c.o(locale$$data)
    __lcnum_c_grouping                       0x08005337   Data           0  lc_numeric_c.o(locale$$data)
    __lcnum_c_end                            0x08005338   Data           0  lc_numeric_c.o(locale$$data)
    locale$$data                             0x08005338   Section      272  lc_ctype_c.o(locale$$data)
    __lcctype_c_name                         0x0800533c   Data           2  lc_ctype_c.o(locale$$data)
    __lcctype_c_start                        0x08005344   Data           0  lc_ctype_c.o(locale$$data)
    __lcctype_c_end                          0x08005448   Data           0  lc_ctype_c.o(locale$$data)
    .init_array                              0x0800544c   Section        0  init_aeabi.o(.init_array)
    .bss                                     0x20000010   Section       96  libspace.o(.bss)
    HAL_RCC_CAN1_CLK_ENABLED                 0x20000070   Data           4  stm32f4xx_hal_msp.o(.bss.HAL_RCC_CAN1_CLK_ENABLED)
    [Anonymous Symbol]                       0x20000070   Section        0  stm32f4xx_hal_msp.o(.bss.HAL_RCC_CAN1_CLK_ENABLED)
    Heap_Mem                                 0x200001c0   Data       16384  startup_stm32f427xx.o(HEAP)
    HEAP                                     0x200001c0   Section    16384  startup_stm32f427xx.o(HEAP)
    Stack_Mem                                0x200041c0   Data        1024  startup_stm32f427xx.o(STACK)
    STACK                                    0x200041c0   Section     1024  startup_stm32f427xx.o(STACK)
    __initial_sp                             0x200045c0   Data           0  startup_stm32f427xx.o(STACK)

    Global Symbols

    Symbol Name                              Value     Ov Type        Size  Object(Section)

    BuildAttributes$$THM_ISAv4$E$P$D$K$B$S$7EM$VFPi3$EXTD16$VFPS$VFMA$PE$A:L22UL41UL21$X:L11$S22US41US21$IEEE1$IW$~IW$USESV6$~STKCKD$USESV7$~SHL$OTIME$ROPI$IEEEJ$EBA8$UX$STANDARDLIB$REQ8$PRES8$EABIv2 0x00000000   Number         0  anon$$obj.o ABSOLUTE
    _printf_flags                            0x00000000   Number         0  printf_stubs.o ABSOLUTE
    _printf_return_value                     0x00000000   Number         0  printf_stubs.o ABSOLUTE
    _printf_sizespec                         0x00000000   Number         0  printf_stubs.o ABSOLUTE
    _printf_widthprec                        0x00000000   Number         0  printf_stubs.o ABSOLUTE
    __ARM_exceptions_init                     - Undefined Weak Reference
    __alloca_initialize                       - Undefined Weak Reference
    __arm_preinit_                            - Undefined Weak Reference
    __arm_relocate_pie_                       - Undefined Weak Reference
    __cxa_finalize                            - Undefined Weak Reference
    __sigvec_lookup                           - Undefined Weak Reference
    _atexit_init                              - Undefined Weak Reference
    _call_atexit_fns                          - Undefined Weak Reference
    _clock_init                               - Undefined Weak Reference
    _fp_trap_init                             - Undefined Weak Reference
    _fp_trap_shutdown                         - Undefined Weak Reference
    _get_lc_collate                           - Undefined Weak Reference
    _get_lc_monetary                          - Undefined Weak Reference
    _get_lc_time                              - Undefined Weak Reference
    _getenv_init                              - Undefined Weak Reference
    _handle_redirection                       - Undefined Weak Reference
    _init_alloc                               - Undefined Weak Reference
    _init_user_alloc                          - Undefined Weak Reference
    _initio                                   - Undefined Weak Reference
    _printf_mbtowc                            - Undefined Weak Reference
    _printf_wc                                - Undefined Weak Reference
    _rand_init                                - Undefined Weak Reference
    _signal_finish                            - Undefined Weak Reference
    _signal_init                              - Undefined Weak Reference
    _terminate_alloc                          - Undefined Weak Reference
    _terminate_user_alloc                     - Undefined Weak Reference
    _terminateio                              - Undefined Weak Reference
    __Vectors_Size                           0x000001ac   Number         0  startup_stm32f427xx.o ABSOLUTE
    __Vectors                                0x08000000   Data           4  startup_stm32f427xx.o(RESET)
    __Vectors_End                            0x080001ac   Data           0  startup_stm32f427xx.o(RESET)
    __main                                   0x080001ad   Thumb Code     8  __main.o(!!!main)
    __scatterload                            0x080001b5   Thumb Code     0  __scatter.o(!!!scatter)
    __scatterload_rt2                        0x080001b5   Thumb Code    44  __scatter.o(!!!scatter)
    __scatterload_rt2_thumb_only             0x080001b5   Thumb Code     0  __scatter.o(!!!scatter)
    __scatterload_null                       0x080001c3   Thumb Code     0  __scatter.o(!!!scatter)
    __scatterload_copy                       0x080001e9   Thumb Code    26  __scatter_copy.o(!!handler_copy)
    __scatterload_zeroinit                   0x08000205   Thumb Code    28  __scatter_zi.o(!!handler_zi)
    _printf_n                                0x08000221   Thumb Code     0  _printf_n.o(.ARM.Collect$$_printf_percent$$00000001)
    _printf_percent                          0x08000221   Thumb Code     0  _printf_percent.o(.ARM.Collect$$_printf_percent$$00000000)
    _printf_p                                0x08000227   Thumb Code     0  _printf_p.o(.ARM.Collect$$_printf_percent$$00000002)
    _printf_f                                0x0800022d   Thumb Code     0  _printf_f.o(.ARM.Collect$$_printf_percent$$00000003)
    _printf_e                                0x08000233   Thumb Code     0  _printf_e.o(.ARM.Collect$$_printf_percent$$00000004)
    _printf_g                                0x08000239   Thumb Code     0  _printf_g.o(.ARM.Collect$$_printf_percent$$00000005)
    _printf_a                                0x0800023f   Thumb Code     0  _printf_a.o(.ARM.Collect$$_printf_percent$$00000006)
    _printf_ll                               0x08000245   Thumb Code     0  _printf_ll.o(.ARM.Collect$$_printf_percent$$00000007)
    _printf_i                                0x0800024f   Thumb Code     0  _printf_i.o(.ARM.Collect$$_printf_percent$$00000008)
    _printf_d                                0x08000255   Thumb Code     0  _printf_d.o(.ARM.Collect$$_printf_percent$$00000009)
    _printf_u                                0x0800025b   Thumb Code     0  _printf_u.o(.ARM.Collect$$_printf_percent$$0000000A)
    _printf_o                                0x08000261   Thumb Code     0  _printf_o.o(.ARM.Collect$$_printf_percent$$0000000B)
    _printf_x                                0x08000267   Thumb Code     0  _printf_x.o(.ARM.Collect$$_printf_percent$$0000000C)
    _printf_lli                              0x0800026d   Thumb Code     0  _printf_lli.o(.ARM.Collect$$_printf_percent$$0000000D)
    _printf_lld                              0x08000273   Thumb Code     0  _printf_lld.o(.ARM.Collect$$_printf_percent$$0000000E)
    _printf_llu                              0x08000279   Thumb Code     0  _printf_llu.o(.ARM.Collect$$_printf_percent$$0000000F)
    _printf_llo                              0x0800027f   Thumb Code     0  _printf_llo.o(.ARM.Collect$$_printf_percent$$00000010)
    _printf_llx                              0x08000285   Thumb Code     0  _printf_llx.o(.ARM.Collect$$_printf_percent$$00000011)
    _printf_l                                0x0800028b   Thumb Code     0  _printf_l.o(.ARM.Collect$$_printf_percent$$00000012)
    _printf_c                                0x08000295   Thumb Code     0  _printf_c.o(.ARM.Collect$$_printf_percent$$00000013)
    _printf_s                                0x0800029b   Thumb Code     0  _printf_s.o(.ARM.Collect$$_printf_percent$$00000014)
    _printf_lc                               0x080002a1   Thumb Code     0  _printf_lc.o(.ARM.Collect$$_printf_percent$$00000015)
    _printf_ls                               0x080002a7   Thumb Code     0  _printf_ls.o(.ARM.Collect$$_printf_percent$$00000016)
    _printf_percent_end                      0x080002ad   Thumb Code     0  _printf_percent_end.o(.ARM.Collect$$_printf_percent$$00000017)
    __rt_lib_init                            0x080002b1   Thumb Code     0  libinit.o(.ARM.Collect$$libinit$$00000000)
    __rt_lib_init_fp_1                       0x080002b3   Thumb Code     0  libinit2.o(.ARM.Collect$$libinit$$00000001)
    __rt_lib_init_heap_1                     0x080002b7   Thumb Code     0  libinit2.o(.ARM.Collect$$libinit$$0000000C)
    __rt_lib_init_lc_common                  0x080002b7   Thumb Code     0  libinit2.o(.ARM.Collect$$libinit$$00000011)
    __rt_lib_init_preinit_1                  0x080002b7   Thumb Code     0  libinit2.o(.ARM.Collect$$libinit$$00000006)
    __rt_lib_init_rand_1                     0x080002b7   Thumb Code     0  libinit2.o(.ARM.Collect$$libinit$$00000010)
    __rt_lib_init_relocate_pie_1             0x080002b7   Thumb Code     0  libinit2.o(.ARM.Collect$$libinit$$00000004)
    __rt_lib_init_user_alloc_1               0x080002b7   Thumb Code     0  libinit2.o(.ARM.Collect$$libinit$$0000000E)
    __rt_lib_init_lc_collate_1               0x080002bd   Thumb Code     0  libinit2.o(.ARM.Collect$$libinit$$00000013)
    __rt_lib_init_lc_ctype_2                 0x080002bd   Thumb Code     0  libinit2.o(.ARM.Collect$$libinit$$00000014)
    __rt_lib_init_lc_ctype_1                 0x080002c9   Thumb Code     0  libinit2.o(.ARM.Collect$$libinit$$00000015)
    __rt_lib_init_lc_monetary_1              0x080002c9   Thumb Code     0  libinit2.o(.ARM.Collect$$libinit$$00000017)
    __rt_lib_init_lc_numeric_2               0x080002c9   Thumb Code     0  libinit2.o(.ARM.Collect$$libinit$$00000018)
    __rt_lib_init_alloca_1                   0x080002d3   Thumb Code     0  libinit2.o(.ARM.Collect$$libinit$$00000030)
    __rt_lib_init_argv_1                     0x080002d3   Thumb Code     0  libinit2.o(.ARM.Collect$$libinit$$0000002E)
    __rt_lib_init_atexit_1                   0x080002d3   Thumb Code     0  libinit2.o(.ARM.Collect$$libinit$$0000001D)
    __rt_lib_init_clock_1                    0x080002d3   Thumb Code     0  libinit2.o(.ARM.Collect$$libinit$$00000023)
    __rt_lib_init_cpp_2                      0x080002d3   Thumb Code     0  libinit2.o(.ARM.Collect$$libinit$$00000033)
    __rt_lib_init_exceptions_1               0x080002d3   Thumb Code     0  libinit2.o(.ARM.Collect$$libinit$$00000032)
    __rt_lib_init_fp_trap_1                  0x080002d3   Thumb Code     0  libinit2.o(.ARM.Collect$$libinit$$00000021)
    __rt_lib_init_getenv_1                   0x080002d3   Thumb Code     0  libinit2.o(.ARM.Collect$$libinit$$00000025)
    __rt_lib_init_lc_numeric_1               0x080002d3   Thumb Code     0  libinit2.o(.ARM.Collect$$libinit$$00000019)
    __rt_lib_init_lc_time_1                  0x080002d3   Thumb Code     0  libinit2.o(.ARM.Collect$$libinit$$0000001B)
    __rt_lib_init_signal_1                   0x080002d3   Thumb Code     0  libinit2.o(.ARM.Collect$$libinit$$0000001F)
    __rt_lib_init_stdio_1                    0x080002d3   Thumb Code     0  libinit2.o(.ARM.Collect$$libinit$$00000027)
    __rt_lib_init_cpp_1                      0x080002d7   Thumb Code     0  libinit2.o(.ARM.Collect$$libinit$$00000034)
    __rt_lib_init_return                     0x080002d7   Thumb Code     0  libinit2.o(.ARM.Collect$$libinit$$00000035)
    __rt_lib_shutdown                        0x080002d9   Thumb Code     0  libshutdown.o(.ARM.Collect$$libshutdown$$00000000)
    __rt_lib_shutdown_cpp_1                  0x080002db   Thumb Code     0  libshutdown2.o(.ARM.Collect$$libshutdown$$00000002)
    __rt_lib_shutdown_fp_trap_1              0x080002db   Thumb Code     0  libshutdown2.o(.ARM.Collect$$libshutdown$$00000007)
    __rt_lib_shutdown_heap_1                 0x080002db   Thumb Code     0  libshutdown2.o(.ARM.Collect$$libshutdown$$0000000F)
    __rt_lib_shutdown_return                 0x080002db   Thumb Code     0  libshutdown2.o(.ARM.Collect$$libshutdown$$00000010)
    __rt_lib_shutdown_signal_1               0x080002db   Thumb Code     0  libshutdown2.o(.ARM.Collect$$libshutdown$$0000000A)
    __rt_lib_shutdown_stdio_1                0x080002db   Thumb Code     0  libshutdown2.o(.ARM.Collect$$libshutdown$$00000004)
    __rt_lib_shutdown_user_alloc_1           0x080002db   Thumb Code     0  libshutdown2.o(.ARM.Collect$$libshutdown$$0000000C)
    __rt_entry                               0x080002dd   Thumb Code     0  __rtentry.o(.ARM.Collect$$rtentry$$00000000)
    __rt_entry_presh_1                       0x080002dd   Thumb Code     0  __rtentry2.o(.ARM.Collect$$rtentry$$00000002)
    __rt_entry_sh                            0x080002dd   Thumb Code     0  __rtentry4.o(.ARM.Collect$$rtentry$$00000004)
    __rt_entry_li                            0x080002e3   Thumb Code     0  __rtentry2.o(.ARM.Collect$$rtentry$$0000000A)
    __rt_entry_postsh_1                      0x080002e3   Thumb Code     0  __rtentry2.o(.ARM.Collect$$rtentry$$00000009)
    __rt_entry_main                          0x080002e7   Thumb Code     0  __rtentry2.o(.ARM.Collect$$rtentry$$0000000D)
    __rt_entry_postli_1                      0x080002e7   Thumb Code     0  __rtentry2.o(.ARM.Collect$$rtentry$$0000000C)
    __rt_exit                                0x080002ef   Thumb Code     0  rtexit.o(.ARM.Collect$$rtexit$$00000000)
    __rt_exit_ls                             0x080002f1   Thumb Code     0  rtexit2.o(.ARM.Collect$$rtexit$$00000003)
    __rt_exit_prels_1                        0x080002f1   Thumb Code     0  rtexit2.o(.ARM.Collect$$rtexit$$00000002)
    __rt_exit_exit                           0x080002f5   Thumb Code     0  rtexit2.o(.ARM.Collect$$rtexit$$00000004)
    Reset_Handler                            0x080002fd   Thumb Code     8  startup_stm32f427xx.o(.text)
    ADC_IRQHandler                           0x08000317   Thumb Code     0  startup_stm32f427xx.o(.text)
    CAN1_RX1_IRQHandler                      0x08000317   Thumb Code     0  startup_stm32f427xx.o(.text)
    CAN1_SCE_IRQHandler                      0x08000317   Thumb Code     0  startup_stm32f427xx.o(.text)
    CAN1_TX_IRQHandler                       0x08000317   Thumb Code     0  startup_stm32f427xx.o(.text)
    CAN2_RX1_IRQHandler                      0x08000317   Thumb Code     0  startup_stm32f427xx.o(.text)
    CAN2_SCE_IRQHandler                      0x08000317   Thumb Code     0  startup_stm32f427xx.o(.text)
    CAN2_TX_IRQHandler                       0x08000317   Thumb Code     0  startup_stm32f427xx.o(.text)
    DCMI_IRQHandler                          0x08000317   Thumb Code     0  startup_stm32f427xx.o(.text)
    DMA1_Stream0_IRQHandler                  0x08000317   Thumb Code     0  startup_stm32f427xx.o(.text)
    DMA1_Stream1_IRQHandler                  0x08000317   Thumb Code     0  startup_stm32f427xx.o(.text)
    DMA1_Stream2_IRQHandler                  0x08000317   Thumb Code     0  startup_stm32f427xx.o(.text)
    DMA1_Stream3_IRQHandler                  0x08000317   Thumb Code     0  startup_stm32f427xx.o(.text)
    DMA1_Stream4_IRQHandler                  0x08000317   Thumb Code     0  startup_stm32f427xx.o(.text)
    DMA1_Stream5_IRQHandler                  0x08000317   Thumb Code     0  startup_stm32f427xx.o(.text)
    DMA1_Stream6_IRQHandler                  0x08000317   Thumb Code     0  startup_stm32f427xx.o(.text)
    DMA1_Stream7_IRQHandler                  0x08000317   Thumb Code     0  startup_stm32f427xx.o(.text)
    DMA2D_IRQHandler                         0x08000317   Thumb Code     0  startup_stm32f427xx.o(.text)
    DMA2_Stream0_IRQHandler                  0x08000317   Thumb Code     0  startup_stm32f427xx.o(.text)
    DMA2_Stream1_IRQHandler                  0x08000317   Thumb Code     0  startup_stm32f427xx.o(.text)
    DMA2_Stream2_IRQHandler                  0x08000317   Thumb Code     0  startup_stm32f427xx.o(.text)
    DMA2_Stream3_IRQHandler                  0x08000317   Thumb Code     0  startup_stm32f427xx.o(.text)
    DMA2_Stream4_IRQHandler                  0x08000317   Thumb Code     0  startup_stm32f427xx.o(.text)
    DMA2_Stream5_IRQHandler                  0x08000317   Thumb Code     0  startup_stm32f427xx.o(.text)
    DMA2_Stream6_IRQHandler                  0x08000317   Thumb Code     0  startup_stm32f427xx.o(.text)
    DMA2_Stream7_IRQHandler                  0x08000317   Thumb Code     0  startup_stm32f427xx.o(.text)
    ETH_IRQHandler                           0x08000317   Thumb Code     0  startup_stm32f427xx.o(.text)
    ETH_WKUP_IRQHandler                      0x08000317   Thumb Code     0  startup_stm32f427xx.o(.text)
    EXTI0_IRQHandler                         0x08000317   Thumb Code     0  startup_stm32f427xx.o(.text)
    EXTI15_10_IRQHandler                     0x08000317   Thumb Code     0  startup_stm32f427xx.o(.text)
    EXTI1_IRQHandler                         0x08000317   Thumb Code     0  startup_stm32f427xx.o(.text)
    EXTI2_IRQHandler                         0x08000317   Thumb Code     0  startup_stm32f427xx.o(.text)
    EXTI3_IRQHandler                         0x08000317   Thumb Code     0  startup_stm32f427xx.o(.text)
    EXTI4_IRQHandler                         0x08000317   Thumb Code     0  startup_stm32f427xx.o(.text)
    EXTI9_5_IRQHandler                       0x08000317   Thumb Code     0  startup_stm32f427xx.o(.text)
    FLASH_IRQHandler                         0x08000317   Thumb Code     0  startup_stm32f427xx.o(.text)
    FMC_IRQHandler                           0x08000317   Thumb Code     0  startup_stm32f427xx.o(.text)
    FPU_IRQHandler                           0x08000317   Thumb Code     0  startup_stm32f427xx.o(.text)
    HASH_RNG_IRQHandler                      0x08000317   Thumb Code     0  startup_stm32f427xx.o(.text)
    I2C1_ER_IRQHandler                       0x08000317   Thumb Code     0  startup_stm32f427xx.o(.text)
    I2C1_EV_IRQHandler                       0x08000317   Thumb Code     0  startup_stm32f427xx.o(.text)
    I2C2_ER_IRQHandler                       0x08000317   Thumb Code     0  startup_stm32f427xx.o(.text)
    I2C2_EV_IRQHandler                       0x08000317   Thumb Code     0  startup_stm32f427xx.o(.text)
    I2C3_ER_IRQHandler                       0x08000317   Thumb Code     0  startup_stm32f427xx.o(.text)
    I2C3_EV_IRQHandler                       0x08000317   Thumb Code     0  startup_stm32f427xx.o(.text)
    OTG_FS_IRQHandler                        0x08000317   Thumb Code     0  startup_stm32f427xx.o(.text)
    OTG_FS_WKUP_IRQHandler                   0x08000317   Thumb Code     0  startup_stm32f427xx.o(.text)
    OTG_HS_EP1_IN_IRQHandler                 0x08000317   Thumb Code     0  startup_stm32f427xx.o(.text)
    OTG_HS_EP1_OUT_IRQHandler                0x08000317   Thumb Code     0  startup_stm32f427xx.o(.text)
    OTG_HS_IRQHandler                        0x08000317   Thumb Code     0  startup_stm32f427xx.o(.text)
    OTG_HS_WKUP_IRQHandler                   0x08000317   Thumb Code     0  startup_stm32f427xx.o(.text)
    PVD_IRQHandler                           0x08000317   Thumb Code     0  startup_stm32f427xx.o(.text)
    RCC_IRQHandler                           0x08000317   Thumb Code     0  startup_stm32f427xx.o(.text)
    RTC_Alarm_IRQHandler                     0x08000317   Thumb Code     0  startup_stm32f427xx.o(.text)
    RTC_WKUP_IRQHandler                      0x08000317   Thumb Code     0  startup_stm32f427xx.o(.text)
    SAI1_IRQHandler                          0x08000317   Thumb Code     0  startup_stm32f427xx.o(.text)
    SDIO_IRQHandler                          0x08000317   Thumb Code     0  startup_stm32f427xx.o(.text)
    SPI1_IRQHandler                          0x08000317   Thumb Code     0  startup_stm32f427xx.o(.text)
    SPI2_IRQHandler                          0x08000317   Thumb Code     0  startup_stm32f427xx.o(.text)
    SPI3_IRQHandler                          0x08000317   Thumb Code     0  startup_stm32f427xx.o(.text)
    SPI4_IRQHandler                          0x08000317   Thumb Code     0  startup_stm32f427xx.o(.text)
    SPI5_IRQHandler                          0x08000317   Thumb Code     0  startup_stm32f427xx.o(.text)
    SPI6_IRQHandler                          0x08000317   Thumb Code     0  startup_stm32f427xx.o(.text)
    TAMP_STAMP_IRQHandler                    0x08000317   Thumb Code     0  startup_stm32f427xx.o(.text)
    TIM1_BRK_TIM9_IRQHandler                 0x08000317   Thumb Code     0  startup_stm32f427xx.o(.text)
    TIM1_CC_IRQHandler                       0x08000317   Thumb Code     0  startup_stm32f427xx.o(.text)
    TIM1_TRG_COM_TIM11_IRQHandler            0x08000317   Thumb Code     0  startup_stm32f427xx.o(.text)
    TIM1_UP_TIM10_IRQHandler                 0x08000317   Thumb Code     0  startup_stm32f427xx.o(.text)
    TIM2_IRQHandler                          0x08000317   Thumb Code     0  startup_stm32f427xx.o(.text)
    TIM3_IRQHandler                          0x08000317   Thumb Code     0  startup_stm32f427xx.o(.text)
    TIM4_IRQHandler                          0x08000317   Thumb Code     0  startup_stm32f427xx.o(.text)
    TIM5_IRQHandler                          0x08000317   Thumb Code     0  startup_stm32f427xx.o(.text)
    TIM6_DAC_IRQHandler                      0x08000317   Thumb Code     0  startup_stm32f427xx.o(.text)
    TIM7_IRQHandler                          0x08000317   Thumb Code     0  startup_stm32f427xx.o(.text)
    TIM8_BRK_TIM12_IRQHandler                0x08000317   Thumb Code     0  startup_stm32f427xx.o(.text)
    TIM8_CC_IRQHandler                       0x08000317   Thumb Code     0  startup_stm32f427xx.o(.text)
    TIM8_TRG_COM_TIM14_IRQHandler            0x08000317   Thumb Code     0  startup_stm32f427xx.o(.text)
    UART4_IRQHandler                         0x08000317   Thumb Code     0  startup_stm32f427xx.o(.text)
    UART5_IRQHandler                         0x08000317   Thumb Code     0  startup_stm32f427xx.o(.text)
    UART7_IRQHandler                         0x08000317   Thumb Code     0  startup_stm32f427xx.o(.text)
    UART8_IRQHandler                         0x08000317   Thumb Code     0  startup_stm32f427xx.o(.text)
    USART1_IRQHandler                        0x08000317   Thumb Code     0  startup_stm32f427xx.o(.text)
    USART2_IRQHandler                        0x08000317   Thumb Code     0  startup_stm32f427xx.o(.text)
    USART3_IRQHandler                        0x08000317   Thumb Code     0  startup_stm32f427xx.o(.text)
    USART6_IRQHandler                        0x08000317   Thumb Code     0  startup_stm32f427xx.o(.text)
    WWDG_IRQHandler                          0x08000317   Thumb Code     0  startup_stm32f427xx.o(.text)
    __user_initial_stackheap                 0x08000319   Thumb Code     0  startup_stm32f427xx.o(.text)
    __aeabi_uldivmod                         0x0800033d   Thumb Code     0  lludivv7m.o(.text)
    _ll_udiv                                 0x0800033d   Thumb Code   240  lludivv7m.o(.text)
    vsprintf                                 0x0800042d   Thumb Code    32  vsprintf.o(.text)
    strlen                                   0x08000451   Thumb Code    62  strlen.o(.text)
    __aeabi_memclr4                          0x0800048f   Thumb Code     0  rt_memclr_w.o(.text)
    __aeabi_memclr8                          0x0800048f   Thumb Code     0  rt_memclr_w.o(.text)
    __rt_memclr_w                            0x0800048f   Thumb Code     0  rt_memclr_w.o(.text)
    _memset_w                                0x08000493   Thumb Code    74  rt_memclr_w.o(.text)
    __use_two_region_memory                  0x080004dd   Thumb Code     2  heapauxi.o(.text)
    __rt_heap_escrow$2region                 0x080004df   Thumb Code     2  heapauxi.o(.text)
    __rt_heap_expand$2region                 0x080004e1   Thumb Code     2  heapauxi.o(.text)
    __cpp_initialize__aeabi_                 0x080004e5   Thumb Code    28  init_aeabi.o(.text)
    _printf_pre_padding                      0x08000509   Thumb Code    44  _printf_pad.o(.text)
    _printf_post_padding                     0x08000535   Thumb Code    34  _printf_pad.o(.text)
    _printf_truncate_signed                  0x08000557   Thumb Code    18  _printf_truncate.o(.text)
    _printf_truncate_unsigned                0x08000569   Thumb Code    18  _printf_truncate.o(.text)
    _printf_str                              0x0800057b   Thumb Code    82  _printf_str.o(.text)
    _printf_int_dec                          0x080005cd   Thumb Code   104  _printf_dec.o(.text)
    _printf_charcount                        0x08000645   Thumb Code    40  _printf_charcount.o(.text)
    _printf_char_common                      0x08000677   Thumb Code    32  _printf_char_common.o(.text)
    _sputc                                   0x0800069d   Thumb Code    10  _sputc.o(.text)
    _printf_wctomb                           0x080006a9   Thumb Code   182  _printf_wctomb.o(.text)
    _printf_longlong_dec                     0x08000765   Thumb Code   108  _printf_longlong_dec.o(.text)
    _printf_longlong_oct                     0x080007e1   Thumb Code    68  _printf_oct_int_ll.o(.text)
    _printf_int_oct                          0x08000825   Thumb Code    24  _printf_oct_int_ll.o(.text)
    _printf_ll_oct                           0x0800083d   Thumb Code    12  _printf_oct_int_ll.o(.text)
    _printf_longlong_hex                     0x08000851   Thumb Code    86  _printf_hex_int_ll_ptr.o(.text)
    _printf_int_hex                          0x080008a7   Thumb Code    28  _printf_hex_int_ll_ptr.o(.text)
    _printf_ll_hex                           0x080008c3   Thumb Code    12  _printf_hex_int_ll_ptr.o(.text)
    _printf_hex_ptr                          0x080008cf   Thumb Code    18  _printf_hex_int_ll_ptr.o(.text)
    __printf                                 0x080008e5   Thumb Code   388  __printf_flags_ss_wp.o(.text)
    _ll_udiv10                               0x08000a6d   Thumb Code   138  lludiv10.o(.text)
    _printf_int_common                       0x08000af7   Thumb Code   178  _printf_intcommon.o(.text)
    _printf_fp_dec_real                      0x08000d59   Thumb Code   620  _printf_fp_dec.o(.text)
    _printf_fp_hex_real                      0x08000fc5   Thumb Code   756  _printf_fp_hex.o(.text)
    _printf_cs_common                        0x080012c1   Thumb Code    20  _printf_char.o(.text)
    _printf_char                             0x080012d5   Thumb Code    16  _printf_char.o(.text)
    _printf_string                           0x080012e5   Thumb Code     8  _printf_char.o(.text)
    _printf_lcs_common                       0x080012ed   Thumb Code    20  _printf_wchar.o(.text)
    _printf_wchar                            0x08001301   Thumb Code    16  _printf_wchar.o(.text)
    _printf_wstring                          0x08001311   Thumb Code     8  _printf_wchar.o(.text)
    _c16rtomb                                0x08001319   Thumb Code    72  _c16rtomb.o(.text)
    _wcrtomb                                 0x08001319   Thumb Code     0  _c16rtomb.o(.text)
    __user_setup_stackheap                   0x08001361   Thumb Code    74  sys_stackheap_outer.o(.text)
    __rt_ctype_table                         0x080013ad   Thumb Code    16  rt_ctype_table.o(.text)
    __rt_locale                              0x080013bd   Thumb Code     8  rt_locale_intlibspace.o(.text)
    _printf_fp_infnan                        0x080013c5   Thumb Code   112  _printf_fp_infnan.o(.text)
    _btod_etento                             0x08001445   Thumb Code   224  bigflt0.o(.text)
    exit                                     0x08001529   Thumb Code    18  exit.o(.text)
    __user_libspace                          0x0800153d   Thumb Code     8  libspace.o(.text)
    __user_perproc_libspace                  0x0800153d   Thumb Code     0  libspace.o(.text)
    __user_perthread_libspace                0x0800153d   Thumb Code     0  libspace.o(.text)
    strcmp                                   0x08001549   Thumb Code   124  strcmpv7em.o(.text)
    _sys_exit                                0x080015c5   Thumb Code     8  sys_exit.o(.text)
    __I$use$semihosting                      0x080015d1   Thumb Code     0  use_no_semi.o(.text)
    __use_no_semihosting_swi                 0x080015d1   Thumb Code     2  use_no_semi.o(.text)
    __semihosting_library_function           0x080015d3   Thumb Code     0  indicate_semi.o(.text)
    BusFault_Handler                         0x080015d5   Thumb Code     4  stm32f4xx_it.o(.text.BusFault_Handler)
    CAN1_RX0_IRQHandler                      0x080015d9   Thumb Code    16  stm32f4xx_it.o(.text.CAN1_RX0_IRQHandler)
    CAN2_RX0_IRQHandler                      0x080015e9   Thumb Code    16  stm32f4xx_it.o(.text.CAN2_RX0_IRQHandler)
    DebugMon_Handler                         0x080015f9   Thumb Code     2  stm32f4xx_it.o(.text.DebugMon_Handler)
    Error_Handler                            0x080015fd   Thumb Code     6  main.o(.text.Error_Handler)
    HAL_CAN_ActivateNotification             0x08001605   Thumb Code    82  stm32f4xx_hal_can.o(.text.HAL_CAN_ActivateNotification)
    HAL_CAN_AddTxMessage                     0x08001659   Thumb Code   342  stm32f4xx_hal_can.o(.text.HAL_CAN_AddTxMessage)
    HAL_CAN_ConfigFilter                     0x080017b1   Thumb Code   420  stm32f4xx_hal_can.o(.text.HAL_CAN_ConfigFilter)
    HAL_CAN_ErrorCallback                    0x08001955   Thumb Code     8  stm32f4xx_hal_can.o(.text.HAL_CAN_ErrorCallback)
    HAL_CAN_GetRxMessage                     0x0800195d   Thumb Code   530  stm32f4xx_hal_can.o(.text.HAL_CAN_GetRxMessage)
    HAL_CAN_GetTxMailboxesFreeLevel          0x08001b71   Thumb Code   112  stm32f4xx_hal_can.o(.text.HAL_CAN_GetTxMailboxesFreeLevel)
    HAL_CAN_IRQHandler                       0x08001be1   Thumb Code  1010  stm32f4xx_hal_can.o(.text.HAL_CAN_IRQHandler)
    HAL_CAN_Init                             0x08001fd5   Thumb Code   478  stm32f4xx_hal_can.o(.text.HAL_CAN_Init)
    HAL_CAN_MspInit                          0x080021b5   Thumb Code   390  stm32f4xx_hal_msp.o(.text.HAL_CAN_MspInit)
    HAL_CAN_RxFifo0FullCallback              0x0800233d   Thumb Code     8  stm32f4xx_hal_can.o(.text.HAL_CAN_RxFifo0FullCallback)
    HAL_CAN_RxFifo0MsgPendingCallback        0x08002345   Thumb Code    72  maincpp.o(.text.HAL_CAN_RxFifo0MsgPendingCallback)
    HAL_CAN_RxFifo1FullCallback              0x0800238d   Thumb Code     8  stm32f4xx_hal_can.o(.text.HAL_CAN_RxFifo1FullCallback)
    HAL_CAN_RxFifo1MsgPendingCallback        0x08002395   Thumb Code     8  stm32f4xx_hal_can.o(.text.HAL_CAN_RxFifo1MsgPendingCallback)
    HAL_CAN_SleepCallback                    0x0800239d   Thumb Code     8  stm32f4xx_hal_can.o(.text.HAL_CAN_SleepCallback)
    HAL_CAN_Start                            0x080023a5   Thumb Code   138  stm32f4xx_hal_can.o(.text.HAL_CAN_Start)
    HAL_CAN_TxMailbox0AbortCallback          0x08002431   Thumb Code     8  stm32f4xx_hal_can.o(.text.HAL_CAN_TxMailbox0AbortCallback)
    HAL_CAN_TxMailbox0CompleteCallback       0x08002439   Thumb Code     8  stm32f4xx_hal_can.o(.text.HAL_CAN_TxMailbox0CompleteCallback)
    HAL_CAN_TxMailbox1AbortCallback          0x08002441   Thumb Code     8  stm32f4xx_hal_can.o(.text.HAL_CAN_TxMailbox1AbortCallback)
    HAL_CAN_TxMailbox1CompleteCallback       0x08002449   Thumb Code     8  stm32f4xx_hal_can.o(.text.HAL_CAN_TxMailbox1CompleteCallback)
    HAL_CAN_TxMailbox2AbortCallback          0x08002451   Thumb Code     8  stm32f4xx_hal_can.o(.text.HAL_CAN_TxMailbox2AbortCallback)
    HAL_CAN_TxMailbox2CompleteCallback       0x08002459   Thumb Code     8  stm32f4xx_hal_can.o(.text.HAL_CAN_TxMailbox2CompleteCallback)
    HAL_CAN_WakeUpFromRxMsgCallback          0x08002461   Thumb Code     8  stm32f4xx_hal_can.o(.text.HAL_CAN_WakeUpFromRxMsgCallback)
    HAL_Delay                                0x08002469   Thumb Code    66  stm32f4xx_hal.o(.text.HAL_Delay)
    HAL_GPIO_Init                            0x080024ad   Thumb Code  1006  stm32f4xx_hal_gpio.o(.text.HAL_GPIO_Init)
    HAL_GetTick                              0x0800289d   Thumb Code    12  stm32f4xx_hal.o(.text.HAL_GetTick)
    HAL_IncTick                              0x080028a9   Thumb Code    26  stm32f4xx_hal.o(.text.HAL_IncTick)
    HAL_Init                                 0x080028c5   Thumb Code    54  stm32f4xx_hal.o(.text.HAL_Init)
    HAL_InitTick                             0x080028fd   Thumb Code   240  stm32f4xx_hal_timebase_tim.o(.text.HAL_InitTick)
    HAL_MspInit                              0x080029ed   Thumb Code    74  stm32f4xx_hal_msp.o(.text.HAL_MspInit)
    HAL_NVIC_EnableIRQ                       0x08002a39   Thumb Code    20  stm32f4xx_hal_cortex.o(.text.HAL_NVIC_EnableIRQ)
    HAL_NVIC_SetPriority                     0x08002a4d   Thumb Code    50  stm32f4xx_hal_cortex.o(.text.HAL_NVIC_SetPriority)
    HAL_NVIC_SetPriorityGrouping             0x08002a81   Thumb Code    16  stm32f4xx_hal_cortex.o(.text.HAL_NVIC_SetPriorityGrouping)
    HAL_PWREx_EnableOverDrive                0x08002a91   Thumb Code   190  stm32f4xx_hal_pwr_ex.o(.text.HAL_PWREx_EnableOverDrive)
    HAL_RCC_ClockConfig                      0x08002b51   Thumb Code   610  stm32f4xx_hal_rcc.o(.text.HAL_RCC_ClockConfig)
    HAL_RCC_GetClockConfig                   0x08002db5   Thumb Code    84  stm32f4xx_hal_rcc.o(.text.HAL_RCC_GetClockConfig)
    HAL_RCC_GetHCLKFreq                      0x08002e09   Thumb Code    12  stm32f4xx_hal_rcc.o(.text.HAL_RCC_GetHCLKFreq)
    HAL_RCC_GetPCLK1Freq                     0x08002e15   Thumb Code    34  stm32f4xx_hal_rcc.o(.text.HAL_RCC_GetPCLK1Freq)
    HAL_RCC_GetPCLK2Freq                     0x08002e39   Thumb Code    34  stm32f4xx_hal_rcc.o(.text.HAL_RCC_GetPCLK2Freq)
    HAL_RCC_GetSysClockFreq                  0x08002e5d   Thumb Code   230  stm32f4xx_hal_rcc.o(.text.HAL_RCC_GetSysClockFreq)
    HAL_RCC_OscConfig                        0x08002f45   Thumb Code  1726  stm32f4xx_hal_rcc.o(.text.HAL_RCC_OscConfig)
    HAL_TIMEx_BreakCallback                  0x08003605   Thumb Code     8  stm32f4xx_hal_tim_ex.o(.text.HAL_TIMEx_BreakCallback)
    HAL_TIMEx_CommutCallback                 0x0800360d   Thumb Code     8  stm32f4xx_hal_tim_ex.o(.text.HAL_TIMEx_CommutCallback)
    HAL_TIM_Base_Init                        0x08003615   Thumb Code   156  stm32f4xx_hal_tim.o(.text.HAL_TIM_Base_Init)
    HAL_TIM_Base_MspInit                     0x080036b1   Thumb Code     8  stm32f4xx_hal_tim.o(.text.HAL_TIM_Base_MspInit)
    HAL_TIM_Base_Start_IT                    0x080036b9   Thumb Code   246  stm32f4xx_hal_tim.o(.text.HAL_TIM_Base_Start_IT)
    HAL_TIM_IC_CaptureCallback               0x080037b1   Thumb Code     8  stm32f4xx_hal_tim.o(.text.HAL_TIM_IC_CaptureCallback)
    HAL_TIM_IRQHandler                       0x080037b9   Thumb Code   538  stm32f4xx_hal_tim.o(.text.HAL_TIM_IRQHandler)
    HAL_TIM_OC_DelayElapsedCallback          0x080039d5   Thumb Code     8  stm32f4xx_hal_tim.o(.text.HAL_TIM_OC_DelayElapsedCallback)
    HAL_TIM_PWM_PulseFinishedCallback        0x080039dd   Thumb Code     8  stm32f4xx_hal_tim.o(.text.HAL_TIM_PWM_PulseFinishedCallback)
    HAL_TIM_PeriodElapsedCallback            0x080039e5   Thumb Code    34  main.o(.text.HAL_TIM_PeriodElapsedCallback)
    HAL_TIM_TriggerCallback                  0x08003a09   Thumb Code     8  stm32f4xx_hal_tim.o(.text.HAL_TIM_TriggerCallback)
    HAL_UART_Init                            0x08003a11   Thumb Code   158  stm32f4xx_hal_uart.o(.text.HAL_UART_Init)
    HAL_UART_MspInit                         0x08003ab1   Thumb Code   146  stm32f4xx_hal_msp.o(.text.HAL_UART_MspInit)
    HAL_UART_Transmit                        0x08003b45   Thumb Code   304  stm32f4xx_hal_uart.o(.text.HAL_UART_Transmit)
    HardFault_Handler                        0x08003c75   Thumb Code     4  stm32f4xx_it.o(.text.HardFault_Handler)
    MemManage_Handler                        0x08003e09   Thumb Code     4  stm32f4xx_it.o(.text.MemManage_Handler)
    NMI_Handler                              0x08003e0d   Thumb Code     4  stm32f4xx_it.o(.text.NMI_Handler)
    PendSV_Handler                           0x08003e7d   Thumb Code     2  stm32f4xx_it.o(.text.PendSV_Handler)
    SVC_Handler                              0x08003e81   Thumb Code     2  stm32f4xx_it.o(.text.SVC_Handler)
    SysTick_Handler                          0x08003e85   Thumb Code     2  stm32f4xx_it.o(.text.SysTick_Handler)
    SystemClock_Config                       0x08003e89   Thumb Code   202  main.o(.text.SystemClock_Config)
    SystemInit                               0x08003f55   Thumb Code    18  system_stm32f4xx.o(.text.SystemInit)
    TIM8_UP_TIM13_IRQHandler                 0x08003f69   Thumb Code    16  stm32f4xx_it.o(.text.TIM8_UP_TIM13_IRQHandler)
    TIM_Base_SetConfig                       0x08003f79   Thumb Code   432  stm32f4xx_hal_tim.o(.text.TIM_Base_SetConfig)
    UsageFault_Handler                       0x080043d5   Thumb Code     4  stm32f4xx_it.o(.text.UsageFault_Handler)
    Serial_Printf(char*, ...)                0x080043e1   Thumb Code    70  maincpp.o(.text._Z13Serial_PrintfPcz)
    Configure_Filter()                       0x08004429   Thumb Code   100  maincpp.o(.text._Z16Configure_Filterv)
    pid_base_template_t<int, float>::pid_update(float, float, float) 0x0800448d   Thumb Code    44  maincpp.o(.text._ZN19pid_base_template_tIifE10pid_updateEfff)
    pid_base_template_t<int, float>::target_update(int, bool) 0x080044b9   Thumb Code    40  motor.o(.text._ZN19pid_base_template_tIifE13target_updateEib)
    pid_base_template_t<int, float>::reset() 0x080044e1   Thumb Code    36  maincpp.o(.text._ZN19pid_base_template_tIifE5resetEv)
    pid_base_template_t<int, float>::update(int) 0x08004505   Thumb Code   198  motor.o(.text._ZN19pid_base_template_tIifE6updateEi)
    pid_base_template_t<int, float>::out_limit(int, int) 0x080045cd   Thumb Code    22  maincpp.o(.text._ZN19pid_base_template_tIifE9out_limitEii)
    pid_base_template_t<int, float>::pid_base_template_t__sub_object(PidBaseConfig_T<int, float>) 0x080045e5   Thumb Code    66  maincpp.o(.text._ZN19pid_base_template_tIifEC2E15PidBaseConfig_TIifE)
    pid_base_template_t<int, float>::pid_base_template_t__sub_object(float, float, float, int, int) 0x08004629   Thumb Code    62  maincpp.o(.text._ZN19pid_base_template_tIifEC2Efffii)
    Motor::MotorInterface_t::ControlOutput(short) 0x08004669   Thumb Code   158  motor.o(.text._ZN5Motor16MotorInterface_t13ControlOutputEs)
    Motor::MotorInterface_t::update()        0x08004709   Thumb Code     8  motor.o(.text._ZN5Motor16MotorInterface_t6updateEv)
    Motor::MotorInterface_t::bind_pin(unsigned char, CAN_HandleTypeDef*, unsigned char*, bool) 0x08004711   Thumb Code    54  maincpp.o(.text._ZN5Motor16MotorInterface_t8bind_pinEhP17CAN_HandleTypeDefPhb)
    Motor::MotorInterface_t::MotorInterface_t__sub_object() 0x08004749   Thumb Code    36  maincpp.o(.text._ZN5Motor16MotorInterface_tC2Ev)
    Motor::Motor_t::set_target(float)        0x0800476d   Thumb Code    66  motor.o(.text._ZN5Motor7Motor_t10set_targetEf)
    Motor::Motor_t::ControlUpdate()          0x080047b1   Thumb Code    44  motor.o(.text._ZN5Motor7Motor_t13ControlUpdateEv)
    Motor::Motor_t::Motor_t__sub_object()    0x080047dd   Thumb Code   100  maincpp.o(.text._ZN5Motor7Motor_tC2Ev)
    main                                     0x08004911   Thumb Code    40  main.o(.text.main)
    main_cpp                                 0x08004939   Thumb Code    96  maincpp.o(.text.main_cpp)
    _btod_d2e                                0x08004999   Thumb Code    62  btod.o(CL$$btod_d2e)
    _d2e_denorm_low                          0x080049d7   Thumb Code    70  btod.o(CL$$btod_d2e_denorm_low)
    _d2e_norm_op1                            0x08004a1d   Thumb Code    96  btod.o(CL$$btod_d2e_norm_op1)
    __btod_div_common                        0x08004a7d   Thumb Code   696  btod.o(CL$$btod_div_common)
    _e2e                                     0x08004db5   Thumb Code   220  btod.o(CL$$btod_e2e)
    _btod_ediv                               0x08004e91   Thumb Code    42  btod.o(CL$$btod_ediv)
    _btod_emul                               0x08004ebb   Thumb Code    42  btod.o(CL$$btod_emul)
    __btod_mult_common                       0x08004ee5   Thumb Code   580  btod.o(CL$$btod_mult_common)
    __ARM_fpclassify                         0x08005129   Thumb Code    48  fpclassify.o(i.__ARM_fpclassify)
    _is_digit                                0x08005159   Thumb Code    14  __printf_wp.o(i._is_digit)
    _get_lc_numeric                          0x08005169   Thumb Code    44  lc_numeric_c.o(locale$$code)
    _get_lc_ctype                            0x08005195   Thumb Code    44  lc_ctype_c.o(locale$$code)
    _fp_init                                 0x080051c1   Thumb Code    26  fpinit.o(x$fpl$fpinit)
    __fplib_config_fpu_vfp                   0x080051d9   Thumb Code     0  fpinit.o(x$fpl$fpinit)
    __fplib_config_pureend_doubles           0x080051d9   Thumb Code     0  fpinit.o(x$fpl$fpinit)
    _printf_fp_dec                           0x080051db   Thumb Code     4  printf1.o(x$fpl$printf1)
    _printf_fp_hex                           0x080051df   Thumb Code     4  printf2.o(x$fpl$printf2)
    __I$use$fp                               0x080051e2   Number         0  usenofp.o(x$fpl$usenofp)
    AHBPrescTable                            0x080052e0   Data          16  system_stm32f4xx.o(.rodata.AHBPrescTable)
    APBPrescTable                            0x080052f0   Data           8  system_stm32f4xx.o(.rodata.APBPrescTable)
    Region$$Table$$Base                      0x080052fc   Number         0  anon$$obj.o(Region$$Table)
    Region$$Table$$Limit                     0x0800531c   Number         0  anon$$obj.o(Region$$Table)
    __ctype                                  0x08005345   Data           0  lc_ctype_c.o(locale$$data)
    SHT$$INIT_ARRAY$$Base                    0x08005448   Number         0  maincpp.o(.init_array)
    SHT$$INIT_ARRAY$$Limit                   0x0800544c   Number         0  init_aeabi.o(.init_array)
    SystemCoreClock                          0x20000000   Data           4  system_stm32f4xx.o(.data.SystemCoreClock)
    uwTickFreq                               0x20000004   Data           1  stm32f4xx_hal.o(.data.uwTickFreq)
    uwTickPrio                               0x20000008   Data           4  stm32f4xx_hal.o(.data.uwTickPrio)
    __libspace_start                         0x20000010   Data          96  libspace.o(.bss)
    __temporary_stack_top$libspace           0x20000070   Data           0  libspace.o(.bss)
    common_buffer                            0x20000074   Data           8  maincpp.o(.bss.common_buffer)
    hcan1                                    0x2000007c   Data          40  main.o(.bss.hcan1)
    hcan2                                    0x200000a4   Data          40  main.o(.bss.hcan2)
    htim13                                   0x200000cc   Data          72  stm32f4xx_hal_timebase_tim.o(.bss.htim13)
    huart7                                   0x20000114   Data          72  main.o(.bss.huart7)
    motor                                    0x2000015c   Data          96  maincpp.o(.bss.motor)
    uwTick                                   0x200001bc   Data           4  stm32f4xx_hal.o(.bss.uwTick)



==============================================================================

Memory Map of the image

  Image Entry point : 0x080001ad

  Load Region LR_IROM1 (Base: 0x08000000, Size: 0x00005460, Max: 0x00200000, ABSOLUTE)

    Execution Region ER_IROM1 (Exec base: 0x08000000, Load base: 0x08000000, Size: 0x0000544c, Max: 0x00200000, ABSOLUTE)

    Exec Addr    Load Addr    Size         Type   Attr      Idx    E Section Name        Object

    0x08000000   0x08000000   0x000001ac   Data   RO            3    RESET               startup_stm32f427xx.o
    0x080001ac   0x080001ac   0x00000008   Code   RO         1200  * !!!main             c_w.l(__main.o)
    0x080001b4   0x080001b4   0x00000034   Code   RO         1557    !!!scatter          c_w.l(__scatter.o)
    0x080001e8   0x080001e8   0x0000001a   Code   RO         1559    !!handler_copy      c_w.l(__scatter_copy.o)
    0x08000202   0x08000202   0x00000002   PAD
    0x08000204   0x08000204   0x0000001c   Code   RO         1561    !!handler_zi        c_w.l(__scatter_zi.o)
    0x08000220   0x08000220   0x00000000   Code   RO         1294    .ARM.Collect$$_printf_percent$$00000000  c_w.l(_printf_percent.o)
    0x08000220   0x08000220   0x00000006   Code   RO         1283    .ARM.Collect$$_printf_percent$$00000001  c_w.l(_printf_n.o)
    0x08000226   0x08000226   0x00000006   Code   RO         1285    .ARM.Collect$$_printf_percent$$00000002  c_w.l(_printf_p.o)
    0x0800022c   0x0800022c   0x00000006   Code   RO         1290    .ARM.Collect$$_printf_percent$$00000003  c_w.l(_printf_f.o)
    0x08000232   0x08000232   0x00000006   Code   RO         1291    .ARM.Collect$$_printf_percent$$00000004  c_w.l(_printf_e.o)
    0x08000238   0x08000238   0x00000006   Code   RO         1292    .ARM.Collect$$_printf_percent$$00000005  c_w.l(_printf_g.o)
    0x0800023e   0x0800023e   0x00000006   Code   RO         1293    .ARM.Collect$$_printf_percent$$00000006  c_w.l(_printf_a.o)
    0x08000244   0x08000244   0x0000000a   Code   RO         1298    .ARM.Collect$$_printf_percent$$00000007  c_w.l(_printf_ll.o)
    0x0800024e   0x0800024e   0x00000006   Code   RO         1287    .ARM.Collect$$_printf_percent$$00000008  c_w.l(_printf_i.o)
    0x08000254   0x08000254   0x00000006   Code   RO         1288    .ARM.Collect$$_printf_percent$$00000009  c_w.l(_printf_d.o)
    0x0800025a   0x0800025a   0x00000006   Code   RO         1289    .ARM.Collect$$_printf_percent$$0000000A  c_w.l(_printf_u.o)
    0x08000260   0x08000260   0x00000006   Code   RO         1286    .ARM.Collect$$_printf_percent$$0000000B  c_w.l(_printf_o.o)
    0x08000266   0x08000266   0x00000006   Code   RO         1284    .ARM.Collect$$_printf_percent$$0000000C  c_w.l(_printf_x.o)
    0x0800026c   0x0800026c   0x00000006   Code   RO         1295    .ARM.Collect$$_printf_percent$$0000000D  c_w.l(_printf_lli.o)
    0x08000272   0x08000272   0x00000006   Code   RO         1296    .ARM.Collect$$_printf_percent$$0000000E  c_w.l(_printf_lld.o)
    0x08000278   0x08000278   0x00000006   Code   RO         1297    .ARM.Collect$$_printf_percent$$0000000F  c_w.l(_printf_llu.o)
    0x0800027e   0x0800027e   0x00000006   Code   RO         1302    .ARM.Collect$$_printf_percent$$00000010  c_w.l(_printf_llo.o)
    0x08000284   0x08000284   0x00000006   Code   RO         1303    .ARM.Collect$$_printf_percent$$00000011  c_w.l(_printf_llx.o)
    0x0800028a   0x0800028a   0x0000000a   Code   RO         1299    .ARM.Collect$$_printf_percent$$00000012  c_w.l(_printf_l.o)
    0x08000294   0x08000294   0x00000006   Code   RO         1281    .ARM.Collect$$_printf_percent$$00000013  c_w.l(_printf_c.o)
    0x0800029a   0x0800029a   0x00000006   Code   RO         1282    .ARM.Collect$$_printf_percent$$00000014  c_w.l(_printf_s.o)
    0x080002a0   0x080002a0   0x00000006   Code   RO         1300    .ARM.Collect$$_printf_percent$$00000015  c_w.l(_printf_lc.o)
    0x080002a6   0x080002a6   0x00000006   Code   RO         1301    .ARM.Collect$$_printf_percent$$00000016  c_w.l(_printf_ls.o)
    0x080002ac   0x080002ac   0x00000004   Code   RO         1397    .ARM.Collect$$_printf_percent$$00000017  c_w.l(_printf_percent_end.o)
    0x080002b0   0x080002b0   0x00000002   Code   RO         1460    .ARM.Collect$$libinit$$00000000  c_w.l(libinit.o)
    0x080002b2   0x080002b2   0x00000004   Code   RO         1304    .ARM.Collect$$libinit$$00000001  c_w.l(libinit2.o)
    0x080002b6   0x080002b6   0x00000000   Code   RO         1307    .ARM.Collect$$libinit$$00000004  c_w.l(libinit2.o)
    0x080002b6   0x080002b6   0x00000000   Code   RO         1309    .ARM.Collect$$libinit$$00000006  c_w.l(libinit2.o)
    0x080002b6   0x080002b6   0x00000000   Code   RO         1312    .ARM.Collect$$libinit$$0000000C  c_w.l(libinit2.o)
    0x080002b6   0x080002b6   0x00000000   Code   RO         1314    .ARM.Collect$$libinit$$0000000E  c_w.l(libinit2.o)
    0x080002b6   0x080002b6   0x00000000   Code   RO         1316    .ARM.Collect$$libinit$$00000010  c_w.l(libinit2.o)
    0x080002b6   0x080002b6   0x00000006   Code   RO         1317    .ARM.Collect$$libinit$$00000011  c_w.l(libinit2.o)
    0x080002bc   0x080002bc   0x00000000   Code   RO         1319    .ARM.Collect$$libinit$$00000013  c_w.l(libinit2.o)
    0x080002bc   0x080002bc   0x0000000c   Code   RO         1320    .ARM.Collect$$libinit$$00000014  c_w.l(libinit2.o)
    0x080002c8   0x080002c8   0x00000000   Code   RO         1321    .ARM.Collect$$libinit$$00000015  c_w.l(libinit2.o)
    0x080002c8   0x080002c8   0x00000000   Code   RO         1323    .ARM.Collect$$libinit$$00000017  c_w.l(libinit2.o)
    0x080002c8   0x080002c8   0x0000000a   Code   RO         1324    .ARM.Collect$$libinit$$00000018  c_w.l(libinit2.o)
    0x080002d2   0x080002d2   0x00000000   Code   RO         1325    .ARM.Collect$$libinit$$00000019  c_w.l(libinit2.o)
    0x080002d2   0x080002d2   0x00000000   Code   RO         1327    .ARM.Collect$$libinit$$0000001B  c_w.l(libinit2.o)
    0x080002d2   0x080002d2   0x00000000   Code   RO         1329    .ARM.Collect$$libinit$$0000001D  c_w.l(libinit2.o)
    0x080002d2   0x080002d2   0x00000000   Code   RO         1331    .ARM.Collect$$libinit$$0000001F  c_w.l(libinit2.o)
    0x080002d2   0x080002d2   0x00000000   Code   RO         1333    .ARM.Collect$$libinit$$00000021  c_w.l(libinit2.o)
    0x080002d2   0x080002d2   0x00000000   Code   RO         1335    .ARM.Collect$$libinit$$00000023  c_w.l(libinit2.o)
    0x080002d2   0x080002d2   0x00000000   Code   RO         1337    .ARM.Collect$$libinit$$00000025  c_w.l(libinit2.o)
    0x080002d2   0x080002d2   0x00000000   Code   RO         1339    .ARM.Collect$$libinit$$00000027  c_w.l(libinit2.o)
    0x080002d2   0x080002d2   0x00000000   Code   RO         1343    .ARM.Collect$$libinit$$0000002E  c_w.l(libinit2.o)
    0x080002d2   0x080002d2   0x00000000   Code   RO         1345    .ARM.Collect$$libinit$$00000030  c_w.l(libinit2.o)
    0x080002d2   0x080002d2   0x00000000   Code   RO         1347    .ARM.Collect$$libinit$$00000032  c_w.l(libinit2.o)
    0x080002d2   0x080002d2   0x00000004   Code   RO         1348    .ARM.Collect$$libinit$$00000033  c_w.l(libinit2.o)
    0x080002d6   0x080002d6   0x00000000   Code   RO         1349    .ARM.Collect$$libinit$$00000034  c_w.l(libinit2.o)
    0x080002d6   0x080002d6   0x00000002   Code   RO         1350    .ARM.Collect$$libinit$$00000035  c_w.l(libinit2.o)
    0x080002d8   0x080002d8   0x00000002   Code   RO         1524    .ARM.Collect$$libshutdown$$00000000  c_w.l(libshutdown.o)
    0x080002da   0x080002da   0x00000000   Code   RO         1540    .ARM.Collect$$libshutdown$$00000002  c_w.l(libshutdown2.o)
    0x080002da   0x080002da   0x00000000   Code   RO         1542    .ARM.Collect$$libshutdown$$00000004  c_w.l(libshutdown2.o)
    0x080002da   0x080002da   0x00000000   Code   RO         1545    .ARM.Collect$$libshutdown$$00000007  c_w.l(libshutdown2.o)
    0x080002da   0x080002da   0x00000000   Code   RO         1548    .ARM.Collect$$libshutdown$$0000000A  c_w.l(libshutdown2.o)
    0x080002da   0x080002da   0x00000000   Code   RO         1550    .ARM.Collect$$libshutdown$$0000000C  c_w.l(libshutdown2.o)
    0x080002da   0x080002da   0x00000000   Code   RO         1553    .ARM.Collect$$libshutdown$$0000000F  c_w.l(libshutdown2.o)
    0x080002da   0x080002da   0x00000002   Code   RO         1554    .ARM.Collect$$libshutdown$$00000010  c_w.l(libshutdown2.o)
    0x080002dc   0x080002dc   0x00000000   Code   RO         1208    .ARM.Collect$$rtentry$$00000000  c_w.l(__rtentry.o)
    0x080002dc   0x080002dc   0x00000000   Code   RO         1364    .ARM.Collect$$rtentry$$00000002  c_w.l(__rtentry2.o)
    0x080002dc   0x080002dc   0x00000006   Code   RO         1376    .ARM.Collect$$rtentry$$00000004  c_w.l(__rtentry4.o)
    0x080002e2   0x080002e2   0x00000000   Code   RO         1366    .ARM.Collect$$rtentry$$00000009  c_w.l(__rtentry2.o)
    0x080002e2   0x080002e2   0x00000004   Code   RO         1367    .ARM.Collect$$rtentry$$0000000A  c_w.l(__rtentry2.o)
    0x080002e6   0x080002e6   0x00000000   Code   RO         1369    .ARM.Collect$$rtentry$$0000000C  c_w.l(__rtentry2.o)
    0x080002e6   0x080002e6   0x00000008   Code   RO         1370    .ARM.Collect$$rtentry$$0000000D  c_w.l(__rtentry2.o)
    0x080002ee   0x080002ee   0x00000002   Code   RO         1473    .ARM.Collect$$rtexit$$00000000  c_w.l(rtexit.o)
    0x080002f0   0x080002f0   0x00000000   Code   RO         1502    .ARM.Collect$$rtexit$$00000002  c_w.l(rtexit2.o)
    0x080002f0   0x080002f0   0x00000004   Code   RO         1503    .ARM.Collect$$rtexit$$00000003  c_w.l(rtexit2.o)
    0x080002f4   0x080002f4   0x00000006   Code   RO         1504    .ARM.Collect$$rtexit$$00000004  c_w.l(rtexit2.o)
    0x080002fa   0x080002fa   0x00000002   PAD
    0x080002fc   0x080002fc   0x00000040   Code   RO            4    .text               startup_stm32f427xx.o
    0x0800033c   0x0800033c   0x000000f0   Code   RO         1190    .text               c_w.l(lludivv7m.o)
    0x0800042c   0x0800042c   0x00000024   Code   RO         1192    .text               c_w.l(vsprintf.o)
    0x08000450   0x08000450   0x0000003e   Code   RO         1194    .text               c_w.l(strlen.o)
    0x0800048e   0x0800048e   0x0000004e   Code   RO         1196    .text               c_w.l(rt_memclr_w.o)
    0x080004dc   0x080004dc   0x00000006   Code   RO         1198    .text               c_w.l(heapauxi.o)
    0x080004e2   0x080004e2   0x00000002   PAD
    0x080004e4   0x080004e4   0x00000024   Code   RO         1205    .text               c_w.l(init_aeabi.o)
    0x08000508   0x08000508   0x0000004e   Code   RO         1215    .text               c_w.l(_printf_pad.o)
    0x08000556   0x08000556   0x00000024   Code   RO         1217    .text               c_w.l(_printf_truncate.o)
    0x0800057a   0x0800057a   0x00000052   Code   RO         1219    .text               c_w.l(_printf_str.o)
    0x080005cc   0x080005cc   0x00000078   Code   RO         1221    .text               c_w.l(_printf_dec.o)
    0x08000644   0x08000644   0x00000028   Code   RO         1223    .text               c_w.l(_printf_charcount.o)
    0x0800066c   0x0800066c   0x00000030   Code   RO         1225    .text               c_w.l(_printf_char_common.o)
    0x0800069c   0x0800069c   0x0000000a   Code   RO         1227    .text               c_w.l(_sputc.o)
    0x080006a6   0x080006a6   0x00000002   PAD
    0x080006a8   0x080006a8   0x000000bc   Code   RO         1229    .text               c_w.l(_printf_wctomb.o)
    0x08000764   0x08000764   0x0000007c   Code   RO         1232    .text               c_w.l(_printf_longlong_dec.o)
    0x080007e0   0x080007e0   0x00000070   Code   RO         1238    .text               c_w.l(_printf_oct_int_ll.o)
    0x08000850   0x08000850   0x00000094   Code   RO         1258    .text               c_w.l(_printf_hex_int_ll_ptr.o)
    0x080008e4   0x080008e4   0x00000188   Code   RO         1278    .text               c_w.l(__printf_flags_ss_wp.o)
    0x08000a6c   0x08000a6c   0x0000008a   Code   RO         1380    .text               c_w.l(lludiv10.o)
    0x08000af6   0x08000af6   0x000000b2   Code   RO         1382    .text               c_w.l(_printf_intcommon.o)
    0x08000ba8   0x08000ba8   0x0000041c   Code   RO         1384    .text               c_w.l(_printf_fp_dec.o)
    0x08000fc4   0x08000fc4   0x000002fc   Code   RO         1388    .text               c_w.l(_printf_fp_hex.o)
    0x080012c0   0x080012c0   0x0000002c   Code   RO         1393    .text               c_w.l(_printf_char.o)
    0x080012ec   0x080012ec   0x0000002c   Code   RO         1395    .text               c_w.l(_printf_wchar.o)
    0x08001318   0x08001318   0x00000048   Code   RO         1398    .text               c_w.l(_c16rtomb.o)
    0x08001360   0x08001360   0x0000004a   Code   RO         1404    .text               c_w.l(sys_stackheap_outer.o)
    0x080013aa   0x080013aa   0x00000002   PAD
    0x080013ac   0x080013ac   0x00000010   Code   RO         1406    .text               c_w.l(rt_ctype_table.o)
    0x080013bc   0x080013bc   0x00000008   Code   RO         1411    .text               c_w.l(rt_locale_intlibspace.o)
    0x080013c4   0x080013c4   0x00000080   Code   RO         1413    .text               c_w.l(_printf_fp_infnan.o)
    0x08001444   0x08001444   0x000000e4   Code   RO         1415    .text               c_w.l(bigflt0.o)
    0x08001528   0x08001528   0x00000012   Code   RO         1445    .text               c_w.l(exit.o)
    0x0800153a   0x0800153a   0x00000002   PAD
    0x0800153c   0x0800153c   0x00000008   Code   RO         1470    .text               c_w.l(libspace.o)
    0x08001544   0x08001544   0x00000004   PAD
    0x08001548   0x08001548   0x0000007c   Code   RO         1492    .text               c_w.l(strcmpv7em.o)
    0x080015c4   0x080015c4   0x0000000c   Code   RO         1494    .text               c_w.l(sys_exit.o)
    0x080015d0   0x080015d0   0x00000002   Code   RO         1498    .text               c_w.l(use_no_semi.o)
    0x080015d2   0x080015d2   0x00000000   Code   RO         1500    .text               c_w.l(indicate_semi.o)
    0x080015d2   0x080015d2   0x00000002   PAD
    0x080015d4   0x080015d4   0x00000004   Code   RO           85    .text.BusFault_Handler  stm32f4xx_it.o
    0x080015d8   0x080015d8   0x00000010   Code   RO           97    .text.CAN1_RX0_IRQHandler  stm32f4xx_it.o
    0x080015e8   0x080015e8   0x00000010   Code   RO          101    .text.CAN2_RX0_IRQHandler  stm32f4xx_it.o
    0x080015f8   0x080015f8   0x00000002   Code   RO           91    .text.DebugMon_Handler  stm32f4xx_it.o
    0x080015fa   0x080015fa   0x00000002   PAD
    0x080015fc   0x080015fc   0x00000006   Code   RO           64    .text.Error_Handler  main.o
    0x08001602   0x08001602   0x00000002   PAD
    0x08001604   0x08001604   0x00000052   Code   RO          176    .text.HAL_CAN_ActivateNotification  stm32f4xx_hal_can.o
    0x08001656   0x08001656   0x00000002   PAD
    0x08001658   0x08001658   0x00000156   Code   RO          162    .text.HAL_CAN_AddTxMessage  stm32f4xx_hal_can.o
    0x080017ae   0x080017ae   0x00000002   PAD
    0x080017b0   0x080017b0   0x000001a4   Code   RO          152    .text.HAL_CAN_ConfigFilter  stm32f4xx_hal_can.o
    0x08001954   0x08001954   0x00000008   Code   RO          206    .text.HAL_CAN_ErrorCallback  stm32f4xx_hal_can.o
    0x0800195c   0x0800195c   0x00000212   Code   RO          172    .text.HAL_CAN_GetRxMessage  stm32f4xx_hal_can.o
    0x08001b6e   0x08001b6e   0x00000002   PAD
    0x08001b70   0x08001b70   0x00000070   Code   RO          166    .text.HAL_CAN_GetTxMailboxesFreeLevel  stm32f4xx_hal_can.o
    0x08001be0   0x08001be0   0x000003f2   Code   RO          180    .text.HAL_CAN_IRQHandler  stm32f4xx_hal_can.o
    0x08001fd2   0x08001fd2   0x00000002   PAD
    0x08001fd4   0x08001fd4   0x000001de   Code   RO          142    .text.HAL_CAN_Init  stm32f4xx_hal_can.o
    0x080021b2   0x080021b2   0x00000002   PAD
    0x080021b4   0x080021b4   0x00000186   Code   RO          112    .text.HAL_CAN_MspInit  stm32f4xx_hal_msp.o
    0x0800233a   0x0800233a   0x00000002   PAD
    0x0800233c   0x0800233c   0x00000008   Code   RO          194    .text.HAL_CAN_RxFifo0FullCallback  stm32f4xx_hal_can.o
    0x08002344   0x08002344   0x00000048   Code   RO           21    .text.HAL_CAN_RxFifo0MsgPendingCallback  maincpp.o
    0x0800238c   0x0800238c   0x00000008   Code   RO          198    .text.HAL_CAN_RxFifo1FullCallback  stm32f4xx_hal_can.o
    0x08002394   0x08002394   0x00000008   Code   RO          200    .text.HAL_CAN_RxFifo1MsgPendingCallback  stm32f4xx_hal_can.o
    0x0800239c   0x0800239c   0x00000008   Code   RO          202    .text.HAL_CAN_SleepCallback  stm32f4xx_hal_can.o
    0x080023a4   0x080023a4   0x0000008a   Code   RO          154    .text.HAL_CAN_Start  stm32f4xx_hal_can.o
    0x0800242e   0x0800242e   0x00000002   PAD
    0x08002430   0x08002430   0x00000008   Code   RO          184    .text.HAL_CAN_TxMailbox0AbortCallback  stm32f4xx_hal_can.o
    0x08002438   0x08002438   0x00000008   Code   RO          182    .text.HAL_CAN_TxMailbox0CompleteCallback  stm32f4xx_hal_can.o
    0x08002440   0x08002440   0x00000008   Code   RO          188    .text.HAL_CAN_TxMailbox1AbortCallback  stm32f4xx_hal_can.o
    0x08002448   0x08002448   0x00000008   Code   RO          186    .text.HAL_CAN_TxMailbox1CompleteCallback  stm32f4xx_hal_can.o
    0x08002450   0x08002450   0x00000008   Code   RO          192    .text.HAL_CAN_TxMailbox2AbortCallback  stm32f4xx_hal_can.o
    0x08002458   0x08002458   0x00000008   Code   RO          190    .text.HAL_CAN_TxMailbox2CompleteCallback  stm32f4xx_hal_can.o
    0x08002460   0x08002460   0x00000008   Code   RO          204    .text.HAL_CAN_WakeUpFromRxMsgCallback  stm32f4xx_hal_can.o
    0x08002468   0x08002468   0x00000042   Code   RO          616    .text.HAL_Delay     stm32f4xx_hal.o
    0x080024aa   0x080024aa   0x00000002   PAD
    0x080024ac   0x080024ac   0x000003ee   Code   RO          377    .text.HAL_GPIO_Init  stm32f4xx_hal_gpio.o
    0x0800289a   0x0800289a   0x00000002   PAD
    0x0800289c   0x0800289c   0x0000000c   Code   RO          608    .text.HAL_GetTick   stm32f4xx_hal.o
    0x080028a8   0x080028a8   0x0000001a   Code   RO          606    .text.HAL_IncTick   stm32f4xx_hal.o
    0x080028c2   0x080028c2   0x00000002   PAD
    0x080028c4   0x080028c4   0x00000036   Code   RO          596    .text.HAL_Init      stm32f4xx_hal.o
    0x080028fa   0x080028fa   0x00000002   PAD
    0x080028fc   0x080028fc   0x000000f0   Code   RO          128    .text.HAL_InitTick  stm32f4xx_hal_timebase_tim.o
    0x080029ec   0x080029ec   0x0000004a   Code   RO          110    .text.HAL_MspInit   stm32f4xx_hal_msp.o
    0x08002a36   0x08002a36   0x00000002   PAD
    0x08002a38   0x08002a38   0x00000014   Code   RO          531    .text.HAL_NVIC_EnableIRQ  stm32f4xx_hal_cortex.o
    0x08002a4c   0x08002a4c   0x00000032   Code   RO          523    .text.HAL_NVIC_SetPriority  stm32f4xx_hal_cortex.o
    0x08002a7e   0x08002a7e   0x00000002   PAD
    0x08002a80   0x08002a80   0x00000010   Code   RO          519    .text.HAL_NVIC_SetPriorityGrouping  stm32f4xx_hal_cortex.o
    0x08002a90   0x08002a90   0x000000be   Code   RO          506    .text.HAL_PWREx_EnableOverDrive  stm32f4xx_hal_pwr_ex.o
    0x08002b4e   0x08002b4e   0x00000002   PAD
    0x08002b50   0x08002b50   0x00000262   Code   RO          225    .text.HAL_RCC_ClockConfig  stm32f4xx_hal_rcc.o
    0x08002db2   0x08002db2   0x00000002   PAD
    0x08002db4   0x08002db4   0x00000054   Code   RO          243    .text.HAL_RCC_GetClockConfig  stm32f4xx_hal_rcc.o
    0x08002e08   0x08002e08   0x0000000c   Code   RO          235    .text.HAL_RCC_GetHCLKFreq  stm32f4xx_hal_rcc.o
    0x08002e14   0x08002e14   0x00000022   Code   RO          237    .text.HAL_RCC_GetPCLK1Freq  stm32f4xx_hal_rcc.o
    0x08002e36   0x08002e36   0x00000002   PAD
    0x08002e38   0x08002e38   0x00000022   Code   RO          239    .text.HAL_RCC_GetPCLK2Freq  stm32f4xx_hal_rcc.o
    0x08002e5a   0x08002e5a   0x00000002   PAD
    0x08002e5c   0x08002e5c   0x000000e6   Code   RO          227    .text.HAL_RCC_GetSysClockFreq  stm32f4xx_hal_rcc.o
    0x08002f42   0x08002f42   0x00000002   PAD
    0x08002f44   0x08002f44   0x000006be   Code   RO          223    .text.HAL_RCC_OscConfig  stm32f4xx_hal_rcc.o
    0x08003602   0x08003602   0x00000002   PAD
    0x08003604   0x08003604   0x00000008   Code   RO         1012    .text.HAL_TIMEx_BreakCallback  stm32f4xx_hal_tim_ex.o
    0x0800360c   0x0800360c   0x00000008   Code   RO         1008    .text.HAL_TIMEx_CommutCallback  stm32f4xx_hal_tim_ex.o
    0x08003614   0x08003614   0x0000009c   Code   RO          689    .text.HAL_TIM_Base_Init  stm32f4xx_hal_tim.o
    0x080036b0   0x080036b0   0x00000008   Code   RO          691    .text.HAL_TIM_Base_MspInit  stm32f4xx_hal_tim.o
    0x080036b8   0x080036b8   0x000000f6   Code   RO          703    .text.HAL_TIM_Base_Start_IT  stm32f4xx_hal_tim.o
    0x080037ae   0x080037ae   0x00000002   PAD
    0x080037b0   0x080037b0   0x00000008   Code   RO          825    .text.HAL_TIM_IC_CaptureCallback  stm32f4xx_hal_tim.o
    0x080037b8   0x080037b8   0x0000021a   Code   RO          823    .text.HAL_TIM_IRQHandler  stm32f4xx_hal_tim.o
    0x080039d2   0x080039d2   0x00000002   PAD
    0x080039d4   0x080039d4   0x00000008   Code   RO          827    .text.HAL_TIM_OC_DelayElapsedCallback  stm32f4xx_hal_tim.o
    0x080039dc   0x080039dc   0x00000008   Code   RO          829    .text.HAL_TIM_PWM_PulseFinishedCallback  stm32f4xx_hal_tim.o
    0x080039e4   0x080039e4   0x00000022   Code   RO           66    .text.HAL_TIM_PeriodElapsedCallback  main.o
    0x08003a06   0x08003a06   0x00000002   PAD
    0x08003a08   0x08003a08   0x00000008   Code   RO          833    .text.HAL_TIM_TriggerCallback  stm32f4xx_hal_tim.o
    0x08003a10   0x08003a10   0x0000009e   Code   RO         1025    .text.HAL_UART_Init  stm32f4xx_hal_uart.o
    0x08003aae   0x08003aae   0x00000002   PAD
    0x08003ab0   0x08003ab0   0x00000092   Code   RO          116    .text.HAL_UART_MspInit  stm32f4xx_hal_msp.o
    0x08003b42   0x08003b42   0x00000002   PAD
    0x08003b44   0x08003b44   0x00000130   Code   RO         1041    .text.HAL_UART_Transmit  stm32f4xx_hal_uart.o
    0x08003c74   0x08003c74   0x00000004   Code   RO           81    .text.HardFault_Handler  stm32f4xx_it.o
    0x08003c78   0x08003c78   0x0000004e   Code   RO           58    .text.MX_CAN1_Init  main.o
    0x08003cc6   0x08003cc6   0x00000002   PAD
    0x08003cc8   0x08003cc8   0x0000004e   Code   RO           60    .text.MX_CAN2_Init  main.o
    0x08003d16   0x08003d16   0x00000002   PAD
    0x08003d18   0x08003d18   0x000000b0   Code   RO           56    .text.MX_GPIO_Init  main.o
    0x08003dc8   0x08003dc8   0x00000040   Code   RO           62    .text.MX_UART7_Init  main.o
    0x08003e08   0x08003e08   0x00000004   Code   RO           83    .text.MemManage_Handler  stm32f4xx_it.o
    0x08003e0c   0x08003e0c   0x00000004   Code   RO           79    .text.NMI_Handler   stm32f4xx_it.o
    0x08003e10   0x08003e10   0x0000006c   Code   RO          529    .text.NVIC_EncodePriority  stm32f4xx_hal_cortex.o
    0x08003e7c   0x08003e7c   0x00000002   Code   RO           93    .text.PendSV_Handler  stm32f4xx_it.o
    0x08003e7e   0x08003e7e   0x00000002   PAD
    0x08003e80   0x08003e80   0x00000002   Code   RO           89    .text.SVC_Handler   stm32f4xx_it.o
    0x08003e82   0x08003e82   0x00000002   PAD
    0x08003e84   0x08003e84   0x00000002   Code   RO           95    .text.SysTick_Handler  stm32f4xx_it.o
    0x08003e86   0x08003e86   0x00000002   PAD
    0x08003e88   0x08003e88   0x000000ca   Code   RO           54    .text.SystemClock_Config  main.o
    0x08003f52   0x08003f52   0x00000002   PAD
    0x08003f54   0x08003f54   0x00000012   Code   RO         1156    .text.SystemInit    system_stm32f4xx.o
    0x08003f66   0x08003f66   0x00000002   PAD
    0x08003f68   0x08003f68   0x00000010   Code   RO           99    .text.TIM8_UP_TIM13_IRQHandler  stm32f4xx_it.o
    0x08003f78   0x08003f78   0x000001b0   Code   RO          693    .text.TIM_Base_SetConfig  stm32f4xx_hal_tim.o
    0x08004128   0x08004128   0x00000094   Code   RO         1073    .text.UART_EndRxTransfer  stm32f4xx_hal_uart.o
    0x080041bc   0x080041bc   0x0000013a   Code   RO         1029    .text.UART_SetConfig  stm32f4xx_hal_uart.o
    0x080042f6   0x080042f6   0x00000002   PAD
    0x080042f8   0x080042f8   0x000000da   Code   RO         1043    .text.UART_WaitOnFlagUntilTimeout  stm32f4xx_hal_uart.o
    0x080043d2   0x080043d2   0x00000002   PAD
    0x080043d4   0x080043d4   0x00000004   Code   RO           87    .text.UsageFault_Handler  stm32f4xx_it.o
    0x080043d8   0x080043d8   0x00000008   Code   RO           23    .text._GLOBAL__sub_I_maincpp.cpp  maincpp.o
    0x080043e0   0x080043e0   0x00000046   Code   RO           17    .text._Z13Serial_PrintfPcz  maincpp.o
    0x08004426   0x08004426   0x00000002   PAD
    0x08004428   0x08004428   0x00000064   Code   RO           15    .text._Z16Configure_Filterv  maincpp.o
    0x0800448c   0x0800448c   0x0000002c   Code   RO           45    .text._ZN19pid_base_template_tIifE10pid_updateEfff  maincpp.o
    0x080044b8   0x080044b8   0x00000028   Code   RO         1184    .text._ZN19pid_base_template_tIifE13target_updateEib  motor.o
    0x080044e0   0x080044e0   0x00000024   Code   RO           49    .text._ZN19pid_base_template_tIifE5resetEv  maincpp.o
    0x08004504   0x08004504   0x000000c6   Code   RO         1186    .text._ZN19pid_base_template_tIifE6updateEi  motor.o
    0x080045ca   0x080045ca   0x00000002   PAD
    0x080045cc   0x080045cc   0x00000016   Code   RO           47    .text._ZN19pid_base_template_tIifE9out_limitEii  maincpp.o
    0x080045e2   0x080045e2   0x00000002   PAD
    0x080045e4   0x080045e4   0x00000042   Code   RO           41    .text._ZN19pid_base_template_tIifEC2E15PidBaseConfig_TIifE  maincpp.o
    0x08004626   0x08004626   0x00000002   PAD
    0x08004628   0x08004628   0x0000003e   Code   RO           43    .text._ZN19pid_base_template_tIifEC2Efffii  maincpp.o
    0x08004666   0x08004666   0x00000002   PAD
    0x08004668   0x08004668   0x0000009e   Code   RO         1170    .text._ZN5Motor16MotorInterface_t13ControlOutputEs  motor.o
    0x08004706   0x08004706   0x00000002   PAD
    0x08004708   0x08004708   0x00000008   Code   RO         1172    .text._ZN5Motor16MotorInterface_t6updateEv  motor.o
    0x08004710   0x08004710   0x00000036   Code   RO           37    .text._ZN5Motor16MotorInterface_t8bind_pinEhP17CAN_HandleTypeDefPhb  maincpp.o
    0x08004746   0x08004746   0x00000002   PAD
    0x08004748   0x08004748   0x00000024   Code   RO           39    .text._ZN5Motor16MotorInterface_tC2Ev  maincpp.o
    0x0800476c   0x0800476c   0x00000042   Code   RO         1174    .text._ZN5Motor7Motor_t10set_targetEf  motor.o
    0x080047ae   0x080047ae   0x00000002   PAD
    0x080047b0   0x080047b0   0x0000002c   Code   RO         1176    .text._ZN5Motor7Motor_t13ControlUpdateEv  motor.o
    0x080047dc   0x080047dc   0x00000064   Code   RO           35    .text._ZN5Motor7Motor_tC2Ev  maincpp.o
    0x08004840   0x08004840   0x00000030   Code   RO          533    .text.__NVIC_EnableIRQ  stm32f4xx_hal_cortex.o
    0x08004870   0x08004870   0x00000010   Code   RO          525    .text.__NVIC_GetPriorityGrouping  stm32f4xx_hal_cortex.o
    0x08004880   0x08004880   0x00000042   Code   RO          527    .text.__NVIC_SetPriority  stm32f4xx_hal_cortex.o
    0x080048c2   0x080048c2   0x00000002   PAD
    0x080048c4   0x080048c4   0x0000003c   Code   RO          521    .text.__NVIC_SetPriorityGrouping  stm32f4xx_hal_cortex.o
    0x08004900   0x08004900   0x00000010   Code   RO           11    .text.__cxx_global_var_init  maincpp.o
    0x08004910   0x08004910   0x00000028   Code   RO           52    .text.main          main.o
    0x08004938   0x08004938   0x00000060   Code   RO           13    .text.main_cpp      maincpp.o
    0x08004998   0x08004998   0x0000003e   Code   RO         1418    CL$$btod_d2e        c_w.l(btod.o)
    0x080049d6   0x080049d6   0x00000046   Code   RO         1420    CL$$btod_d2e_denorm_low  c_w.l(btod.o)
    0x08004a1c   0x08004a1c   0x00000060   Code   RO         1419    CL$$btod_d2e_norm_op1  c_w.l(btod.o)
    0x08004a7c   0x08004a7c   0x00000338   Code   RO         1428    CL$$btod_div_common  c_w.l(btod.o)
    0x08004db4   0x08004db4   0x000000dc   Code   RO         1425    CL$$btod_e2e        c_w.l(btod.o)
    0x08004e90   0x08004e90   0x0000002a   Code   RO         1422    CL$$btod_ediv       c_w.l(btod.o)
    0x08004eba   0x08004eba   0x0000002a   Code   RO         1421    CL$$btod_emul       c_w.l(btod.o)
    0x08004ee4   0x08004ee4   0x00000244   Code   RO         1427    CL$$btod_mult_common  c_w.l(btod.o)
    0x08005128   0x08005128   0x00000030   Code   RO         1464    i.__ARM_fpclassify  m_wm.l(fpclassify.o)
    0x08005158   0x08005158   0x0000000e   Code   RO         1271    i._is_digit         c_w.l(__printf_wp.o)
    0x08005166   0x08005166   0x00000002   PAD
    0x08005168   0x08005168   0x0000002c   Code   RO         1443    locale$$code        c_w.l(lc_numeric_c.o)
    0x08005194   0x08005194   0x0000002c   Code   RO         1482    locale$$code        c_w.l(lc_ctype_c.o)
    0x080051c0   0x080051c0   0x0000001a   Code   RO         1402    x$fpl$fpinit        fz_wm.l(fpinit.o)
    0x080051da   0x080051da   0x00000004   Code   RO         1355    x$fpl$printf1       fz_wm.l(printf1.o)
    0x080051de   0x080051de   0x00000004   Code   RO         1357    x$fpl$printf2       fz_wm.l(printf2.o)
    0x080051e2   0x080051e2   0x00000000   Code   RO         1463    x$fpl$usenofp       fz_wm.l(usenofp.o)
    0x080051e2   0x080051e2   0x00000002   PAD
    0x080051e4   0x080051e4   0x00000008   Data   RO         1230    .constdata          c_w.l(_printf_wctomb.o)
    0x080051ec   0x080051ec   0x00000028   Data   RO         1259    .constdata          c_w.l(_printf_hex_int_ll_ptr.o)
    0x08005214   0x08005214   0x00000011   Data   RO         1279    .constdata          c_w.l(__printf_flags_ss_wp.o)
    0x08005225   0x08005225   0x00000026   Data   RO         1389    .constdata          c_w.l(_printf_fp_hex.o)
    0x0800524b   0x0800524b   0x00000001   PAD
    0x0800524c   0x0800524c   0x00000094   Data   RO         1416    .constdata          c_w.l(bigflt0.o)
    0x080052e0   0x080052e0   0x00000010   Data   RO         1161    .rodata.AHBPrescTable  system_stm32f4xx.o
    0x080052f0   0x080052f0   0x00000008   Data   RO         1162    .rodata.APBPrescTable  system_stm32f4xx.o
    0x080052f8   0x080052f8   0x00000004   Data   RO           27    .rodata.str1.1      maincpp.o
    0x080052fc   0x080052fc   0x00000020   Data   RO         1556    Region$$Table       anon$$obj.o
    0x0800531c   0x0800531c   0x0000001c   Data   RO         1442    locale$$data        c_w.l(lc_numeric_c.o)
    0x08005338   0x08005338   0x00000110   Data   RO         1481    locale$$data        c_w.l(lc_ctype_c.o)
    0x08005448   0x08005448   0x00000004   Data   RO           28    .init_array         maincpp.o
    0x0800544c   0x08005448   0x00000000   Data   RO         1203    .init_array         c_w.l(init_aeabi.o)


    Execution Region RW_IRAM2 (Exec base: 0x10000000, Load base: 0x08005460, Size: 0x00000000, Max: 0x00010000, ABSOLUTE)

    **** No section assigned to this execution region ****


    Execution Region RW_IRAM1 (Exec base: 0x20000000, Load base: 0x08005450, Size: 0x000045c0, Max: 0x00030000, ABSOLUTE)

    Exec Addr    Load Addr    Size         Type   Attr      Idx    E Section Name        Object

    0x20000000   0x08005450   0x00000004   Data   RW         1160    .data.SystemCoreClock  system_stm32f4xx.o
    0x20000004   0x08005454   0x00000001   Data   RW          655    .data.uwTickFreq    stm32f4xx_hal.o
    0x20000005   0x08005455   0x00000003   PAD
    0x20000008   0x08005458   0x00000004   Data   RW          654    .data.uwTickPrio    stm32f4xx_hal.o
    0x2000000c   0x0800545c   0x00000004   PAD
    0x20000010        -       0x00000060   Zero   RW         1471    .bss                c_w.l(libspace.o)
    0x20000070        -       0x00000004   Zero   RW          120    .bss.HAL_RCC_CAN1_CLK_ENABLED  stm32f4xx_hal_msp.o
    0x20000074        -       0x00000008   Zero   RW           25    .bss.common_buffer  maincpp.o
    0x2000007c        -       0x00000028   Zero   RW           68    .bss.hcan1          main.o
    0x200000a4        -       0x00000028   Zero   RW           69    .bss.hcan2          main.o
    0x200000cc        -       0x00000048   Zero   RW          134    .bss.htim13         stm32f4xx_hal_timebase_tim.o
    0x20000114        -       0x00000048   Zero   RW           70    .bss.huart7         main.o
    0x2000015c        -       0x00000060   Zero   RW           26    .bss.motor          maincpp.o
    0x200001bc        -       0x00000004   Zero   RW          656    .bss.uwTick         stm32f4xx_hal.o
    0x200001c0        -       0x00004000   Zero   RW            2    HEAP                startup_stm32f427xx.o
    0x200041c0        -       0x00000400   Zero   RW            1    STACK               startup_stm32f427xx.o


==============================================================================

Image component sizes


      Code (inc. data)   RO Data    RW Data    ZI Data      Debug   Object Name

       678          0          0          0        152       9234   main.o
       782          0          8          0        104      12818   maincpp.o
       514          0          0          0          0       3824   motor.o
        64         26        428          0      17408        828   startup_stm32f427xx.o
       158          0          0          5          4       7455   stm32f4xx_hal.o
      3208          0          0          0          0      11488   stm32f4xx_hal_can.o
       384          0          0          0          0       9791   stm32f4xx_hal_cortex.o
      1006          0          0          0          0       5148   stm32f4xx_hal_gpio.o
       610          0          0          0          4       9055   stm32f4xx_hal_msp.o
       190          0          0          0          0       4429   stm32f4xx_hal_pwr_ex.o
      2730          0          0          0          0       7588   stm32f4xx_hal_rcc.o
      1412          0          0          0          0      35824   stm32f4xx_hal_tim.o
        16          0          0          0          0      15239   stm32f4xx_hal_tim_ex.o
       240          0          0          0         72       7254   stm32f4xx_hal_timebase_tim.o
      1142          0          0          0          0      20209   stm32f4xx_hal_uart.o
        76          0          0          0          0       1272   stm32f4xx_it.o
        18          0         24          4          0       2549   system_stm32f4xx.o

    ----------------------------------------------------------------------
     13316         26        492         12      17748     164005   Object Totals
         0          0         32          0          0          0   (incl. Generated)
        88          0          0          3          4          0   (incl. Padding)

    ----------------------------------------------------------------------

      Code (inc. data)   RO Data    RW Data    ZI Data      Debug   Library Member Name

         8          0          0          0          0         68   __main.o
       392          4         17          0          0         92   __printf_flags_ss_wp.o
        14          0          0          0          0         68   __printf_wp.o
         0          0          0          0          0          0   __rtentry.o
        12          0          0          0          0          0   __rtentry2.o
         6          0          0          0          0          0   __rtentry4.o
        52          8          0          0          0          0   __scatter.o
        26          0          0          0          0          0   __scatter_copy.o
        28          0          0          0          0          0   __scatter_zi.o
        72          0          0          0          0         96   _c16rtomb.o
         6          0          0          0          0          0   _printf_a.o
         6          0          0          0          0          0   _printf_c.o
        44          0          0          0          0        108   _printf_char.o
        48          6          0          0          0         96   _printf_char_common.o
        40          0          0          0          0         68   _printf_charcount.o
         6          0          0          0          0          0   _printf_d.o
       120         16          0          0          0         92   _printf_dec.o
         6          0          0          0          0          0   _printf_e.o
         6          0          0          0          0          0   _printf_f.o
      1052          0          0          0          0        148   _printf_fp_dec.o
       764          8         38          0          0        100   _printf_fp_hex.o
       128         16          0          0          0         84   _printf_fp_infnan.o
         6          0          0          0          0          0   _printf_g.o
       148          4         40          0          0        160   _printf_hex_int_ll_ptr.o
         6          0          0          0          0          0   _printf_i.o
       178          0          0          0          0         88   _printf_intcommon.o
        10          0          0          0          0          0   _printf_l.o
         6          0          0          0          0          0   _printf_lc.o
        10          0          0          0          0          0   _printf_ll.o
         6          0          0          0          0          0   _printf_lld.o
         6          0          0          0          0          0   _printf_lli.o
         6          0          0          0          0          0   _printf_llo.o
         6          0          0          0          0          0   _printf_llu.o
         6          0          0          0          0          0   _printf_llx.o
       124         16          0          0          0         92   _printf_longlong_dec.o
         6          0          0          0          0          0   _printf_ls.o
         6          0          0          0          0          0   _printf_n.o
         6          0          0          0          0          0   _printf_o.o
       112          8          0          0          0        124   _printf_oct_int_ll.o
         6          0          0          0          0          0   _printf_p.o
        78          0          0          0          0        108   _printf_pad.o
         0          0          0          0          0          0   _printf_percent.o
         4          0          0          0          0          0   _printf_percent_end.o
         6          0          0          0          0          0   _printf_s.o
        82          0          0          0          0         80   _printf_str.o
        36          0          0          0          0         84   _printf_truncate.o
         6          0          0          0          0          0   _printf_u.o
        44          0          0          0          0        108   _printf_wchar.o
       188          6          8          0          0         92   _printf_wctomb.o
         6          0          0          0          0          0   _printf_x.o
        10          0          0          0          0         68   _sputc.o
       228          4        148          0          0         96   bigflt0.o
      1936        128          0          0          0        668   btod.o
        18          0          0          0          0         80   exit.o
         6          0          0          0          0        152   heapauxi.o
         0          0          0          0          0          0   indicate_semi.o
        36          8          0          0          0         80   init_aeabi.o
        44         10        272          0          0         76   lc_ctype_c.o
        44         10         28          0          0         76   lc_numeric_c.o
         2          0          0          0          0          0   libinit.o
        38          0          0          0          0          0   libinit2.o
         2          0          0          0          0          0   libshutdown.o
         2          0          0          0          0          0   libshutdown2.o
         8          4          0          0         96         68   libspace.o
       138          0          0          0          0         80   lludiv10.o
       240          0          0          0          0        100   lludivv7m.o
        16          4          0          0          0         76   rt_ctype_table.o
         8          4          0          0          0         68   rt_locale_intlibspace.o
        78          0          0          0          0         80   rt_memclr_w.o
         2          0          0          0          0          0   rtexit.o
        10          0          0          0          0          0   rtexit2.o
       124          0          0          0          0         88   strcmpv7em.o
        62          0          0          0          0         76   strlen.o
        12          4          0          0          0         68   sys_exit.o
        74          0          0          0          0         80   sys_stackheap_outer.o
         2          0          0          0          0         68   use_no_semi.o
        36          4          0          0          0         76   vsprintf.o
        26          0          0          0          0        116   fpinit.o
         4          0          0          0          0        116   printf1.o
         4          0          0          0          0        116   printf2.o
         0          0          0          0          0          0   usenofp.o
        48          0          0          0          0        124   fpclassify.o

    ----------------------------------------------------------------------
      7220        276        552          0         96       4652   Library Totals
        22          4          1          0          0          0   (incl. Padding)

    ----------------------------------------------------------------------

      Code (inc. data)   RO Data    RW Data    ZI Data      Debug   Library Name

      7116        272        551          0         96       4180   c_w.l
        34          0          0          0          0        348   fz_wm.l
        48          0          0          0          0        124   m_wm.l

    ----------------------------------------------------------------------
      7220        276        552          0         96       4652   Library Totals

    ----------------------------------------------------------------------

==============================================================================


      Code (inc. data)   RO Data    RW Data    ZI Data      Debug   

     20536        302       1044         12      17844     165921   Grand Totals
     20536        302       1044         12      17844     165921   ELF Image Totals
     20536        302       1044         12          0          0   ROM Totals

==============================================================================

    Total RO  Size (Code + RO Data)                21580 (  21.07kB)
    Total RW  Size (RW Data + ZI Data)             17856 (  17.44kB)
    Total ROM Size (Code + RO Data + RW Data)      21592 (  21.09kB)

==============================================================================

